AR divclock_muser_final_v1 behavioral C:/Users/John/Documents/PHYS301_FinalProject/final_v1.vhf sub00/vhpl49 1544659989
AR dcm_100m behavioral C:/Users/John/Documents/PHYS301_FinalProject/DCM_100M.vhd sub00/vhpl03 1544659943
AR sram32x8_generic behavioral C:/Users/John/Documents/PHYS301_FinalProject/sRAM32x8_generic.vhd sub00/vhpl05 1544659945
AR instructioncontrol_muser_final_v1 behavioral C:/Users/John/Documents/PHYS301_FinalProject/final_v1.vhf sub00/vhpl35 1544659975
AR prog_counter_muser_final_v1 behavioral C:/Users/John/Documents/PHYS301_FinalProject/final_v1.vhf sub00/vhpl59 1544659999
EN shiftreg_hex2d NULL C:/Users/John/Documents/PHYS301_FinalProject/shiftreg_hex2D.vhd sub00/vhpl16 1544659956
EN adsu8_mxilinx_alu_v4 NULL C:/Users/John/Documents/PHYS301_FinalProject/ALU_v4.vhf sub00/vhpl68 1544660008
EN twos_comp_muser_alu_v4 NULL C:/Users/John/Documents/PHYS301_FinalProject/ALU_v4.vhf sub00/vhpl72 1544660012
AR fd8re_mxilinx_maincontrolunit behavioral C:/Users/John/Documents/PHYS301_FinalProject/MainControlUnit.vhf sub00/vhpl89 1544660029
AR key_detect behavioral C:/Users/John/Documents/PHYS301_FinalProject/key_detect.vhd sub00/vhpl07 1544659947
AR and8_mxilinx_maincontrolunit behavioral C:/Users/John/Documents/PHYS301_FinalProject/MainControlUnit.vhf sub00/vhpl81 1544660021
AR ftclex_mxilinx_final_v1 behavioral C:/Users/John/Documents/PHYS301_FinalProject/final_v1.vhf sub00/vhpl55 1544659995
AR memory_muser_final_v1 behavioral C:/Users/John/Documents/PHYS301_FinalProject/final_v1.vhf sub00/vhpl63 1544660003
AR maincontrolunit_muser_final_v1 behavioral C:/Users/John/Documents/PHYS301_FinalProject/final_v1.vhf sub00/vhpl45 1544659985
EN fd8re_mxilinx_workingregisters NULL C:/Users/John/Documents/PHYS301_FinalProject/WorkingRegisters.vhf sub01/vhpl144 1544660084
AR m2_1b1_mxilinx_final_v1 behavioral C:/Users/John/Documents/PHYS301_FinalProject/final_v1.vhf sub00/vhpl53 1544659993
AR signals_muser_controlunit behavioral C:/Users/John/Documents/PHYS301_FinalProject/ControlUnit.vhf sub01/vhpl117 1544660057
EN signals NULL C:/Users/John/Documents/PHYS301_FinalProject/Signals.vhf sub01/vhpl152 1544660092
EN twos_comp NULL C:/Users/John/Documents/PHYS301_FinalProject/twos_comp.vhf sub01/vhpl134 1544660074
AR keypad_input behavioral C:/Users/John/Documents/PHYS301_FinalProject/keypad_input.vhf sub00/vhpl77 1544660017
AR key4_dbnc behavioral C:/Users/John/Documents/PHYS301_FinalProject/key4_dbnc.vhd sub00/vhpl15 1544659955
EN fd8re_mxilinx_maincontrolunit NULL C:/Users/John/Documents/PHYS301_FinalProject/MainControlUnit.vhf sub00/vhpl88 1544660028
AR alu_v4_muser_final_v1 behavioral C:/Users/John/Documents/PHYS301_FinalProject/final_v1.vhf sub00/vhpl27 1544659967
EN signals_muser_instructioncontrol NULL C:/Users/John/Documents/PHYS301_FinalProject/InstructionControl.vhf sub01/vhpl140 1544660080
EN cb8cled_mxilinx_prog_counter NULL C:/Users/John/Documents/PHYS301_FinalProject/Prog_Counter.vhf sub01/vhpl108 1544660048
AR clocksignalcontroller_muser_instructioncontrol behavioral C:/Users/John/Documents/PHYS301_FinalProject/InstructionControl.vhf sub01/vhpl137 1544660077
EN and8_mxilinx_maincontrolunit NULL C:/Users/John/Documents/PHYS301_FinalProject/MainControlUnit.vhf sub00/vhpl80 1544660020
EN controlunit_muser_maincontrolunit NULL C:/Users/John/Documents/PHYS301_FinalProject/MainControlUnit.vhf sub00/vhpl86 1544660026
AR add8_mxilinx_final_v1 behavioral C:/Users/John/Documents/PHYS301_FinalProject/final_v1.vhf sub00/vhpl23 1544659963
EN add8_mxilinx_twos_comp NULL C:/Users/John/Documents/PHYS301_FinalProject/twos_comp.vhf sub01/vhpl132 1544660072
AR fd8re_mxilinx_workingregisters behavioral C:/Users/John/Documents/PHYS301_FinalProject/WorkingRegisters.vhf sub01/vhpl145 1544660085
EN alu_v4_muser_final_v1 NULL C:/Users/John/Documents/PHYS301_FinalProject/final_v1.vhf sub00/vhpl26 1544659966
EN signals_muser_final_v1 NULL C:/Users/John/Documents/PHYS301_FinalProject/final_v1.vhf sub00/vhpl32 1544659972
AR and8_mxilinx_controlunit behavioral C:/Users/John/Documents/PHYS301_FinalProject/ControlUnit.vhf sub01/vhpl115 1544660055
EN m2_1_mxilinx_final_v1 NULL C:/Users/John/Documents/PHYS301_FinalProject/final_v1.vhf sub00/vhpl50 1544659990
EN and8_mxilinx_signals NULL C:/Users/John/Documents/PHYS301_FinalProject/Signals.vhf sub01/vhpl150 1544660090
EN divclock_muser_final_v1 NULL C:/Users/John/Documents/PHYS301_FinalProject/final_v1.vhf sub00/vhpl48 1544659988
EN nor8_mxilinx_final_v1 NULL C:/Users/John/Documents/PHYS301_FinalProject/final_v1.vhf sub00/vhpl18 1544659958
AR divclock behavioral C:/Users/John/Documents/PHYS301_FinalProject/DivClock.vhf sub01/vhpl125 1544660065
AR cb8cled_mxilinx_prog_counter behavioral C:/Users/John/Documents/PHYS301_FinalProject/Prog_Counter.vhf sub01/vhpl109 1544660049
EN add8_mxilinx_alu_v4 NULL C:/Users/John/Documents/PHYS301_FinalProject/ALU_v4.vhf sub00/vhpl70 1544660010
EN instructioncontrol_muser_maincontrolunit NULL C:/Users/John/Documents/PHYS301_FinalProject/MainControlUnit.vhf sub00/vhpl84 1544660024
EN final_v1 NULL C:/Users/John/Documents/PHYS301_FinalProject/final_v1.vhf sub00/vhpl64 1544660004
EN maincontrolunit NULL C:/Users/John/Documents/PHYS301_FinalProject/MainControlUnit.vhf sub00/vhpl94 1544660034
AR fd8re_mxilinx_registerbank behavioral C:/Users/John/Documents/PHYS301_FinalProject/RegisterBank.vhf sub01/vhpl127 1544660067
AR keypad_input_muser_final_v1 behavioral C:/Users/John/Documents/PHYS301_FinalProject/final_v1.vhf sub00/vhpl61 1544660001
EN signals_muser_controlunit NULL C:/Users/John/Documents/PHYS301_FinalProject/ControlUnit.vhf sub01/vhpl116 1544660056
AR twos_comp behavioral C:/Users/John/Documents/PHYS301_FinalProject/twos_comp.vhf sub01/vhpl135 1544660075
EN fd8re_mxilinx_final_v1 NULL C:/Users/John/Documents/PHYS301_FinalProject/final_v1.vhf sub00/vhpl38 1544659978
EN nor8_mxilinx_alu_v4 NULL C:/Users/John/Documents/PHYS301_FinalProject/ALU_v4.vhf sub00/vhpl66 1544660006
EN m2_1b1_mxilinx_prog_counter NULL C:/Users/John/Documents/PHYS301_FinalProject/Prog_Counter.vhf sub01/vhpl104 1544660044
EN fjkc_mxilinx_final_v1 NULL C:/Users/John/Documents/PHYS301_FinalProject/final_v1.vhf sub00/vhpl46 1544659986
EN m2_1b1_mxilinx_final_v1 NULL C:/Users/John/Documents/PHYS301_FinalProject/final_v1.vhf sub00/vhpl52 1544659992
AR adsu8_mxilinx_alu_v4 behavioral C:/Users/John/Documents/PHYS301_FinalProject/ALU_v4.vhf sub00/vhpl69 1544660009
EN divclock_muser_prog_counter NULL C:/Users/John/Documents/PHYS301_FinalProject/Prog_Counter.vhf sub01/vhpl100 1544660040
AR maincontrolunit behavioral C:/Users/John/Documents/PHYS301_FinalProject/MainControlUnit.vhf sub00/vhpl95 1544660035
AR fjkc_mxilinx_divclock behavioral C:/Users/John/Documents/PHYS301_FinalProject/DivClock.vhf sub01/vhpl123 1544660063
AR controlunit_muser_maincontrolunit behavioral C:/Users/John/Documents/PHYS301_FinalProject/MainControlUnit.vhf sub00/vhpl87 1544660027
AR and8_mxilinx_signals behavioral C:/Users/John/Documents/PHYS301_FinalProject/Signals.vhf sub01/vhpl151 1544660091
AR registerbank_muser_final_v1 behavioral C:/Users/John/Documents/PHYS301_FinalProject/final_v1.vhf sub00/vhpl43 1544659983
EN instructioncontrol NULL C:/Users/John/Documents/PHYS301_FinalProject/InstructionControl.vhf sub01/vhpl142 1544660082
AR workingregisters_muser_maincontrolunit behavioral C:/Users/John/Documents/PHYS301_FinalProject/MainControlUnit.vhf sub00/vhpl91 1544660031
AR nor8_mxilinx_alu_v4 behavioral C:/Users/John/Documents/PHYS301_FinalProject/ALU_v4.vhf sub00/vhpl67 1544660007
EN registerbank NULL C:/Users/John/Documents/PHYS301_FinalProject/RegisterBank.vhf sub01/vhpl130 1544660070
AR twos_comp_muser_alu_v4 behavioral C:/Users/John/Documents/PHYS301_FinalProject/ALU_v4.vhf sub00/vhpl73 1544660013
AR instructioncontrol_muser_controlunit behavioral C:/Users/John/Documents/PHYS301_FinalProject/ControlUnit.vhf sub01/vhpl119 1544660059
AR clocksignalcontroller_muser_final_v1 behavioral C:/Users/John/Documents/PHYS301_FinalProject/final_v1.vhf sub00/vhpl29 1544659969
EN keypad_input_muser_final_v1 NULL C:/Users/John/Documents/PHYS301_FinalProject/final_v1.vhf sub00/vhpl60 1544660000
EN m2_1_mxilinx_prog_counter NULL C:/Users/John/Documents/PHYS301_FinalProject/Prog_Counter.vhf sub01/vhpl102 1544660042
EN dcm_100m NULL C:/Users/John/Documents/PHYS301_FinalProject/DCM_100M.vhd sub00/vhpl02 1544659942
AR registerbank_muser_maincontrolunit behavioral C:/Users/John/Documents/PHYS301_FinalProject/MainControlUnit.vhf sub00/vhpl93 1544660033
AR cb8cled_mxilinx_final_v1 behavioral C:/Users/John/Documents/PHYS301_FinalProject/final_v1.vhf sub00/vhpl57 1544659997
EN registerbank_muser_final_v1 NULL C:/Users/John/Documents/PHYS301_FinalProject/final_v1.vhf sub00/vhpl42 1544659982
EN clocksignalcontroller_muser_final_v1 NULL C:/Users/John/Documents/PHYS301_FinalProject/final_v1.vhf sub00/vhpl28 1544659968
EN decoder16keyen NULL C:/Users/John/Documents/PHYS301_FinalProject/decoder16keyEn.vhd sub00/vhpl10 1544659950
EN add8_mxilinx_final_v1 NULL C:/Users/John/Documents/PHYS301_FinalProject/final_v1.vhf sub00/vhpl22 1544659962
AR instructioncontrol behavioral C:/Users/John/Documents/PHYS301_FinalProject/InstructionControl.vhf sub01/vhpl143 1544660083
EN fjkc_mxilinx_prog_counter NULL C:/Users/John/Documents/PHYS301_FinalProject/Prog_Counter.vhf sub00/vhpl98 1544660038
AR divclock_muser_prog_counter behavioral C:/Users/John/Documents/PHYS301_FinalProject/Prog_Counter.vhf sub01/vhpl101 1544660041
EN memory NULL C:/Users/John/Documents/PHYS301_FinalProject/memory.vhf sub00/vhpl96 1544660036
EN key_detect NULL C:/Users/John/Documents/PHYS301_FinalProject/key_detect.vhd sub00/vhpl06 1544659946
AR and8_mxilinx_final_v1 behavioral C:/Users/John/Documents/PHYS301_FinalProject/final_v1.vhf sub00/vhpl31 1544659971
EN cb8cled_mxilinx_final_v1 NULL C:/Users/John/Documents/PHYS301_FinalProject/final_v1.vhf sub00/vhpl56 1544659996
EN registerbank_muser_maincontrolunit NULL C:/Users/John/Documents/PHYS301_FinalProject/MainControlUnit.vhf sub00/vhpl92 1544660032
EN sram32x8_generic NULL C:/Users/John/Documents/PHYS301_FinalProject/sRAM32x8_generic.vhd sub00/vhpl04 1544659944
AR prog_counter behavioral C:/Users/John/Documents/PHYS301_FinalProject/Prog_Counter.vhf sub01/vhpl111 1544660051
EN divclock NULL C:/Users/John/Documents/PHYS301_FinalProject/DivClock.vhf sub01/vhpl124 1544660064
EN clocksignalcontroller_muser_maincontrolunit NULL C:/Users/John/Documents/PHYS301_FinalProject/MainControlUnit.vhf sub00/vhpl78 1544660018
EN key4_dbnc NULL C:/Users/John/Documents/PHYS301_FinalProject/key4_dbnc.vhd sub00/vhpl14 1544659954
EN fjkc_mxilinx_divclock NULL C:/Users/John/Documents/PHYS301_FinalProject/DivClock.vhf sub01/vhpl122 1544660062
AR ftclex_mxilinx_prog_counter behavioral C:/Users/John/Documents/PHYS301_FinalProject/Prog_Counter.vhf sub01/vhpl107 1544660047
EN controlunit_muser_final_v1 NULL C:/Users/John/Documents/PHYS301_FinalProject/final_v1.vhf sub00/vhpl36 1544659976
AR oneshot behavioral C:/Users/John/Documents/PHYS301_FinalProject/oneshot.vhd sub00/vhpl13 1544659953
EN instructioncontrol_muser_final_v1 NULL C:/Users/John/Documents/PHYS301_FinalProject/final_v1.vhf sub00/vhpl34 1544659974
EN adsu8_mxilinx_final_v1 NULL C:/Users/John/Documents/PHYS301_FinalProject/final_v1.vhf sub00/vhpl20 1544659960
EN twos_comp_muser_final_v1 NULL C:/Users/John/Documents/PHYS301_FinalProject/final_v1.vhf sub00/vhpl24 1544659964
EN col_strobe NULL C:/Users/John/Documents/PHYS301_FinalProject/col_strobe.vhd sub00/vhpl08 1544659948
AR workingregisters_muser_final_v1 behavioral C:/Users/John/Documents/PHYS301_FinalProject/final_v1.vhf sub00/vhpl41 1544659981
AR memory behavioral C:/Users/John/Documents/PHYS301_FinalProject/memory.vhf sub00/vhpl97 1544660037
EN keypad_input NULL C:/Users/John/Documents/PHYS301_FinalProject/keypad_input.vhf sub00/vhpl76 1544660016
AR workingregisters_muser_registerbank behavioral C:/Users/John/Documents/PHYS301_FinalProject/RegisterBank.vhf sub01/vhpl129 1544660069
AR instructioncontrol_muser_maincontrolunit behavioral C:/Users/John/Documents/PHYS301_FinalProject/MainControlUnit.vhf sub00/vhpl85 1544660025
AR decoder16keyen doric C:/Users/John/Documents/PHYS301_FinalProject/decoder16keyEn.vhd sub00/vhpl11 1544659951
EN clocksignalcontroller_muser_instructioncontrol NULL C:/Users/John/Documents/PHYS301_FinalProject/InstructionControl.vhf sub01/vhpl136 1544660076
EN controlunit NULL C:/Users/John/Documents/PHYS301_FinalProject/ControlUnit.vhf sub01/vhpl120 1544660060
AR adsu8_mxilinx_final_v1 behavioral C:/Users/John/Documents/PHYS301_FinalProject/final_v1.vhf sub00/vhpl21 1544659961
AR alu_v4 behavioral C:/Users/John/Documents/PHYS301_FinalProject/ALU_v4.vhf sub00/vhpl75 1544660015
EN workingregisters_muser_final_v1 NULL C:/Users/John/Documents/PHYS301_FinalProject/final_v1.vhf sub00/vhpl40 1544659980
AR col_strobe behavioral C:/Users/John/Documents/PHYS301_FinalProject/col_strobe.vhd sub00/vhpl09 1544659949
AR workingregisters behavioral C:/Users/John/Documents/PHYS301_FinalProject/WorkingRegisters.vhf sub01/vhpl147 1544660087
AR signals_muser_instructioncontrol behavioral C:/Users/John/Documents/PHYS301_FinalProject/InstructionControl.vhf sub01/vhpl141 1544660081
AR m2_1_mxilinx_prog_counter behavioral C:/Users/John/Documents/PHYS301_FinalProject/Prog_Counter.vhf sub01/vhpl103 1544660043
AR signals_muser_final_v1 behavioral C:/Users/John/Documents/PHYS301_FinalProject/final_v1.vhf sub00/vhpl33 1544659973
EN fd8re_mxilinx_registerbank NULL C:/Users/John/Documents/PHYS301_FinalProject/RegisterBank.vhf sub01/vhpl126 1544660066
EN alu_v4 NULL C:/Users/John/Documents/PHYS301_FinalProject/ALU_v4.vhf sub00/vhpl74 1544660014
EN instructioncontrol_muser_controlunit NULL C:/Users/John/Documents/PHYS301_FinalProject/ControlUnit.vhf sub01/vhpl118 1544660058
AR final_v1 behavioral C:/Users/John/Documents/PHYS301_FinalProject/final_v1.vhf sub00/vhpl65 1544660005
EN workingregisters_muser_registerbank NULL C:/Users/John/Documents/PHYS301_FinalProject/RegisterBank.vhf sub01/vhpl128 1544660068
AR nor8_mxilinx_final_v1 behavioral C:/Users/John/Documents/PHYS301_FinalProject/final_v1.vhf sub00/vhpl19 1544659959
EN clocksignalcontroller NULL C:/Users/John/Documents/PHYS301_FinalProject/ClockSignalController.vhf sub01/vhpl148 1544660088
AR and8_mxilinx_instructioncontrol behavioral C:/Users/John/Documents/PHYS301_FinalProject/InstructionControl.vhf sub01/vhpl139 1544660079
AR fd8re_mxilinx_final_v1 behavioral C:/Users/John/Documents/PHYS301_FinalProject/final_v1.vhf sub00/vhpl39 1544659979
AR registerbank behavioral C:/Users/John/Documents/PHYS301_FinalProject/RegisterBank.vhf sub01/vhpl131 1544660071
AR signals_muser_maincontrolunit behavioral C:/Users/John/Documents/PHYS301_FinalProject/MainControlUnit.vhf sub00/vhpl83 1544660023
EN memory_muser_final_v1 NULL C:/Users/John/Documents/PHYS301_FinalProject/final_v1.vhf sub00/vhpl62 1544660002
EN clocksignalcontroller_muser_controlunit NULL C:/Users/John/Documents/PHYS301_FinalProject/ControlUnit.vhf sub01/vhpl112 1544660052
AR add8_mxilinx_alu_v4 behavioral C:/Users/John/Documents/PHYS301_FinalProject/ALU_v4.vhf sub00/vhpl71 1544660011
EN ftclex_mxilinx_final_v1 NULL C:/Users/John/Documents/PHYS301_FinalProject/final_v1.vhf sub00/vhpl54 1544659994
AR signals behavioral C:/Users/John/Documents/PHYS301_FinalProject/Signals.vhf sub01/vhpl153 1544660093
AR shiftreg_hex2d behavioral C:/Users/John/Documents/PHYS301_FinalProject/shiftreg_hex2D.vhd sub00/vhpl17 1544659957
AR fjkc_mxilinx_final_v1 behavioral C:/Users/John/Documents/PHYS301_FinalProject/final_v1.vhf sub00/vhpl47 1544659987
EN prog_counter NULL C:/Users/John/Documents/PHYS301_FinalProject/Prog_Counter.vhf sub01/vhpl110 1544660050
EN workingregisters_muser_maincontrolunit NULL C:/Users/John/Documents/PHYS301_FinalProject/MainControlUnit.vhf sub00/vhpl90 1544660030
EN and8_mxilinx_final_v1 NULL C:/Users/John/Documents/PHYS301_FinalProject/final_v1.vhf sub00/vhpl30 1544659970
AR fjkc_mxilinx_prog_counter behavioral C:/Users/John/Documents/PHYS301_FinalProject/Prog_Counter.vhf sub00/vhpl99 1544660039
EN workingregisters NULL C:/Users/John/Documents/PHYS301_FinalProject/WorkingRegisters.vhf sub01/vhpl146 1544660086
AR clocksignalcontroller_muser_controlunit behavioral C:/Users/John/Documents/PHYS301_FinalProject/ControlUnit.vhf sub01/vhpl113 1544660053
AR controlunit_muser_final_v1 behavioral C:/Users/John/Documents/PHYS301_FinalProject/final_v1.vhf sub00/vhpl37 1544659977
AR clocksignalcontroller_muser_maincontrolunit behavioral C:/Users/John/Documents/PHYS301_FinalProject/MainControlUnit.vhf sub00/vhpl79 1544660019
AR m2_1_mxilinx_final_v1 behavioral C:/Users/John/Documents/PHYS301_FinalProject/final_v1.vhf sub00/vhpl51 1544659991
EN and8_mxilinx_instructioncontrol NULL C:/Users/John/Documents/PHYS301_FinalProject/InstructionControl.vhf sub01/vhpl138 1544660078
AR clocksignalcontroller behavioral C:/Users/John/Documents/PHYS301_FinalProject/ClockSignalController.vhf sub01/vhpl149 1544660089
AR controlunit behavioral C:/Users/John/Documents/PHYS301_FinalProject/ControlUnit.vhf sub01/vhpl121 1544660061
EN signals_muser_maincontrolunit NULL C:/Users/John/Documents/PHYS301_FinalProject/MainControlUnit.vhf sub00/vhpl82 1544660022
AR add8_mxilinx_twos_comp behavioral C:/Users/John/Documents/PHYS301_FinalProject/twos_comp.vhf sub01/vhpl133 1544660073
EN switch_debounce NULL C:/Users/John/Documents/PHYS301_FinalProject/debounce.vhd sub00/vhpl00 1544659940
EN and8_mxilinx_controlunit NULL C:/Users/John/Documents/PHYS301_FinalProject/ControlUnit.vhf sub01/vhpl114 1544660054
EN maincontrolunit_muser_final_v1 NULL C:/Users/John/Documents/PHYS301_FinalProject/final_v1.vhf sub00/vhpl44 1544659984
AR m2_1b1_mxilinx_prog_counter behavioral C:/Users/John/Documents/PHYS301_FinalProject/Prog_Counter.vhf sub01/vhpl105 1544660045
AR switch_debounce behavioral C:/Users/John/Documents/PHYS301_FinalProject/debounce.vhd sub00/vhpl01 1544659941
AR twos_comp_muser_final_v1 behavioral C:/Users/John/Documents/PHYS301_FinalProject/final_v1.vhf sub00/vhpl25 1544659965
EN prog_counter_muser_final_v1 NULL C:/Users/John/Documents/PHYS301_FinalProject/final_v1.vhf sub00/vhpl58 1544659998
EN oneshot NULL C:/Users/John/Documents/PHYS301_FinalProject/oneshot.vhd sub00/vhpl12 1544659952
EN ftclex_mxilinx_prog_counter NULL C:/Users/John/Documents/PHYS301_FinalProject/Prog_Counter.vhf sub01/vhpl106 1544660046
