AR divclock_muser_final_v1 behavioral C:/Users/John/Documents/PHYS301_FinalProject/final_v1.vhf sub00/vhpl49 1544665601
AR dcm_100m behavioral C:/Users/John/Documents/PHYS301_FinalProject/DCM_100M.vhd sub00/vhpl03 1544665555
AR sram32x8_generic behavioral C:/Users/John/Documents/PHYS301_FinalProject/sRAM32x8_generic.vhd sub00/vhpl05 1544665557
AR instructioncontrol_muser_final_v1 behavioral C:/Users/John/Documents/PHYS301_FinalProject/final_v1.vhf sub00/vhpl25 1544665577
AR prog_counter_muser_final_v1 behavioral C:/Users/John/Documents/PHYS301_FinalProject/final_v1.vhf sub00/vhpl59 1544665611
EN shiftreg_hex2d NULL C:/Users/John/Documents/PHYS301_FinalProject/shiftreg_hex2D.vhd sub00/vhpl16 1544665568
EN adsu8_mxilinx_alu_v4 NULL C:/Users/John/Documents/PHYS301_FinalProject/ALU_v4.vhf sub00/vhpl68 1544665620
EN twos_comp_muser_alu_v4 NULL C:/Users/John/Documents/PHYS301_FinalProject/ALU_v4.vhf sub00/vhpl72 1544665624
AR fd8re_mxilinx_maincontrolunit behavioral C:/Users/John/Documents/PHYS301_FinalProject/MainControlUnit.vhf sub00/vhpl89 1544665641
AR key_detect behavioral C:/Users/John/Documents/PHYS301_FinalProject/key_detect.vhd sub00/vhpl07 1544665559
AR and8_mxilinx_maincontrolunit behavioral C:/Users/John/Documents/PHYS301_FinalProject/MainControlUnit.vhf sub00/vhpl81 1544665633
AR ftclex_mxilinx_final_v1 behavioral C:/Users/John/Documents/PHYS301_FinalProject/final_v1.vhf sub00/vhpl55 1544665607
AR memory_muser_final_v1 behavioral C:/Users/John/Documents/PHYS301_FinalProject/final_v1.vhf sub00/vhpl61 1544665613
AR maincontrolunit_muser_final_v1 behavioral C:/Users/John/Documents/PHYS301_FinalProject/final_v1.vhf sub00/vhpl35 1544665587
EN fd8re_mxilinx_workingregisters NULL C:/Users/John/Documents/PHYS301_FinalProject/WorkingRegisters.vhf sub01/vhpl144 1544665696
AR m2_1b1_mxilinx_final_v1 behavioral C:/Users/John/Documents/PHYS301_FinalProject/final_v1.vhf sub00/vhpl53 1544665605
AR signals_muser_controlunit behavioral C:/Users/John/Documents/PHYS301_FinalProject/ControlUnit.vhf sub01/vhpl117 1544665669
EN signals NULL C:/Users/John/Documents/PHYS301_FinalProject/Signals.vhf sub01/vhpl152 1544665704
EN twos_comp NULL C:/Users/John/Documents/PHYS301_FinalProject/twos_comp.vhf sub01/vhpl134 1544665686
AR keypad_input behavioral C:/Users/John/Documents/PHYS301_FinalProject/keypad_input.vhf sub00/vhpl77 1544665629
AR key4_dbnc behavioral C:/Users/John/Documents/PHYS301_FinalProject/key4_dbnc.vhd sub00/vhpl15 1544665567
EN fd8re_mxilinx_maincontrolunit NULL C:/Users/John/Documents/PHYS301_FinalProject/MainControlUnit.vhf sub00/vhpl88 1544665640
AR alu_v4_muser_final_v1 behavioral C:/Users/John/Documents/PHYS301_FinalProject/final_v1.vhf sub00/vhpl45 1544665597
EN signals_muser_instructioncontrol NULL C:/Users/John/Documents/PHYS301_FinalProject/InstructionControl.vhf sub01/vhpl140 1544665692
EN cb8cled_mxilinx_prog_counter NULL C:/Users/John/Documents/PHYS301_FinalProject/Prog_Counter.vhf sub01/vhpl108 1544665660
AR clocksignalcontroller_muser_instructioncontrol behavioral C:/Users/John/Documents/PHYS301_FinalProject/InstructionControl.vhf sub01/vhpl137 1544665689
EN and8_mxilinx_maincontrolunit NULL C:/Users/John/Documents/PHYS301_FinalProject/MainControlUnit.vhf sub00/vhpl80 1544665632
EN controlunit_muser_maincontrolunit NULL C:/Users/John/Documents/PHYS301_FinalProject/MainControlUnit.vhf sub00/vhpl86 1544665638
AR add8_mxilinx_final_v1 behavioral C:/Users/John/Documents/PHYS301_FinalProject/final_v1.vhf sub00/vhpl41 1544665593
EN add8_mxilinx_twos_comp NULL C:/Users/John/Documents/PHYS301_FinalProject/twos_comp.vhf sub01/vhpl132 1544665684
AR fd8re_mxilinx_workingregisters behavioral C:/Users/John/Documents/PHYS301_FinalProject/WorkingRegisters.vhf sub01/vhpl145 1544665697
EN alu_v4_muser_final_v1 NULL C:/Users/John/Documents/PHYS301_FinalProject/final_v1.vhf sub00/vhpl44 1544665596
EN signals_muser_final_v1 NULL C:/Users/John/Documents/PHYS301_FinalProject/final_v1.vhf sub00/vhpl22 1544665574
AR and8_mxilinx_controlunit behavioral C:/Users/John/Documents/PHYS301_FinalProject/ControlUnit.vhf sub01/vhpl115 1544665667
EN m2_1_mxilinx_final_v1 NULL C:/Users/John/Documents/PHYS301_FinalProject/final_v1.vhf sub00/vhpl50 1544665602
EN and8_mxilinx_signals NULL C:/Users/John/Documents/PHYS301_FinalProject/Signals.vhf sub01/vhpl150 1544665702
EN divclock_muser_final_v1 NULL C:/Users/John/Documents/PHYS301_FinalProject/final_v1.vhf sub00/vhpl48 1544665600
EN nor8_mxilinx_final_v1 NULL C:/Users/John/Documents/PHYS301_FinalProject/final_v1.vhf sub00/vhpl36 1544665588
AR divclock behavioral C:/Users/John/Documents/PHYS301_FinalProject/DivClock.vhf sub01/vhpl125 1544665677
AR cb8cled_mxilinx_prog_counter behavioral C:/Users/John/Documents/PHYS301_FinalProject/Prog_Counter.vhf sub01/vhpl109 1544665661
EN add8_mxilinx_alu_v4 NULL C:/Users/John/Documents/PHYS301_FinalProject/ALU_v4.vhf sub00/vhpl70 1544665622
EN instructioncontrol_muser_maincontrolunit NULL C:/Users/John/Documents/PHYS301_FinalProject/MainControlUnit.vhf sub00/vhpl84 1544665636
EN final_v1 NULL C:/Users/John/Documents/PHYS301_FinalProject/final_v1.vhf sub00/vhpl64 1544665616
EN maincontrolunit NULL C:/Users/John/Documents/PHYS301_FinalProject/MainControlUnit.vhf sub00/vhpl94 1544665646
AR fd8re_mxilinx_registerbank behavioral C:/Users/John/Documents/PHYS301_FinalProject/RegisterBank.vhf sub01/vhpl127 1544665679
AR keypad_input_muser_final_v1 behavioral C:/Users/John/Documents/PHYS301_FinalProject/final_v1.vhf sub00/vhpl63 1544665615
EN signals_muser_controlunit NULL C:/Users/John/Documents/PHYS301_FinalProject/ControlUnit.vhf sub01/vhpl116 1544665668
AR twos_comp behavioral C:/Users/John/Documents/PHYS301_FinalProject/twos_comp.vhf sub01/vhpl135 1544665687
EN fd8re_mxilinx_final_v1 NULL C:/Users/John/Documents/PHYS301_FinalProject/final_v1.vhf sub00/vhpl28 1544665580
EN nor8_mxilinx_alu_v4 NULL C:/Users/John/Documents/PHYS301_FinalProject/ALU_v4.vhf sub00/vhpl66 1544665618
EN m2_1b1_mxilinx_prog_counter NULL C:/Users/John/Documents/PHYS301_FinalProject/Prog_Counter.vhf sub01/vhpl104 1544665656
EN fjkc_mxilinx_final_v1 NULL C:/Users/John/Documents/PHYS301_FinalProject/final_v1.vhf sub00/vhpl46 1544665598
EN m2_1b1_mxilinx_final_v1 NULL C:/Users/John/Documents/PHYS301_FinalProject/final_v1.vhf sub00/vhpl52 1544665604
AR adsu8_mxilinx_alu_v4 behavioral C:/Users/John/Documents/PHYS301_FinalProject/ALU_v4.vhf sub00/vhpl69 1544665621
EN divclock_muser_prog_counter NULL C:/Users/John/Documents/PHYS301_FinalProject/Prog_Counter.vhf sub01/vhpl100 1544665652
AR maincontrolunit behavioral C:/Users/John/Documents/PHYS301_FinalProject/MainControlUnit.vhf sub00/vhpl95 1544665647
AR fjkc_mxilinx_divclock behavioral C:/Users/John/Documents/PHYS301_FinalProject/DivClock.vhf sub01/vhpl123 1544665675
AR controlunit_muser_maincontrolunit behavioral C:/Users/John/Documents/PHYS301_FinalProject/MainControlUnit.vhf sub00/vhpl87 1544665639
AR and8_mxilinx_signals behavioral C:/Users/John/Documents/PHYS301_FinalProject/Signals.vhf sub01/vhpl151 1544665703
AR registerbank_muser_final_v1 behavioral C:/Users/John/Documents/PHYS301_FinalProject/final_v1.vhf sub00/vhpl33 1544665585
EN instructioncontrol NULL C:/Users/John/Documents/PHYS301_FinalProject/InstructionControl.vhf sub01/vhpl142 1544665694
AR workingregisters_muser_maincontrolunit behavioral C:/Users/John/Documents/PHYS301_FinalProject/MainControlUnit.vhf sub00/vhpl91 1544665643
AR nor8_mxilinx_alu_v4 behavioral C:/Users/John/Documents/PHYS301_FinalProject/ALU_v4.vhf sub00/vhpl67 1544665619
EN registerbank NULL C:/Users/John/Documents/PHYS301_FinalProject/RegisterBank.vhf sub01/vhpl130 1544665682
AR twos_comp_muser_alu_v4 behavioral C:/Users/John/Documents/PHYS301_FinalProject/ALU_v4.vhf sub00/vhpl73 1544665625
AR instructioncontrol_muser_controlunit behavioral C:/Users/John/Documents/PHYS301_FinalProject/ControlUnit.vhf sub01/vhpl119 1544665671
AR clocksignalcontroller_muser_final_v1 behavioral C:/Users/John/Documents/PHYS301_FinalProject/final_v1.vhf sub00/vhpl19 1544665571
EN keypad_input_muser_final_v1 NULL C:/Users/John/Documents/PHYS301_FinalProject/final_v1.vhf sub00/vhpl62 1544665614
EN m2_1_mxilinx_prog_counter NULL C:/Users/John/Documents/PHYS301_FinalProject/Prog_Counter.vhf sub01/vhpl102 1544665654
EN dcm_100m NULL C:/Users/John/Documents/PHYS301_FinalProject/DCM_100M.vhd sub00/vhpl02 1544665554
AR registerbank_muser_maincontrolunit behavioral C:/Users/John/Documents/PHYS301_FinalProject/MainControlUnit.vhf sub00/vhpl93 1544665645
AR cb8cled_mxilinx_final_v1 behavioral C:/Users/John/Documents/PHYS301_FinalProject/final_v1.vhf sub00/vhpl57 1544665609
EN registerbank_muser_final_v1 NULL C:/Users/John/Documents/PHYS301_FinalProject/final_v1.vhf sub00/vhpl32 1544665584
EN clocksignalcontroller_muser_final_v1 NULL C:/Users/John/Documents/PHYS301_FinalProject/final_v1.vhf sub00/vhpl18 1544665570
EN decoder16keyen NULL C:/Users/John/Documents/PHYS301_FinalProject/decoder16keyEn.vhd sub00/vhpl10 1544665562
EN add8_mxilinx_final_v1 NULL C:/Users/John/Documents/PHYS301_FinalProject/final_v1.vhf sub00/vhpl40 1544665592
AR instructioncontrol behavioral C:/Users/John/Documents/PHYS301_FinalProject/InstructionControl.vhf sub01/vhpl143 1544665695
EN fjkc_mxilinx_prog_counter NULL C:/Users/John/Documents/PHYS301_FinalProject/Prog_Counter.vhf sub00/vhpl98 1544665650
AR divclock_muser_prog_counter behavioral C:/Users/John/Documents/PHYS301_FinalProject/Prog_Counter.vhf sub01/vhpl101 1544665653
EN memory NULL C:/Users/John/Documents/PHYS301_FinalProject/memory.vhf sub00/vhpl96 1544665648
EN key_detect NULL C:/Users/John/Documents/PHYS301_FinalProject/key_detect.vhd sub00/vhpl06 1544665558
AR and8_mxilinx_final_v1 behavioral C:/Users/John/Documents/PHYS301_FinalProject/final_v1.vhf sub00/vhpl21 1544665573
EN cb8cled_mxilinx_final_v1 NULL C:/Users/John/Documents/PHYS301_FinalProject/final_v1.vhf sub00/vhpl56 1544665608
EN registerbank_muser_maincontrolunit NULL C:/Users/John/Documents/PHYS301_FinalProject/MainControlUnit.vhf sub00/vhpl92 1544665644
EN sram32x8_generic NULL C:/Users/John/Documents/PHYS301_FinalProject/sRAM32x8_generic.vhd sub00/vhpl04 1544665556
AR prog_counter behavioral C:/Users/John/Documents/PHYS301_FinalProject/Prog_Counter.vhf sub01/vhpl111 1544665663
EN divclock NULL C:/Users/John/Documents/PHYS301_FinalProject/DivClock.vhf sub01/vhpl124 1544665676
EN clocksignalcontroller_muser_maincontrolunit NULL C:/Users/John/Documents/PHYS301_FinalProject/MainControlUnit.vhf sub00/vhpl78 1544665630
EN key4_dbnc NULL C:/Users/John/Documents/PHYS301_FinalProject/key4_dbnc.vhd sub00/vhpl14 1544665566
EN fjkc_mxilinx_divclock NULL C:/Users/John/Documents/PHYS301_FinalProject/DivClock.vhf sub01/vhpl122 1544665674
AR ftclex_mxilinx_prog_counter behavioral C:/Users/John/Documents/PHYS301_FinalProject/Prog_Counter.vhf sub01/vhpl107 1544665659
EN controlunit_muser_final_v1 NULL C:/Users/John/Documents/PHYS301_FinalProject/final_v1.vhf sub00/vhpl26 1544665578
AR oneshot behavioral C:/Users/John/Documents/PHYS301_FinalProject/oneshot.vhd sub00/vhpl13 1544665565
EN instructioncontrol_muser_final_v1 NULL C:/Users/John/Documents/PHYS301_FinalProject/final_v1.vhf sub00/vhpl24 1544665576
EN adsu8_mxilinx_final_v1 NULL C:/Users/John/Documents/PHYS301_FinalProject/final_v1.vhf sub00/vhpl38 1544665590
EN twos_comp_muser_final_v1 NULL C:/Users/John/Documents/PHYS301_FinalProject/final_v1.vhf sub00/vhpl42 1544665594
EN col_strobe NULL C:/Users/John/Documents/PHYS301_FinalProject/col_strobe.vhd sub00/vhpl08 1544665560
AR workingregisters_muser_final_v1 behavioral C:/Users/John/Documents/PHYS301_FinalProject/final_v1.vhf sub00/vhpl31 1544665583
AR memory behavioral C:/Users/John/Documents/PHYS301_FinalProject/memory.vhf sub00/vhpl97 1544665649
EN keypad_input NULL C:/Users/John/Documents/PHYS301_FinalProject/keypad_input.vhf sub00/vhpl76 1544665628
AR workingregisters_muser_registerbank behavioral C:/Users/John/Documents/PHYS301_FinalProject/RegisterBank.vhf sub01/vhpl129 1544665681
AR instructioncontrol_muser_maincontrolunit behavioral C:/Users/John/Documents/PHYS301_FinalProject/MainControlUnit.vhf sub00/vhpl85 1544665637
AR decoder16keyen doric C:/Users/John/Documents/PHYS301_FinalProject/decoder16keyEn.vhd sub00/vhpl11 1544665563
EN clocksignalcontroller_muser_instructioncontrol NULL C:/Users/John/Documents/PHYS301_FinalProject/InstructionControl.vhf sub01/vhpl136 1544665688
EN controlunit NULL C:/Users/John/Documents/PHYS301_FinalProject/ControlUnit.vhf sub01/vhpl120 1544665672
EN workingregisters_muser_final_v1 NULL C:/Users/John/Documents/PHYS301_FinalProject/final_v1.vhf sub00/vhpl30 1544665582
AR alu_v4 behavioral C:/Users/John/Documents/PHYS301_FinalProject/ALU_v4.vhf sub00/vhpl75 1544665627
AR adsu8_mxilinx_final_v1 behavioral C:/Users/John/Documents/PHYS301_FinalProject/final_v1.vhf sub00/vhpl39 1544665591
AR col_strobe behavioral C:/Users/John/Documents/PHYS301_FinalProject/col_strobe.vhd sub00/vhpl09 1544665561
AR workingregisters behavioral C:/Users/John/Documents/PHYS301_FinalProject/WorkingRegisters.vhf sub01/vhpl147 1544665699
AR signals_muser_instructioncontrol behavioral C:/Users/John/Documents/PHYS301_FinalProject/InstructionControl.vhf sub01/vhpl141 1544665693
AR m2_1_mxilinx_prog_counter behavioral C:/Users/John/Documents/PHYS301_FinalProject/Prog_Counter.vhf sub01/vhpl103 1544665655
AR signals_muser_final_v1 behavioral C:/Users/John/Documents/PHYS301_FinalProject/final_v1.vhf sub00/vhpl23 1544665575
EN fd8re_mxilinx_registerbank NULL C:/Users/John/Documents/PHYS301_FinalProject/RegisterBank.vhf sub01/vhpl126 1544665678
EN alu_v4 NULL C:/Users/John/Documents/PHYS301_FinalProject/ALU_v4.vhf sub00/vhpl74 1544665626
EN instructioncontrol_muser_controlunit NULL C:/Users/John/Documents/PHYS301_FinalProject/ControlUnit.vhf sub01/vhpl118 1544665670
AR final_v1 behavioral C:/Users/John/Documents/PHYS301_FinalProject/final_v1.vhf sub00/vhpl65 1544665617
EN workingregisters_muser_registerbank NULL C:/Users/John/Documents/PHYS301_FinalProject/RegisterBank.vhf sub01/vhpl128 1544665680
AR nor8_mxilinx_final_v1 behavioral C:/Users/John/Documents/PHYS301_FinalProject/final_v1.vhf sub00/vhpl37 1544665589
EN clocksignalcontroller NULL C:/Users/John/Documents/PHYS301_FinalProject/ClockSignalController.vhf sub01/vhpl148 1544665700
AR and8_mxilinx_instructioncontrol behavioral C:/Users/John/Documents/PHYS301_FinalProject/InstructionControl.vhf sub01/vhpl139 1544665691
AR fd8re_mxilinx_final_v1 behavioral C:/Users/John/Documents/PHYS301_FinalProject/final_v1.vhf sub00/vhpl29 1544665581
AR registerbank behavioral C:/Users/John/Documents/PHYS301_FinalProject/RegisterBank.vhf sub01/vhpl131 1544665683
AR signals_muser_maincontrolunit behavioral C:/Users/John/Documents/PHYS301_FinalProject/MainControlUnit.vhf sub00/vhpl83 1544665635
EN memory_muser_final_v1 NULL C:/Users/John/Documents/PHYS301_FinalProject/final_v1.vhf sub00/vhpl60 1544665612
EN clocksignalcontroller_muser_controlunit NULL C:/Users/John/Documents/PHYS301_FinalProject/ControlUnit.vhf sub01/vhpl112 1544665664
AR add8_mxilinx_alu_v4 behavioral C:/Users/John/Documents/PHYS301_FinalProject/ALU_v4.vhf sub00/vhpl71 1544665623
EN ftclex_mxilinx_final_v1 NULL C:/Users/John/Documents/PHYS301_FinalProject/final_v1.vhf sub00/vhpl54 1544665606
AR signals behavioral C:/Users/John/Documents/PHYS301_FinalProject/Signals.vhf sub01/vhpl153 1544665705
AR shiftreg_hex2d behavioral C:/Users/John/Documents/PHYS301_FinalProject/shiftreg_hex2D.vhd sub00/vhpl17 1544665569
AR fjkc_mxilinx_final_v1 behavioral C:/Users/John/Documents/PHYS301_FinalProject/final_v1.vhf sub00/vhpl47 1544665599
EN prog_counter NULL C:/Users/John/Documents/PHYS301_FinalProject/Prog_Counter.vhf sub01/vhpl110 1544665662
EN workingregisters_muser_maincontrolunit NULL C:/Users/John/Documents/PHYS301_FinalProject/MainControlUnit.vhf sub00/vhpl90 1544665642
EN and8_mxilinx_final_v1 NULL C:/Users/John/Documents/PHYS301_FinalProject/final_v1.vhf sub00/vhpl20 1544665572
AR fjkc_mxilinx_prog_counter behavioral C:/Users/John/Documents/PHYS301_FinalProject/Prog_Counter.vhf sub00/vhpl99 1544665651
EN workingregisters NULL C:/Users/John/Documents/PHYS301_FinalProject/WorkingRegisters.vhf sub01/vhpl146 1544665698
AR clocksignalcontroller_muser_controlunit behavioral C:/Users/John/Documents/PHYS301_FinalProject/ControlUnit.vhf sub01/vhpl113 1544665665
AR controlunit_muser_final_v1 behavioral C:/Users/John/Documents/PHYS301_FinalProject/final_v1.vhf sub00/vhpl27 1544665579
AR clocksignalcontroller_muser_maincontrolunit behavioral C:/Users/John/Documents/PHYS301_FinalProject/MainControlUnit.vhf sub00/vhpl79 1544665631
AR m2_1_mxilinx_final_v1 behavioral C:/Users/John/Documents/PHYS301_FinalProject/final_v1.vhf sub00/vhpl51 1544665603
EN and8_mxilinx_instructioncontrol NULL C:/Users/John/Documents/PHYS301_FinalProject/InstructionControl.vhf sub01/vhpl138 1544665690
AR clocksignalcontroller behavioral C:/Users/John/Documents/PHYS301_FinalProject/ClockSignalController.vhf sub01/vhpl149 1544665701
AR controlunit behavioral C:/Users/John/Documents/PHYS301_FinalProject/ControlUnit.vhf sub01/vhpl121 1544665673
EN signals_muser_maincontrolunit NULL C:/Users/John/Documents/PHYS301_FinalProject/MainControlUnit.vhf sub00/vhpl82 1544665634
AR add8_mxilinx_twos_comp behavioral C:/Users/John/Documents/PHYS301_FinalProject/twos_comp.vhf sub01/vhpl133 1544665685
EN switch_debounce NULL C:/Users/John/Documents/PHYS301_FinalProject/debounce.vhd sub00/vhpl00 1544665552
EN and8_mxilinx_controlunit NULL C:/Users/John/Documents/PHYS301_FinalProject/ControlUnit.vhf sub01/vhpl114 1544665666
EN maincontrolunit_muser_final_v1 NULL C:/Users/John/Documents/PHYS301_FinalProject/final_v1.vhf sub00/vhpl34 1544665586
AR m2_1b1_mxilinx_prog_counter behavioral C:/Users/John/Documents/PHYS301_FinalProject/Prog_Counter.vhf sub01/vhpl105 1544665657
AR switch_debounce behavioral C:/Users/John/Documents/PHYS301_FinalProject/debounce.vhd sub00/vhpl01 1544665553
AR twos_comp_muser_final_v1 behavioral C:/Users/John/Documents/PHYS301_FinalProject/final_v1.vhf sub00/vhpl43 1544665595
EN prog_counter_muser_final_v1 NULL C:/Users/John/Documents/PHYS301_FinalProject/final_v1.vhf sub00/vhpl58 1544665610
EN oneshot NULL C:/Users/John/Documents/PHYS301_FinalProject/oneshot.vhd sub00/vhpl12 1544665564
EN ftclex_mxilinx_prog_counter NULL C:/Users/John/Documents/PHYS301_FinalProject/Prog_Counter.vhf sub01/vhpl106 1544665658
