AR divclock_muser_final_v1 behavioral C:/Users/John/Downloads/PHYS301_FinalProject-master_v2/PHYS301_FinalProject-master/final_v1.vhf sub00/vhpl49 1544682139
EN eight_b_mux_muser_maincontrolunit NULL C:/Users/John/Downloads/PHYS301_FinalProject-master_v2/PHYS301_FinalProject-master/MainControlUnit.vhf sub01/vhpl162 1544682196
AR dcm_100m behavioral C:/Users/John/Downloads/PHYS301_FinalProject-master_v2/PHYS301_FinalProject-master/DCM_100M.vhd sub00/vhpl03 1544682113
AR sram32x8_generic behavioral C:/Users/John/Downloads/PHYS301_FinalProject-master_v2/PHYS301_FinalProject-master/sRAM32x8_generic.vhd sub00/vhpl05 1544682115
AR instructioncontrol_muser_final_v1 behavioral C:/Users/John/Downloads/PHYS301_FinalProject-master_v2/PHYS301_FinalProject-master/final_v1.vhf sub00/vhpl25 1544682159
AR prog_counter_muser_final_v1 behavioral C:/Users/John/Downloads/PHYS301_FinalProject-master_v2/PHYS301_FinalProject-master/final_v1.vhf sub00/vhpl59 1544682149
EN m2_1_mxilinx_maincontrolunit NULL C:/Users/John/Downloads/PHYS301_FinalProject-master_v2/PHYS301_FinalProject-master/MainControlUnit.vhf sub01/vhpl160 1544682194
EN shiftreg_hex2d NULL C:/Users/John/Downloads/PHYS301_FinalProject-master_v2/PHYS301_FinalProject-master/shiftreg_hex2D.vhd sub00/vhpl16 1544682126
EN adsu8_mxilinx_alu_v4 NULL C:/Users/John/Downloads/PHYS301_FinalProject-master_v2/PHYS301_FinalProject-master/ALU_v4.vhf sub00/vhpl68 1544682184
EN twos_comp_muser_alu_v4 NULL C:/Users/John/Downloads/PHYS301_FinalProject-master_v2/PHYS301_FinalProject-master/ALU_v4.vhf sub00/vhpl72 1544682188
AR fd8re_mxilinx_maincontrolunit behavioral C:/Users/John/Downloads/PHYS301_FinalProject-master_v2/PHYS301_FinalProject-master/MainControlUnit.vhf sub00/vhpl89 1544682209
AR key_detect behavioral C:/Users/John/Downloads/PHYS301_FinalProject-master_v2/PHYS301_FinalProject-master/key_detect.vhd sub00/vhpl07 1544682117
AR and8_mxilinx_maincontrolunit behavioral C:/Users/John/Downloads/PHYS301_FinalProject-master_v2/PHYS301_FinalProject-master/MainControlUnit.vhf sub00/vhpl81 1544682201
AR ftclex_mxilinx_final_v1 behavioral C:/Users/John/Downloads/PHYS301_FinalProject-master_v2/PHYS301_FinalProject-master/final_v1.vhf sub00/vhpl55 1544682145
AR memory_muser_final_v1 behavioral C:/Users/John/Downloads/PHYS301_FinalProject-master_v2/PHYS301_FinalProject-master/final_v1.vhf sub00/vhpl61 1544682135
AR eight_b_mux behavioral C:/Users/John/Downloads/PHYS301_FinalProject-master_v2/PHYS301_FinalProject-master/eight_b_mux.vhf sub01/vhpl167 1544682249
AR sseg_mux4d behavioral C:/Users/John/Downloads/PHYS301_FinalProject-master_v2/PHYS301_FinalProject-master/sseg_mux4D.vhd sub01/vhpl155 1544682129
AR maincontrolunit_muser_final_v1 behavioral C:/Users/John/Downloads/PHYS301_FinalProject-master_v2/PHYS301_FinalProject-master/final_v1.vhf sub00/vhpl35 1544682169
EN fd8re_mxilinx_workingregisters NULL C:/Users/John/Downloads/PHYS301_FinalProject-master_v2/PHYS301_FinalProject-master/WorkingRegisters.vhf sub01/vhpl144 1544682268
AR m2_1b1_mxilinx_final_v1 behavioral C:/Users/John/Downloads/PHYS301_FinalProject-master_v2/PHYS301_FinalProject-master/final_v1.vhf sub00/vhpl53 1544682143
AR signals_muser_controlunit behavioral C:/Users/John/Downloads/PHYS301_FinalProject-master_v2/PHYS301_FinalProject-master/ControlUnit.vhf sub01/vhpl117 1544682237
EN signals NULL C:/Users/John/Downloads/PHYS301_FinalProject-master_v2/PHYS301_FinalProject-master/Signals.vhf sub01/vhpl152 1544682276
EN twos_comp NULL C:/Users/John/Downloads/PHYS301_FinalProject-master_v2/PHYS301_FinalProject-master/twos_comp.vhf sub01/vhpl134 1544682258
AR keypad_input behavioral C:/Users/John/Downloads/PHYS301_FinalProject-master_v2/PHYS301_FinalProject-master/keypad_input.vhf sub00/vhpl77 1544682193
AR key4_dbnc behavioral C:/Users/John/Downloads/PHYS301_FinalProject-master_v2/PHYS301_FinalProject-master/key4_dbnc.vhd sub00/vhpl15 1544682125
EN fd8re_mxilinx_maincontrolunit NULL C:/Users/John/Downloads/PHYS301_FinalProject-master_v2/PHYS301_FinalProject-master/MainControlUnit.vhf sub00/vhpl88 1544682208
AR alu_v4_muser_final_v1 behavioral C:/Users/John/Downloads/PHYS301_FinalProject-master_v2/PHYS301_FinalProject-master/final_v1.vhf sub00/vhpl45 1544682179
EN signals_muser_instructioncontrol NULL C:/Users/John/Downloads/PHYS301_FinalProject-master_v2/PHYS301_FinalProject-master/InstructionControl.vhf sub01/vhpl140 1544682264
EN cb8cled_mxilinx_prog_counter NULL C:/Users/John/Downloads/PHYS301_FinalProject-master_v2/PHYS301_FinalProject-master/Prog_Counter.vhf sub01/vhpl108 1544682228
EN eight_b_mux NULL C:/Users/John/Downloads/PHYS301_FinalProject-master_v2/PHYS301_FinalProject-master/eight_b_mux.vhf sub01/vhpl166 1544682248
AR clocksignalcontroller_muser_instructioncontrol behavioral C:/Users/John/Downloads/PHYS301_FinalProject-master_v2/PHYS301_FinalProject-master/InstructionControl.vhf sub01/vhpl137 1544682261
EN sseg_mux4d NULL C:/Users/John/Downloads/PHYS301_FinalProject-master_v2/PHYS301_FinalProject-master/sseg_mux4D.vhd sub01/vhpl154 1544682128
EN and8_mxilinx_maincontrolunit NULL C:/Users/John/Downloads/PHYS301_FinalProject-master_v2/PHYS301_FinalProject-master/MainControlUnit.vhf sub00/vhpl80 1544682200
EN controlunit_muser_maincontrolunit NULL C:/Users/John/Downloads/PHYS301_FinalProject-master_v2/PHYS301_FinalProject-master/MainControlUnit.vhf sub00/vhpl86 1544682206
AR add8_mxilinx_final_v1 behavioral C:/Users/John/Downloads/PHYS301_FinalProject-master_v2/PHYS301_FinalProject-master/final_v1.vhf sub00/vhpl41 1544682175
EN add8_mxilinx_twos_comp NULL C:/Users/John/Downloads/PHYS301_FinalProject-master_v2/PHYS301_FinalProject-master/twos_comp.vhf sub01/vhpl132 1544682256
AR fd8re_mxilinx_workingregisters behavioral C:/Users/John/Downloads/PHYS301_FinalProject-master_v2/PHYS301_FinalProject-master/WorkingRegisters.vhf sub01/vhpl145 1544682269
EN alu_v4_muser_final_v1 NULL C:/Users/John/Downloads/PHYS301_FinalProject-master_v2/PHYS301_FinalProject-master/final_v1.vhf sub00/vhpl44 1544682178
EN signals_muser_final_v1 NULL C:/Users/John/Downloads/PHYS301_FinalProject-master_v2/PHYS301_FinalProject-master/final_v1.vhf sub00/vhpl22 1544682156
AR and8_mxilinx_controlunit behavioral C:/Users/John/Downloads/PHYS301_FinalProject-master_v2/PHYS301_FinalProject-master/ControlUnit.vhf sub01/vhpl115 1544682235
EN m2_1_mxilinx_final_v1 NULL C:/Users/John/Downloads/PHYS301_FinalProject-master_v2/PHYS301_FinalProject-master/final_v1.vhf sub00/vhpl50 1544682140
EN and8_mxilinx_signals NULL C:/Users/John/Downloads/PHYS301_FinalProject-master_v2/PHYS301_FinalProject-master/Signals.vhf sub01/vhpl150 1544682274
EN divclock_muser_final_v1 NULL C:/Users/John/Downloads/PHYS301_FinalProject-master_v2/PHYS301_FinalProject-master/final_v1.vhf sub00/vhpl48 1544682138
EN nor8_mxilinx_final_v1 NULL C:/Users/John/Downloads/PHYS301_FinalProject-master_v2/PHYS301_FinalProject-master/final_v1.vhf sub00/vhpl36 1544682170
AR divclock behavioral C:/Users/John/Downloads/PHYS301_FinalProject-master_v2/PHYS301_FinalProject-master/DivClock.vhf sub01/vhpl125 1544682245
AR cb8cled_mxilinx_prog_counter behavioral C:/Users/John/Downloads/PHYS301_FinalProject-master_v2/PHYS301_FinalProject-master/Prog_Counter.vhf sub01/vhpl109 1544682229
EN add8_mxilinx_alu_v4 NULL C:/Users/John/Downloads/PHYS301_FinalProject-master_v2/PHYS301_FinalProject-master/ALU_v4.vhf sub00/vhpl70 1544682186
EN instructioncontrol_muser_maincontrolunit NULL C:/Users/John/Downloads/PHYS301_FinalProject-master_v2/PHYS301_FinalProject-master/MainControlUnit.vhf sub00/vhpl84 1544682204
EN final_v1 NULL C:/Users/John/Downloads/PHYS301_FinalProject-master_v2/PHYS301_FinalProject-master/final_v1.vhf sub00/vhpl64 1544682180
EN maincontrolunit NULL C:/Users/John/Downloads/PHYS301_FinalProject-master_v2/PHYS301_FinalProject-master/MainControlUnit.vhf sub00/vhpl94 1544682214
AR fd8re_mxilinx_registerbank behavioral C:/Users/John/Downloads/PHYS301_FinalProject-master_v2/PHYS301_FinalProject-master/RegisterBank.vhf sub01/vhpl127 1544682251
AR keypad_input_muser_final_v1 behavioral C:/Users/John/Downloads/PHYS301_FinalProject-master_v2/PHYS301_FinalProject-master/final_v1.vhf sub00/vhpl63 1544682133
EN signals_muser_controlunit NULL C:/Users/John/Downloads/PHYS301_FinalProject-master_v2/PHYS301_FinalProject-master/ControlUnit.vhf sub01/vhpl116 1544682236
AR twos_comp behavioral C:/Users/John/Downloads/PHYS301_FinalProject-master_v2/PHYS301_FinalProject-master/twos_comp.vhf sub01/vhpl135 1544682259
EN fd8re_mxilinx_final_v1 NULL C:/Users/John/Downloads/PHYS301_FinalProject-master_v2/PHYS301_FinalProject-master/final_v1.vhf sub00/vhpl28 1544682162
EN nor8_mxilinx_alu_v4 NULL C:/Users/John/Downloads/PHYS301_FinalProject-master_v2/PHYS301_FinalProject-master/ALU_v4.vhf sub00/vhpl66 1544682182
EN m2_1b1_mxilinx_prog_counter NULL C:/Users/John/Downloads/PHYS301_FinalProject-master_v2/PHYS301_FinalProject-master/Prog_Counter.vhf sub01/vhpl104 1544682224
EN fjkc_mxilinx_final_v1 NULL C:/Users/John/Downloads/PHYS301_FinalProject-master_v2/PHYS301_FinalProject-master/final_v1.vhf sub00/vhpl46 1544682136
EN m2_1b1_mxilinx_final_v1 NULL C:/Users/John/Downloads/PHYS301_FinalProject-master_v2/PHYS301_FinalProject-master/final_v1.vhf sub00/vhpl52 1544682142
AR adsu8_mxilinx_alu_v4 behavioral C:/Users/John/Downloads/PHYS301_FinalProject-master_v2/PHYS301_FinalProject-master/ALU_v4.vhf sub00/vhpl69 1544682185
EN divclock_muser_prog_counter NULL C:/Users/John/Downloads/PHYS301_FinalProject-master_v2/PHYS301_FinalProject-master/Prog_Counter.vhf sub01/vhpl100 1544682220
AR maincontrolunit behavioral C:/Users/John/Downloads/PHYS301_FinalProject-master_v2/PHYS301_FinalProject-master/MainControlUnit.vhf sub00/vhpl95 1544682215
AR fjkc_mxilinx_divclock behavioral C:/Users/John/Downloads/PHYS301_FinalProject-master_v2/PHYS301_FinalProject-master/DivClock.vhf sub01/vhpl123 1544682243
AR controlunit_muser_maincontrolunit behavioral C:/Users/John/Downloads/PHYS301_FinalProject-master_v2/PHYS301_FinalProject-master/MainControlUnit.vhf sub00/vhpl87 1544682207
AR and8_mxilinx_signals behavioral C:/Users/John/Downloads/PHYS301_FinalProject-master_v2/PHYS301_FinalProject-master/Signals.vhf sub01/vhpl151 1544682275
AR registerbank_muser_final_v1 behavioral C:/Users/John/Downloads/PHYS301_FinalProject-master_v2/PHYS301_FinalProject-master/final_v1.vhf sub00/vhpl33 1544682167
EN instructioncontrol NULL C:/Users/John/Downloads/PHYS301_FinalProject-master_v2/PHYS301_FinalProject-master/InstructionControl.vhf sub01/vhpl142 1544682266
AR m2_1_mxilinx_eight_b_mux behavioral C:/Users/John/Downloads/PHYS301_FinalProject-master_v2/PHYS301_FinalProject-master/eight_b_mux.vhf sub01/vhpl165 1544682247
AR workingregisters_muser_maincontrolunit behavioral C:/Users/John/Downloads/PHYS301_FinalProject-master_v2/PHYS301_FinalProject-master/MainControlUnit.vhf sub00/vhpl91 1544682211
AR nor8_mxilinx_alu_v4 behavioral C:/Users/John/Downloads/PHYS301_FinalProject-master_v2/PHYS301_FinalProject-master/ALU_v4.vhf sub00/vhpl67 1544682183
EN registerbank NULL C:/Users/John/Downloads/PHYS301_FinalProject-master_v2/PHYS301_FinalProject-master/RegisterBank.vhf sub01/vhpl130 1544682254
AR twos_comp_muser_alu_v4 behavioral C:/Users/John/Downloads/PHYS301_FinalProject-master_v2/PHYS301_FinalProject-master/ALU_v4.vhf sub00/vhpl73 1544682189
AR instructioncontrol_muser_controlunit behavioral C:/Users/John/Downloads/PHYS301_FinalProject-master_v2/PHYS301_FinalProject-master/ControlUnit.vhf sub01/vhpl119 1544682239
AR clocksignalcontroller_muser_final_v1 behavioral C:/Users/John/Downloads/PHYS301_FinalProject-master_v2/PHYS301_FinalProject-master/final_v1.vhf sub00/vhpl19 1544682153
AR m2_1_mxilinx_maincontrolunit behavioral C:/Users/John/Downloads/PHYS301_FinalProject-master_v2/PHYS301_FinalProject-master/MainControlUnit.vhf sub01/vhpl161 1544682195
EN keypad_input_muser_final_v1 NULL C:/Users/John/Downloads/PHYS301_FinalProject-master_v2/PHYS301_FinalProject-master/final_v1.vhf sub00/vhpl62 1544682132
EN m2_1_mxilinx_prog_counter NULL C:/Users/John/Downloads/PHYS301_FinalProject-master_v2/PHYS301_FinalProject-master/Prog_Counter.vhf sub01/vhpl102 1544682222
EN dcm_100m NULL C:/Users/John/Downloads/PHYS301_FinalProject-master_v2/PHYS301_FinalProject-master/DCM_100M.vhd sub00/vhpl02 1544682112
AR registerbank_muser_maincontrolunit behavioral C:/Users/John/Downloads/PHYS301_FinalProject-master_v2/PHYS301_FinalProject-master/MainControlUnit.vhf sub00/vhpl93 1544682213
AR cb8cled_mxilinx_final_v1 behavioral C:/Users/John/Downloads/PHYS301_FinalProject-master_v2/PHYS301_FinalProject-master/final_v1.vhf sub00/vhpl57 1544682147
EN registerbank_muser_final_v1 NULL C:/Users/John/Downloads/PHYS301_FinalProject-master_v2/PHYS301_FinalProject-master/final_v1.vhf sub00/vhpl32 1544682166
EN clocksignalcontroller_muser_final_v1 NULL C:/Users/John/Downloads/PHYS301_FinalProject-master_v2/PHYS301_FinalProject-master/final_v1.vhf sub00/vhpl18 1544682152
EN decoder16keyen NULL C:/Users/John/Downloads/PHYS301_FinalProject-master_v2/PHYS301_FinalProject-master/decoder16keyEn.vhd sub00/vhpl10 1544682120
EN add8_mxilinx_final_v1 NULL C:/Users/John/Downloads/PHYS301_FinalProject-master_v2/PHYS301_FinalProject-master/final_v1.vhf sub00/vhpl40 1544682174
EN bin2bcd3en NULL C:/Users/John/Downloads/PHYS301_FinalProject-master_v2/PHYS301_FinalProject-master/bin2BCD3en.vhd sub01/vhpl156 1544682130
EN eight_b_mux_muser_final_v1 NULL C:/Users/John/Downloads/PHYS301_FinalProject-master_v2/PHYS301_FinalProject-master/final_v1.vhf sub01/vhpl158 1544682150
AR instructioncontrol behavioral C:/Users/John/Downloads/PHYS301_FinalProject-master_v2/PHYS301_FinalProject-master/InstructionControl.vhf sub01/vhpl143 1544682267
EN fjkc_mxilinx_prog_counter NULL C:/Users/John/Downloads/PHYS301_FinalProject-master_v2/PHYS301_FinalProject-master/Prog_Counter.vhf sub00/vhpl98 1544682218
AR divclock_muser_prog_counter behavioral C:/Users/John/Downloads/PHYS301_FinalProject-master_v2/PHYS301_FinalProject-master/Prog_Counter.vhf sub01/vhpl101 1544682221
EN memory NULL C:/Users/John/Downloads/PHYS301_FinalProject-master_v2/PHYS301_FinalProject-master/memory.vhf sub00/vhpl96 1544682216
EN key_detect NULL C:/Users/John/Downloads/PHYS301_FinalProject-master_v2/PHYS301_FinalProject-master/key_detect.vhd sub00/vhpl06 1544682116
AR and8_mxilinx_final_v1 behavioral C:/Users/John/Downloads/PHYS301_FinalProject-master_v2/PHYS301_FinalProject-master/final_v1.vhf sub00/vhpl21 1544682155
EN cb8cled_mxilinx_final_v1 NULL C:/Users/John/Downloads/PHYS301_FinalProject-master_v2/PHYS301_FinalProject-master/final_v1.vhf sub00/vhpl56 1544682146
EN registerbank_muser_maincontrolunit NULL C:/Users/John/Downloads/PHYS301_FinalProject-master_v2/PHYS301_FinalProject-master/MainControlUnit.vhf sub00/vhpl92 1544682212
EN sram32x8_generic NULL C:/Users/John/Downloads/PHYS301_FinalProject-master_v2/PHYS301_FinalProject-master/sRAM32x8_generic.vhd sub00/vhpl04 1544682114
AR prog_counter behavioral C:/Users/John/Downloads/PHYS301_FinalProject-master_v2/PHYS301_FinalProject-master/Prog_Counter.vhf sub01/vhpl111 1544682231
EN divclock NULL C:/Users/John/Downloads/PHYS301_FinalProject-master_v2/PHYS301_FinalProject-master/DivClock.vhf sub01/vhpl124 1544682244
EN clocksignalcontroller_muser_maincontrolunit NULL C:/Users/John/Downloads/PHYS301_FinalProject-master_v2/PHYS301_FinalProject-master/MainControlUnit.vhf sub00/vhpl78 1544682198
EN key4_dbnc NULL C:/Users/John/Downloads/PHYS301_FinalProject-master_v2/PHYS301_FinalProject-master/key4_dbnc.vhd sub00/vhpl14 1544682124
EN fjkc_mxilinx_divclock NULL C:/Users/John/Downloads/PHYS301_FinalProject-master_v2/PHYS301_FinalProject-master/DivClock.vhf sub01/vhpl122 1544682242
AR ftclex_mxilinx_prog_counter behavioral C:/Users/John/Downloads/PHYS301_FinalProject-master_v2/PHYS301_FinalProject-master/Prog_Counter.vhf sub01/vhpl107 1544682227
EN controlunit_muser_final_v1 NULL C:/Users/John/Downloads/PHYS301_FinalProject-master_v2/PHYS301_FinalProject-master/final_v1.vhf sub00/vhpl26 1544682160
AR oneshot behavioral C:/Users/John/Downloads/PHYS301_FinalProject-master_v2/PHYS301_FinalProject-master/oneshot.vhd sub00/vhpl13 1544682123
EN instructioncontrol_muser_final_v1 NULL C:/Users/John/Downloads/PHYS301_FinalProject-master_v2/PHYS301_FinalProject-master/final_v1.vhf sub00/vhpl24 1544682158
EN adsu8_mxilinx_final_v1 NULL C:/Users/John/Downloads/PHYS301_FinalProject-master_v2/PHYS301_FinalProject-master/final_v1.vhf sub00/vhpl38 1544682172
EN twos_comp_muser_final_v1 NULL C:/Users/John/Downloads/PHYS301_FinalProject-master_v2/PHYS301_FinalProject-master/final_v1.vhf sub00/vhpl42 1544682176
EN col_strobe NULL C:/Users/John/Downloads/PHYS301_FinalProject-master_v2/PHYS301_FinalProject-master/col_strobe.vhd sub00/vhpl08 1544682118
AR workingregisters_muser_final_v1 behavioral C:/Users/John/Downloads/PHYS301_FinalProject-master_v2/PHYS301_FinalProject-master/final_v1.vhf sub00/vhpl31 1544682165
EN m2_1_mxilinx_eight_b_mux NULL C:/Users/John/Downloads/PHYS301_FinalProject-master_v2/PHYS301_FinalProject-master/eight_b_mux.vhf sub01/vhpl164 1544682246
AR memory behavioral C:/Users/John/Downloads/PHYS301_FinalProject-master_v2/PHYS301_FinalProject-master/memory.vhf sub00/vhpl97 1544682217
EN keypad_input NULL C:/Users/John/Downloads/PHYS301_FinalProject-master_v2/PHYS301_FinalProject-master/keypad_input.vhf sub00/vhpl76 1544682192
AR workingregisters_muser_registerbank behavioral C:/Users/John/Downloads/PHYS301_FinalProject-master_v2/PHYS301_FinalProject-master/RegisterBank.vhf sub01/vhpl129 1544682253
AR instructioncontrol_muser_maincontrolunit behavioral C:/Users/John/Downloads/PHYS301_FinalProject-master_v2/PHYS301_FinalProject-master/MainControlUnit.vhf sub00/vhpl85 1544682205
AR decoder16keyen doric C:/Users/John/Downloads/PHYS301_FinalProject-master_v2/PHYS301_FinalProject-master/decoder16keyEn.vhd sub00/vhpl11 1544682121
AR eight_b_mux_muser_maincontrolunit behavioral C:/Users/John/Downloads/PHYS301_FinalProject-master_v2/PHYS301_FinalProject-master/MainControlUnit.vhf sub01/vhpl163 1544682197
EN clocksignalcontroller_muser_instructioncontrol NULL C:/Users/John/Downloads/PHYS301_FinalProject-master_v2/PHYS301_FinalProject-master/InstructionControl.vhf sub01/vhpl136 1544682260
EN controlunit NULL C:/Users/John/Downloads/PHYS301_FinalProject-master_v2/PHYS301_FinalProject-master/ControlUnit.vhf sub01/vhpl120 1544682240
EN workingregisters_muser_final_v1 NULL C:/Users/John/Downloads/PHYS301_FinalProject-master_v2/PHYS301_FinalProject-master/final_v1.vhf sub00/vhpl30 1544682164
AR alu_v4 behavioral C:/Users/John/Downloads/PHYS301_FinalProject-master_v2/PHYS301_FinalProject-master/ALU_v4.vhf sub00/vhpl75 1544682191
AR adsu8_mxilinx_final_v1 behavioral C:/Users/John/Downloads/PHYS301_FinalProject-master_v2/PHYS301_FinalProject-master/final_v1.vhf sub00/vhpl39 1544682173
AR col_strobe behavioral C:/Users/John/Downloads/PHYS301_FinalProject-master_v2/PHYS301_FinalProject-master/col_strobe.vhd sub00/vhpl09 1544682119
AR workingregisters behavioral C:/Users/John/Downloads/PHYS301_FinalProject-master_v2/PHYS301_FinalProject-master/WorkingRegisters.vhf sub01/vhpl147 1544682271
AR signals_muser_instructioncontrol behavioral C:/Users/John/Downloads/PHYS301_FinalProject-master_v2/PHYS301_FinalProject-master/InstructionControl.vhf sub01/vhpl141 1544682265
AR m2_1_mxilinx_prog_counter behavioral C:/Users/John/Downloads/PHYS301_FinalProject-master_v2/PHYS301_FinalProject-master/Prog_Counter.vhf sub01/vhpl103 1544682223
AR signals_muser_final_v1 behavioral C:/Users/John/Downloads/PHYS301_FinalProject-master_v2/PHYS301_FinalProject-master/final_v1.vhf sub00/vhpl23 1544682157
EN fd8re_mxilinx_registerbank NULL C:/Users/John/Downloads/PHYS301_FinalProject-master_v2/PHYS301_FinalProject-master/RegisterBank.vhf sub01/vhpl126 1544682250
EN alu_v4 NULL C:/Users/John/Downloads/PHYS301_FinalProject-master_v2/PHYS301_FinalProject-master/ALU_v4.vhf sub00/vhpl74 1544682190
EN instructioncontrol_muser_controlunit NULL C:/Users/John/Downloads/PHYS301_FinalProject-master_v2/PHYS301_FinalProject-master/ControlUnit.vhf sub01/vhpl118 1544682238
AR eight_b_mux_muser_final_v1 behavioral C:/Users/John/Downloads/PHYS301_FinalProject-master_v2/PHYS301_FinalProject-master/final_v1.vhf sub01/vhpl159 1544682151
AR final_v1 behavioral C:/Users/John/Downloads/PHYS301_FinalProject-master_v2/PHYS301_FinalProject-master/final_v1.vhf sub00/vhpl65 1544682181
EN workingregisters_muser_registerbank NULL C:/Users/John/Downloads/PHYS301_FinalProject-master_v2/PHYS301_FinalProject-master/RegisterBank.vhf sub01/vhpl128 1544682252
AR nor8_mxilinx_final_v1 behavioral C:/Users/John/Downloads/PHYS301_FinalProject-master_v2/PHYS301_FinalProject-master/final_v1.vhf sub00/vhpl37 1544682171
EN clocksignalcontroller NULL C:/Users/John/Downloads/PHYS301_FinalProject-master_v2/PHYS301_FinalProject-master/ClockSignalController.vhf sub01/vhpl148 1544682272
AR and8_mxilinx_instructioncontrol behavioral C:/Users/John/Downloads/PHYS301_FinalProject-master_v2/PHYS301_FinalProject-master/InstructionControl.vhf sub01/vhpl139 1544682263
AR fd8re_mxilinx_final_v1 behavioral C:/Users/John/Downloads/PHYS301_FinalProject-master_v2/PHYS301_FinalProject-master/final_v1.vhf sub00/vhpl29 1544682163
AR registerbank behavioral C:/Users/John/Downloads/PHYS301_FinalProject-master_v2/PHYS301_FinalProject-master/RegisterBank.vhf sub01/vhpl131 1544682255
AR signals_muser_maincontrolunit behavioral C:/Users/John/Downloads/PHYS301_FinalProject-master_v2/PHYS301_FinalProject-master/MainControlUnit.vhf sub00/vhpl83 1544682203
EN memory_muser_final_v1 NULL C:/Users/John/Downloads/PHYS301_FinalProject-master_v2/PHYS301_FinalProject-master/final_v1.vhf sub00/vhpl60 1544682134
EN clocksignalcontroller_muser_controlunit NULL C:/Users/John/Downloads/PHYS301_FinalProject-master_v2/PHYS301_FinalProject-master/ControlUnit.vhf sub01/vhpl112 1544682232
AR add8_mxilinx_alu_v4 behavioral C:/Users/John/Downloads/PHYS301_FinalProject-master_v2/PHYS301_FinalProject-master/ALU_v4.vhf sub00/vhpl71 1544682187
EN ftclex_mxilinx_final_v1 NULL C:/Users/John/Downloads/PHYS301_FinalProject-master_v2/PHYS301_FinalProject-master/final_v1.vhf sub00/vhpl54 1544682144
AR signals behavioral C:/Users/John/Downloads/PHYS301_FinalProject-master_v2/PHYS301_FinalProject-master/Signals.vhf sub01/vhpl153 1544682277
AR shiftreg_hex2d behavioral C:/Users/John/Downloads/PHYS301_FinalProject-master_v2/PHYS301_FinalProject-master/shiftreg_hex2D.vhd sub00/vhpl17 1544682127
AR fjkc_mxilinx_final_v1 behavioral C:/Users/John/Downloads/PHYS301_FinalProject-master_v2/PHYS301_FinalProject-master/final_v1.vhf sub00/vhpl47 1544682137
EN prog_counter NULL C:/Users/John/Downloads/PHYS301_FinalProject-master_v2/PHYS301_FinalProject-master/Prog_Counter.vhf sub01/vhpl110 1544682230
EN workingregisters_muser_maincontrolunit NULL C:/Users/John/Downloads/PHYS301_FinalProject-master_v2/PHYS301_FinalProject-master/MainControlUnit.vhf sub00/vhpl90 1544682210
EN and8_mxilinx_final_v1 NULL C:/Users/John/Downloads/PHYS301_FinalProject-master_v2/PHYS301_FinalProject-master/final_v1.vhf sub00/vhpl20 1544682154
AR fjkc_mxilinx_prog_counter behavioral C:/Users/John/Downloads/PHYS301_FinalProject-master_v2/PHYS301_FinalProject-master/Prog_Counter.vhf sub00/vhpl99 1544682219
EN workingregisters NULL C:/Users/John/Downloads/PHYS301_FinalProject-master_v2/PHYS301_FinalProject-master/WorkingRegisters.vhf sub01/vhpl146 1544682270
AR clocksignalcontroller_muser_controlunit behavioral C:/Users/John/Downloads/PHYS301_FinalProject-master_v2/PHYS301_FinalProject-master/ControlUnit.vhf sub01/vhpl113 1544682233
AR controlunit_muser_final_v1 behavioral C:/Users/John/Downloads/PHYS301_FinalProject-master_v2/PHYS301_FinalProject-master/final_v1.vhf sub00/vhpl27 1544682161
AR clocksignalcontroller_muser_maincontrolunit behavioral C:/Users/John/Downloads/PHYS301_FinalProject-master_v2/PHYS301_FinalProject-master/MainControlUnit.vhf sub00/vhpl79 1544682199
AR bin2bcd3en behavioral C:/Users/John/Downloads/PHYS301_FinalProject-master_v2/PHYS301_FinalProject-master/bin2BCD3en.vhd sub01/vhpl157 1544682131
AR m2_1_mxilinx_final_v1 behavioral C:/Users/John/Downloads/PHYS301_FinalProject-master_v2/PHYS301_FinalProject-master/final_v1.vhf sub00/vhpl51 1544682141
EN and8_mxilinx_instructioncontrol NULL C:/Users/John/Downloads/PHYS301_FinalProject-master_v2/PHYS301_FinalProject-master/InstructionControl.vhf sub01/vhpl138 1544682262
AR clocksignalcontroller behavioral C:/Users/John/Downloads/PHYS301_FinalProject-master_v2/PHYS301_FinalProject-master/ClockSignalController.vhf sub01/vhpl149 1544682273
AR controlunit behavioral C:/Users/John/Downloads/PHYS301_FinalProject-master_v2/PHYS301_FinalProject-master/ControlUnit.vhf sub01/vhpl121 1544682241
EN signals_muser_maincontrolunit NULL C:/Users/John/Downloads/PHYS301_FinalProject-master_v2/PHYS301_FinalProject-master/MainControlUnit.vhf sub00/vhpl82 1544682202
AR add8_mxilinx_twos_comp behavioral C:/Users/John/Downloads/PHYS301_FinalProject-master_v2/PHYS301_FinalProject-master/twos_comp.vhf sub01/vhpl133 1544682257
EN switch_debounce NULL C:/Users/John/Downloads/PHYS301_FinalProject-master_v2/PHYS301_FinalProject-master/debounce.vhd sub00/vhpl00 1544682110
EN and8_mxilinx_controlunit NULL C:/Users/John/Downloads/PHYS301_FinalProject-master_v2/PHYS301_FinalProject-master/ControlUnit.vhf sub01/vhpl114 1544682234
EN maincontrolunit_muser_final_v1 NULL C:/Users/John/Downloads/PHYS301_FinalProject-master_v2/PHYS301_FinalProject-master/final_v1.vhf sub00/vhpl34 1544682168
AR m2_1b1_mxilinx_prog_counter behavioral C:/Users/John/Downloads/PHYS301_FinalProject-master_v2/PHYS301_FinalProject-master/Prog_Counter.vhf sub01/vhpl105 1544682225
AR switch_debounce behavioral C:/Users/John/Downloads/PHYS301_FinalProject-master_v2/PHYS301_FinalProject-master/debounce.vhd sub00/vhpl01 1544682111
AR twos_comp_muser_final_v1 behavioral C:/Users/John/Downloads/PHYS301_FinalProject-master_v2/PHYS301_FinalProject-master/final_v1.vhf sub00/vhpl43 1544682177
EN prog_counter_muser_final_v1 NULL C:/Users/John/Downloads/PHYS301_FinalProject-master_v2/PHYS301_FinalProject-master/final_v1.vhf sub00/vhpl58 1544682148
EN oneshot NULL C:/Users/John/Downloads/PHYS301_FinalProject-master_v2/PHYS301_FinalProject-master/oneshot.vhd sub00/vhpl12 1544682122
EN ftclex_mxilinx_prog_counter NULL C:/Users/John/Downloads/PHYS301_FinalProject-master_v2/PHYS301_FinalProject-master/Prog_Counter.vhf sub01/vhpl106 1544682226
