V3 320
FL "C:/Users/Chris/Documents/School/7th Year/Fall 2018/Phys301Final/john/Final/bin2BCD3en.vhd" 2018/12/12.18:21:38 P.20131013
FL "C:/Users/Chris/Documents/School/7th Year/Fall 2018/Phys301Final/john/Final/sseg_mux4D.vhd" 2018/12/12.18:21:47 P.20131013
FL "C:/Users/Chris/Documents/School/7th Year/Fall 2018/Phys301Final/john/PHYS301_FinalProject-master/ALU_v4.vhf" 2018/12/12.18:11:36 P.20131013
FL "C:/Users/Chris/Documents/School/7th Year/Fall 2018/Phys301Final/john/PHYS301_FinalProject-master/ClockSignalController.vhf" 2018/12/12.18:11:30 P.20131013
FL "C:/Users/Chris/Documents/School/7th Year/Fall 2018/Phys301Final/john/PHYS301_FinalProject-master/col_strobe.vhd" 2018/12/12.17:56:20 P.20131013
FL "C:/Users/Chris/Documents/School/7th Year/Fall 2018/Phys301Final/john/PHYS301_FinalProject-master/ControlUnit.vhf" 2018/12/12.18:11:26 P.20131013
FL "C:/Users/Chris/Documents/School/7th Year/Fall 2018/Phys301Final/john/PHYS301_FinalProject-master/DCM_100M.vhd" 2018/12/12.17:56:18 P.20131013
FL "C:/Users/Chris/Documents/School/7th Year/Fall 2018/Phys301Final/john/PHYS301_FinalProject-master/debounce.vhd" 2018/12/12.17:56:20 P.20131013
FL "C:/Users/Chris/Documents/School/7th Year/Fall 2018/Phys301Final/john/PHYS301_FinalProject-master/decoder16keyEn.vhd" 2018/12/12.17:56:20 P.20131013
FL "C:/Users/Chris/Documents/School/7th Year/Fall 2018/Phys301Final/john/PHYS301_FinalProject-master/DivClock.vhf" 2018/12/12.18:11:48 P.20131013
FL "C:/Users/Chris/Documents/School/7th Year/Fall 2018/Phys301Final/john/PHYS301_FinalProject-master/final_v1.vhf" 2018/12/12.19:11:17 P.20131013
FL "C:/Users/Chris/Documents/School/7th Year/Fall 2018/Phys301Final/john/PHYS301_FinalProject-master/InstructionControl.vhf" 2018/12/12.18:11:33 P.20131013
FL "C:/Users/Chris/Documents/School/7th Year/Fall 2018/Phys301Final/john/PHYS301_FinalProject-master/key4_dbnc.vhd" 2018/12/12.17:56:22 P.20131013
FL "C:/Users/Chris/Documents/School/7th Year/Fall 2018/Phys301Final/john/PHYS301_FinalProject-master/keypad_input.vhf" 2018/12/12.18:35:09 P.20131013
FL "C:/Users/Chris/Documents/School/7th Year/Fall 2018/Phys301Final/john/PHYS301_FinalProject-master/key_detect.vhd" 2018/12/12.17:56:22 P.20131013
FL "C:/Users/Chris/Documents/School/7th Year/Fall 2018/Phys301Final/john/PHYS301_FinalProject-master/MainControlUnit.vhf" 2018/12/12.18:11:29 P.20131013
FL "C:/Users/Chris/Documents/School/7th Year/Fall 2018/Phys301Final/john/PHYS301_FinalProject-master/memory.vhf" 2018/12/12.18:11:39 P.20131013
FL "C:/Users/Chris/Documents/School/7th Year/Fall 2018/Phys301Final/john/PHYS301_FinalProject-master/oneshot.vhd" 2018/12/12.17:56:23 P.20131013
FL "C:/Users/Chris/Documents/School/7th Year/Fall 2018/Phys301Final/john/PHYS301_FinalProject-master/Prog_Counter.vhf" 2018/12/12.18:11:39 P.20131013
FL "C:/Users/Chris/Documents/School/7th Year/Fall 2018/Phys301Final/john/PHYS301_FinalProject-master/RegisterBank.vhf" 2018/12/12.18:11:23 P.20131013
FL "C:/Users/Chris/Documents/School/7th Year/Fall 2018/Phys301Final/john/PHYS301_FinalProject-master/shiftreg_hex2D.vhd" 2018/12/12.17:56:24 P.20131013
FL "C:/Users/Chris/Documents/School/7th Year/Fall 2018/Phys301Final/john/PHYS301_FinalProject-master/Signals.vhf" 2018/12/12.18:11:30 P.20131013
FL "C:/Users/Chris/Documents/School/7th Year/Fall 2018/Phys301Final/john/PHYS301_FinalProject-master/sRAM32x8_generic.vhd" 2018/12/12.17:56:23 P.20131013
FL "C:/Users/Chris/Documents/School/7th Year/Fall 2018/Phys301Final/john/PHYS301_FinalProject-master/twos_comp.vhf" 2018/12/12.18:11:34 P.20131013
FL "C:/Users/Chris/Documents/School/7th Year/Fall 2018/Phys301Final/john/PHYS301_FinalProject-master/WorkingRegisters.vhf" 2018/12/12.18:11:23 P.20131013
FL C:/Users/John/Downloads/PHYS301_FinalProject-master_v2/PHYS301_FinalProject-master/ALU_v4.vhf 2018/12/12.19:29:02 P.20131013
EN work/NOR8_MXILINX_ALU_v4 1544682182 \
      FL C:/Users/John/Downloads/PHYS301_FinalProject-master_v2/PHYS301_FinalProject-master/ALU_v4.vhf \
      PB ieee/std_logic_1164 1381692176 PB ieee/NUMERIC_STD 1381692181 LB UNISIM \
      PH unisim/VCOMPONENTS 1381692182
AR work/NOR8_MXILINX_ALU_v4/BEHAVIORAL 1544682183 \
      FL C:/Users/John/Downloads/PHYS301_FinalProject-master_v2/PHYS301_FinalProject-master/ALU_v4.vhf \
      EN work/NOR8_MXILINX_ALU_v4 1544682182 CP FMAP CP OR4 CP NOR2
EN work/ADSU8_MXILINX_ALU_v4 1544682184 \
      FL C:/Users/John/Downloads/PHYS301_FinalProject-master_v2/PHYS301_FinalProject-master/ALU_v4.vhf \
      PB ieee/std_logic_1164 1381692176 PB ieee/NUMERIC_STD 1381692181 LB UNISIM \
      PH unisim/VCOMPONENTS 1381692182
AR work/ADSU8_MXILINX_ALU_v4/BEHAVIORAL 1544682185 \
      FL C:/Users/John/Downloads/PHYS301_FinalProject-master_v2/PHYS301_FinalProject-master/ALU_v4.vhf \
      EN work/ADSU8_MXILINX_ALU_v4 1544682184 CP FMAP CP XOR3 CP MUXCY_L CP MUXCY \
      CP XORCY CP MUXCY_D CP INV CP XOR2
EN work/ADD8_MXILINX_ALU_v4 1544682186 \
      FL C:/Users/John/Downloads/PHYS301_FinalProject-master_v2/PHYS301_FinalProject-master/ALU_v4.vhf \
      PB ieee/std_logic_1164 1381692176 PB ieee/NUMERIC_STD 1381692181 LB UNISIM \
      PH unisim/VCOMPONENTS 1381692182
AR work/ADD8_MXILINX_ALU_v4/BEHAVIORAL 1544682187 \
      FL C:/Users/John/Downloads/PHYS301_FinalProject-master_v2/PHYS301_FinalProject-master/ALU_v4.vhf \
      EN work/ADD8_MXILINX_ALU_v4 1544682186 CP FMAP CP MUXCY_L CP MUXCY CP XORCY \
      CP MUXCY_D CP XOR2
EN work/twos_comp_MUSER_ALU_v4 1544682188 \
      FL C:/Users/John/Downloads/PHYS301_FinalProject-master_v2/PHYS301_FinalProject-master/ALU_v4.vhf \
      PB ieee/std_logic_1164 1381692176 PB ieee/NUMERIC_STD 1381692181 LB UNISIM \
      PH unisim/VCOMPONENTS 1381692182
AR work/twos_comp_MUSER_ALU_v4/BEHAVIORAL 1544682189 \
      FL C:/Users/John/Downloads/PHYS301_FinalProject-master_v2/PHYS301_FinalProject-master/ALU_v4.vhf \
      EN work/twos_comp_MUSER_ALU_v4 1544682188 CP XOR2 CP ADD8_MXILINX_ALU_v4 \
      CP BUF
EN work/ALU_v4 1544682190 \
      FL C:/Users/John/Downloads/PHYS301_FinalProject-master_v2/PHYS301_FinalProject-master/ALU_v4.vhf \
      PB ieee/std_logic_1164 1381692176 PB ieee/NUMERIC_STD 1381692181 LB UNISIM \
      PH unisim/VCOMPONENTS 1381692182
AR work/ALU_v4/BEHAVIORAL 1544682191 \
      FL C:/Users/John/Downloads/PHYS301_FinalProject-master_v2/PHYS301_FinalProject-master/ALU_v4.vhf \
      EN work/ALU_v4 1544682190 CP twos_comp_MUSER_ALU_v4 CP ADSU8_MXILINX_ALU_v4 \
      CP AND2 CP OR2 CP INV CP NOR8_MXILINX_ALU_v4 CP AND3B1
FL C:/Users/John/Downloads/PHYS301_FinalProject-master_v2/PHYS301_FinalProject-master/bin2BCD3en.vhd 2018/12/12.19:26:34 P.20131013
EN work/bin2BCD3en 1544682130 \
      FL C:/Users/John/Downloads/PHYS301_FinalProject-master_v2/PHYS301_FinalProject-master/bin2BCD3en.vhd \
      PB ieee/std_logic_1164 1381692176 PB ieee/std_logic_arith 1381692177 \
      PB ieee/STD_LOGIC_UNSIGNED 1381692179 LB UNISIM PH unisim/VCOMPONENTS 1381692182
AR work/bin2BCD3en/Behavioral 1544682131 \
      FL C:/Users/John/Downloads/PHYS301_FinalProject-master_v2/PHYS301_FinalProject-master/bin2BCD3en.vhd \
      EN work/bin2BCD3en 1544682130
FL C:/Users/John/Downloads/PHYS301_FinalProject-master_v2/PHYS301_FinalProject-master/ClockSignalController.vhf 2018/12/12.19:28:50 P.20131013
EN work/ClockSignalController 1544682272 \
      FL C:/Users/John/Downloads/PHYS301_FinalProject-master_v2/PHYS301_FinalProject-master/ClockSignalController.vhf \
      PB ieee/std_logic_1164 1381692176 PB ieee/NUMERIC_STD 1381692181 LB UNISIM \
      PH unisim/VCOMPONENTS 1381692182
AR work/ClockSignalController/BEHAVIORAL 1544682273 \
      FL C:/Users/John/Downloads/PHYS301_FinalProject-master_v2/PHYS301_FinalProject-master/ClockSignalController.vhf \
      EN work/ClockSignalController 1544682272 CP OR2 CP AND3B1 CP AND2B1
FL C:/Users/John/Downloads/PHYS301_FinalProject-master_v2/PHYS301_FinalProject-master/col_strobe.vhd 2018/12/12.19:26:34 P.20131013
EN work/col_strobe 1544682118 \
      FL C:/Users/John/Downloads/PHYS301_FinalProject-master_v2/PHYS301_FinalProject-master/col_strobe.vhd \
      PB ieee/std_logic_1164 1381692176 PB ieee/std_logic_arith 1381692177 \
      PB ieee/STD_LOGIC_UNSIGNED 1381692179
AR work/col_strobe/Behavioral 1544682119 \
      FL C:/Users/John/Downloads/PHYS301_FinalProject-master_v2/PHYS301_FinalProject-master/col_strobe.vhd \
      EN work/col_strobe 1544682118
FL C:/Users/John/Downloads/PHYS301_FinalProject-master_v2/PHYS301_FinalProject-master/ControlUnit.vhf 2018/12/12.19:29:14 P.20131013
EN work/ClockSignalController_MUSER_ControlUnit 1544682232 \
      FL C:/Users/John/Downloads/PHYS301_FinalProject-master_v2/PHYS301_FinalProject-master/ControlUnit.vhf \
      PB ieee/std_logic_1164 1381692176 PB ieee/NUMERIC_STD 1381692181 LB UNISIM \
      PH unisim/VCOMPONENTS 1381692182
AR work/ClockSignalController_MUSER_ControlUnit/BEHAVIORAL 1544682233 \
      FL C:/Users/John/Downloads/PHYS301_FinalProject-master_v2/PHYS301_FinalProject-master/ControlUnit.vhf \
      EN work/ClockSignalController_MUSER_ControlUnit 1544682232 CP OR2 CP AND3B1 \
      CP AND2B1
EN work/AND8_MXILINX_ControlUnit 1544682234 \
      FL C:/Users/John/Downloads/PHYS301_FinalProject-master_v2/PHYS301_FinalProject-master/ControlUnit.vhf \
      PB ieee/std_logic_1164 1381692176 PB ieee/NUMERIC_STD 1381692181 LB UNISIM \
      PH unisim/VCOMPONENTS 1381692182
AR work/AND8_MXILINX_ControlUnit/BEHAVIORAL 1544682235 \
      FL C:/Users/John/Downloads/PHYS301_FinalProject-master_v2/PHYS301_FinalProject-master/ControlUnit.vhf \
      EN work/AND8_MXILINX_ControlUnit 1544682234 CP FMAP CP AND4 CP AND2
EN work/Signals_MUSER_ControlUnit 1544682236 \
      FL C:/Users/John/Downloads/PHYS301_FinalProject-master_v2/PHYS301_FinalProject-master/ControlUnit.vhf \
      PB ieee/std_logic_1164 1381692176 PB ieee/NUMERIC_STD 1381692181 LB UNISIM \
      PH unisim/VCOMPONENTS 1381692182
AR work/Signals_MUSER_ControlUnit/BEHAVIORAL 1544682237 \
      FL C:/Users/John/Downloads/PHYS301_FinalProject-master_v2/PHYS301_FinalProject-master/ControlUnit.vhf \
      EN work/Signals_MUSER_ControlUnit 1544682236 CP INV \
      CP AND8_MXILINX_ControlUnit
EN work/InstructionControl_MUSER_ControlUnit 1544682238 \
      FL C:/Users/John/Downloads/PHYS301_FinalProject-master_v2/PHYS301_FinalProject-master/ControlUnit.vhf \
      PB ieee/std_logic_1164 1381692176 PB ieee/NUMERIC_STD 1381692181 LB UNISIM \
      PH unisim/VCOMPONENTS 1381692182
AR work/InstructionControl_MUSER_ControlUnit/BEHAVIORAL 1544682239 \
      FL C:/Users/John/Downloads/PHYS301_FinalProject-master_v2/PHYS301_FinalProject-master/ControlUnit.vhf \
      EN work/InstructionControl_MUSER_ControlUnit 1544682238 \
      CP Signals_MUSER_ControlUnit CP ClockSignalController_MUSER_ControlUnit
EN work/ControlUnit 1544682240 \
      FL C:/Users/John/Downloads/PHYS301_FinalProject-master_v2/PHYS301_FinalProject-master/ControlUnit.vhf \
      PB ieee/std_logic_1164 1381692176 PB ieee/NUMERIC_STD 1381692181 LB UNISIM \
      PH unisim/VCOMPONENTS 1381692182
AR work/ControlUnit/BEHAVIORAL 1544682241 \
      FL C:/Users/John/Downloads/PHYS301_FinalProject-master_v2/PHYS301_FinalProject-master/ControlUnit.vhf \
      EN work/ControlUnit 1544682240 CP PULLUP \
      CP InstructionControl_MUSER_ControlUnit
FL C:/Users/John/Downloads/PHYS301_FinalProject-master_v2/PHYS301_FinalProject-master/DCM_100M.vhd 2018/12/12.19:26:34 P.20131013
EN work/DCM_100M 1544682112 \
      FL C:/Users/John/Downloads/PHYS301_FinalProject-master_v2/PHYS301_FinalProject-master/DCM_100M.vhd \
      PB ieee/std_logic_1164 1381692176 PB ieee/NUMERIC_STD 1381692181
AR work/DCM_100M/Behavioral 1544682113 \
      FL C:/Users/John/Downloads/PHYS301_FinalProject-master_v2/PHYS301_FinalProject-master/DCM_100M.vhd \
      EN work/DCM_100M 1544682112
FL C:/Users/John/Downloads/PHYS301_FinalProject-master_v2/PHYS301_FinalProject-master/debounce.vhd 2018/12/12.19:26:34 P.20131013
EN work/switch_debounce 1544682110 \
      FL C:/Users/John/Downloads/PHYS301_FinalProject-master_v2/PHYS301_FinalProject-master/debounce.vhd \
      PB ieee/std_logic_1164 1381692176 PB ieee/std_logic_arith 1381692177 \
      PB ieee/STD_LOGIC_UNSIGNED 1381692179
AR work/switch_debounce/Behavioral 1544682111 \
      FL C:/Users/John/Downloads/PHYS301_FinalProject-master_v2/PHYS301_FinalProject-master/debounce.vhd \
      EN work/switch_debounce 1544682110
FL C:/Users/John/Downloads/PHYS301_FinalProject-master_v2/PHYS301_FinalProject-master/decoder16keyEn.vhd 2018/12/12.19:26:34 P.20131013
EN work/decoder16keyEn 1544682120 \
      FL C:/Users/John/Downloads/PHYS301_FinalProject-master_v2/PHYS301_FinalProject-master/decoder16keyEn.vhd \
      PB ieee/std_logic_1164 1381692176 PB ieee/std_logic_arith 1381692177 \
      PB ieee/STD_LOGIC_UNSIGNED 1381692179
AR work/decoder16keyEn/Doric 1544682121 \
      FL C:/Users/John/Downloads/PHYS301_FinalProject-master_v2/PHYS301_FinalProject-master/decoder16keyEn.vhd \
      EN work/decoder16keyEn 1544682120
FL C:/Users/John/Downloads/PHYS301_FinalProject-master_v2/PHYS301_FinalProject-master/DivClock.vhf 2018/12/12.19:26:35 P.20131013
EN work/FJKC_MXILINX_DivClock 1544682242 \
      FL C:/Users/John/Downloads/PHYS301_FinalProject-master_v2/PHYS301_FinalProject-master/DivClock.vhf \
      PB ieee/std_logic_1164 1381692176 PB ieee/NUMERIC_STD 1381692181 LB UNISIM \
      PH unisim/VCOMPONENTS 1381692182
AR work/FJKC_MXILINX_DivClock/BEHAVIORAL 1544682243 \
      FL C:/Users/John/Downloads/PHYS301_FinalProject-master_v2/PHYS301_FinalProject-master/DivClock.vhf \
      EN work/FJKC_MXILINX_DivClock 1544682242 CP FDC CP AND3B2 CP AND3B1 CP OR3 \
      CP AND2B1
EN work/DivClock 1544682244 \
      FL C:/Users/John/Downloads/PHYS301_FinalProject-master_v2/PHYS301_FinalProject-master/DivClock.vhf \
      PB ieee/std_logic_1164 1381692176 PB ieee/NUMERIC_STD 1381692181 LB UNISIM \
      PH unisim/VCOMPONENTS 1381692182
AR work/DivClock/BEHAVIORAL 1544682245 \
      FL C:/Users/John/Downloads/PHYS301_FinalProject-master_v2/PHYS301_FinalProject-master/DivClock.vhf \
      EN work/DivClock 1544682244 CP FJKC_MXILINX_DivClock CP PULLUP CP BUF
FL C:/Users/John/Downloads/PHYS301_FinalProject-master_v2/PHYS301_FinalProject-master/eight_b_mux.vhf 2018/12/12.22:21:31 P.20131013
EN work/M2_1_MXILINX_eight_b_mux 1544682246 \
      FL C:/Users/John/Downloads/PHYS301_FinalProject-master_v2/PHYS301_FinalProject-master/eight_b_mux.vhf \
      PB ieee/std_logic_1164 1381692176 PB ieee/NUMERIC_STD 1381692181 LB UNISIM \
      PH unisim/VCOMPONENTS 1381692182
AR work/M2_1_MXILINX_eight_b_mux/BEHAVIORAL 1544682247 \
      FL C:/Users/John/Downloads/PHYS301_FinalProject-master_v2/PHYS301_FinalProject-master/eight_b_mux.vhf \
      EN work/M2_1_MXILINX_eight_b_mux 1544682246 CP AND2B1 CP OR2 CP AND2
EN work/eight_b_mux 1544682248 \
      FL C:/Users/John/Downloads/PHYS301_FinalProject-master_v2/PHYS301_FinalProject-master/eight_b_mux.vhf \
      PB ieee/std_logic_1164 1381692176 PB ieee/NUMERIC_STD 1381692181 LB UNISIM \
      PH unisim/VCOMPONENTS 1381692182
AR work/eight_b_mux/BEHAVIORAL 1544682249 \
      FL C:/Users/John/Downloads/PHYS301_FinalProject-master_v2/PHYS301_FinalProject-master/eight_b_mux.vhf \
      EN work/eight_b_mux 1544682248 CP M2_1_MXILINX_eight_b_mux
FL C:/Users/John/Downloads/PHYS301_FinalProject-master_v2/PHYS301_FinalProject-master/final_v1.vhf 2018/12/12.22:21:39 P.20131013
EN work/keypad_input_MUSER_final_v1 1544682132 \
      FL C:/Users/John/Downloads/PHYS301_FinalProject-master_v2/PHYS301_FinalProject-master/final_v1.vhf \
      PB ieee/std_logic_1164 1381692176 PB ieee/NUMERIC_STD 1381692181 LB UNISIM \
      PH unisim/VCOMPONENTS 1381692182
AR work/keypad_input_MUSER_final_v1/BEHAVIORAL 1544682133 \
      FL C:/Users/John/Downloads/PHYS301_FinalProject-master_v2/PHYS301_FinalProject-master/final_v1.vhf \
      EN work/keypad_input_MUSER_final_v1 1544682132 CP key_detect CP col_strobe \
      CP decoder16keyEn CP oneshot CP PULLDOWN CP INV CP key4_dbnc CP shiftreg_hex2D
EN work/memory_MUSER_final_v1 1544682134 \
      FL C:/Users/John/Downloads/PHYS301_FinalProject-master_v2/PHYS301_FinalProject-master/final_v1.vhf \
      PB ieee/std_logic_1164 1381692176 PB ieee/NUMERIC_STD 1381692181 LB UNISIM \
      PH unisim/VCOMPONENTS 1381692182
AR work/memory_MUSER_final_v1/BEHAVIORAL 1544682135 \
      FL C:/Users/John/Downloads/PHYS301_FinalProject-master_v2/PHYS301_FinalProject-master/final_v1.vhf \
      EN work/memory_MUSER_final_v1 1544682134 CP sRAM32x8_generic CP PULLDOWN \
      CP AND3B1 CP INV
EN work/FJKC_MXILINX_final_v1 1544682136 \
      FL C:/Users/John/Downloads/PHYS301_FinalProject-master_v2/PHYS301_FinalProject-master/final_v1.vhf \
      PB ieee/std_logic_1164 1381692176 PB ieee/NUMERIC_STD 1381692181 LB UNISIM \
      PH unisim/VCOMPONENTS 1381692182
AR work/FJKC_MXILINX_final_v1/BEHAVIORAL 1544682137 \
      FL C:/Users/John/Downloads/PHYS301_FinalProject-master_v2/PHYS301_FinalProject-master/final_v1.vhf \
      EN work/FJKC_MXILINX_final_v1 1544682136 CP FDC CP AND3B2 CP AND3B1 CP OR3 \
      CP AND2B1
EN work/DivClock_MUSER_final_v1 1544682138 \
      FL C:/Users/John/Downloads/PHYS301_FinalProject-master_v2/PHYS301_FinalProject-master/final_v1.vhf \
      PB ieee/std_logic_1164 1381692176 PB ieee/NUMERIC_STD 1381692181 LB UNISIM \
      PH unisim/VCOMPONENTS 1381692182
AR work/DivClock_MUSER_final_v1/BEHAVIORAL 1544682139 \
      FL C:/Users/John/Downloads/PHYS301_FinalProject-master_v2/PHYS301_FinalProject-master/final_v1.vhf \
      EN work/DivClock_MUSER_final_v1 1544682138 CP FJKC_MXILINX_final_v1 \
      CP PULLUP CP BUF
EN work/M2_1_MXILINX_final_v1 1544682140 \
      FL C:/Users/John/Downloads/PHYS301_FinalProject-master_v2/PHYS301_FinalProject-master/final_v1.vhf \
      PB ieee/std_logic_1164 1381692176 PB ieee/NUMERIC_STD 1381692181 LB UNISIM \
      PH unisim/VCOMPONENTS 1381692182
AR work/M2_1_MXILINX_final_v1/BEHAVIORAL 1544682141 \
      FL C:/Users/John/Downloads/PHYS301_FinalProject-master_v2/PHYS301_FinalProject-master/final_v1.vhf \
      EN work/M2_1_MXILINX_final_v1 1544682140 CP AND2B1 CP OR2 CP AND2
EN work/M2_1B1_MXILINX_final_v1 1544682142 \
      FL C:/Users/John/Downloads/PHYS301_FinalProject-master_v2/PHYS301_FinalProject-master/final_v1.vhf \
      PB ieee/std_logic_1164 1381692176 PB ieee/NUMERIC_STD 1381692181 LB UNISIM \
      PH unisim/VCOMPONENTS 1381692182
AR work/M2_1B1_MXILINX_final_v1/BEHAVIORAL 1544682143 \
      FL C:/Users/John/Downloads/PHYS301_FinalProject-master_v2/PHYS301_FinalProject-master/final_v1.vhf \
      EN work/M2_1B1_MXILINX_final_v1 1544682142 CP AND2B2 CP OR2 CP AND2
EN work/FTCLEX_MXILINX_final_v1 1544682144 \
      FL C:/Users/John/Downloads/PHYS301_FinalProject-master_v2/PHYS301_FinalProject-master/final_v1.vhf \
      PB ieee/std_logic_1164 1381692176 PB ieee/NUMERIC_STD 1381692181 LB UNISIM \
      PH unisim/VCOMPONENTS 1381692182
AR work/FTCLEX_MXILINX_final_v1/BEHAVIORAL 1544682145 \
      FL C:/Users/John/Downloads/PHYS301_FinalProject-master_v2/PHYS301_FinalProject-master/final_v1.vhf \
      EN work/FTCLEX_MXILINX_final_v1 1544682144 CP M2_1_MXILINX_final_v1 CP XOR2 \
      CP FDCE
EN work/CB8CLED_MXILINX_final_v1 1544682146 \
      FL C:/Users/John/Downloads/PHYS301_FinalProject-master_v2/PHYS301_FinalProject-master/final_v1.vhf \
      PB ieee/std_logic_1164 1381692176 PB ieee/NUMERIC_STD 1381692181 LB UNISIM \
      PH unisim/VCOMPONENTS 1381692182
AR work/CB8CLED_MXILINX_final_v1/BEHAVIORAL 1544682147 \
      FL C:/Users/John/Downloads/PHYS301_FinalProject-master_v2/PHYS301_FinalProject-master/final_v1.vhf \
      EN work/CB8CLED_MXILINX_final_v1 1544682146 CP FTCLEX_MXILINX_final_v1 \
      CP M2_1_MXILINX_final_v1 CP M2_1B1_MXILINX_final_v1 CP AND5 CP AND4 CP AND4B3 \
      CP AND2B2 CP VCC CP AND2B1 CP AND3 CP AND3B2 CP AND3B3 CP AND4B4 CP AND2 CP AND5B4 \
      CP OR2
EN work/Prog_Counter_MUSER_final_v1 1544682148 \
      FL C:/Users/John/Downloads/PHYS301_FinalProject-master_v2/PHYS301_FinalProject-master/final_v1.vhf \
      PB ieee/std_logic_1164 1381692176 PB ieee/NUMERIC_STD 1381692181 LB UNISIM \
      PH unisim/VCOMPONENTS 1381692182
AR work/Prog_Counter_MUSER_final_v1/BEHAVIORAL 1544682149 \
      FL C:/Users/John/Downloads/PHYS301_FinalProject-master_v2/PHYS301_FinalProject-master/final_v1.vhf \
      EN work/Prog_Counter_MUSER_final_v1 1544682148 CP CB8CLED_MXILINX_final_v1 \
      CP PULLUP CP INV CP DCM_100M CP PULLDOWN CP BUF CP M2_1_MXILINX_final_v1 \
      CP AND3B1 CP OR2 CP AND2B1 CP DivClock_MUSER_final_v1
EN work/eight_b_mux_MUSER_final_v1 1544682150 \
      FL C:/Users/John/Downloads/PHYS301_FinalProject-master_v2/PHYS301_FinalProject-master/final_v1.vhf \
      PB ieee/std_logic_1164 1381692176 PB ieee/NUMERIC_STD 1381692181 LB UNISIM \
      PH unisim/VCOMPONENTS 1381692182
AR work/eight_b_mux_MUSER_final_v1/BEHAVIORAL 1544682151 \
      FL C:/Users/John/Downloads/PHYS301_FinalProject-master_v2/PHYS301_FinalProject-master/final_v1.vhf \
      EN work/eight_b_mux_MUSER_final_v1 1544682150 CP M2_1_MXILINX_final_v1
EN work/ClockSignalController_MUSER_final_v1 1544682152 \
      FL C:/Users/John/Downloads/PHYS301_FinalProject-master_v2/PHYS301_FinalProject-master/final_v1.vhf \
      PB ieee/std_logic_1164 1381692176 PB ieee/NUMERIC_STD 1381692181 LB UNISIM \
      PH unisim/VCOMPONENTS 1381692182
AR work/ClockSignalController_MUSER_final_v1/BEHAVIORAL 1544682153 \
      FL C:/Users/John/Downloads/PHYS301_FinalProject-master_v2/PHYS301_FinalProject-master/final_v1.vhf \
      EN work/ClockSignalController_MUSER_final_v1 1544682152 CP OR2 CP AND3B1 \
      CP AND2B1
EN work/AND8_MXILINX_final_v1 1544682154 \
      FL C:/Users/John/Downloads/PHYS301_FinalProject-master_v2/PHYS301_FinalProject-master/final_v1.vhf \
      PB ieee/std_logic_1164 1381692176 PB ieee/NUMERIC_STD 1381692181 LB UNISIM \
      PH unisim/VCOMPONENTS 1381692182
AR work/AND8_MXILINX_final_v1/BEHAVIORAL 1544682155 \
      FL C:/Users/John/Downloads/PHYS301_FinalProject-master_v2/PHYS301_FinalProject-master/final_v1.vhf \
      EN work/AND8_MXILINX_final_v1 1544682154 CP FMAP CP AND4 CP AND2
EN work/Signals_MUSER_final_v1 1544682156 \
      FL C:/Users/John/Downloads/PHYS301_FinalProject-master_v2/PHYS301_FinalProject-master/final_v1.vhf \
      PB ieee/std_logic_1164 1381692176 PB ieee/NUMERIC_STD 1381692181 LB UNISIM \
      PH unisim/VCOMPONENTS 1381692182
AR work/Signals_MUSER_final_v1/BEHAVIORAL 1544682157 \
      FL C:/Users/John/Downloads/PHYS301_FinalProject-master_v2/PHYS301_FinalProject-master/final_v1.vhf \
      EN work/Signals_MUSER_final_v1 1544682156 CP INV CP AND8_MXILINX_final_v1
EN work/InstructionControl_MUSER_final_v1 1544682158 \
      FL C:/Users/John/Downloads/PHYS301_FinalProject-master_v2/PHYS301_FinalProject-master/final_v1.vhf \
      PB ieee/std_logic_1164 1381692176 PB ieee/NUMERIC_STD 1381692181 LB UNISIM \
      PH unisim/VCOMPONENTS 1381692182
AR work/InstructionControl_MUSER_final_v1/BEHAVIORAL 1544682159 \
      FL C:/Users/John/Downloads/PHYS301_FinalProject-master_v2/PHYS301_FinalProject-master/final_v1.vhf \
      EN work/InstructionControl_MUSER_final_v1 1544682158 \
      CP Signals_MUSER_final_v1 CP ClockSignalController_MUSER_final_v1
EN work/ControlUnit_MUSER_final_v1 1544682160 \
      FL C:/Users/John/Downloads/PHYS301_FinalProject-master_v2/PHYS301_FinalProject-master/final_v1.vhf \
      PB ieee/std_logic_1164 1381692176 PB ieee/NUMERIC_STD 1381692181 LB UNISIM \
      PH unisim/VCOMPONENTS 1381692182
AR work/ControlUnit_MUSER_final_v1/BEHAVIORAL 1544682161 \
      FL C:/Users/John/Downloads/PHYS301_FinalProject-master_v2/PHYS301_FinalProject-master/final_v1.vhf \
      EN work/ControlUnit_MUSER_final_v1 1544682160 CP PULLUP \
      CP InstructionControl_MUSER_final_v1
EN work/FD8RE_MXILINX_final_v1 1544682162 \
      FL C:/Users/John/Downloads/PHYS301_FinalProject-master_v2/PHYS301_FinalProject-master/final_v1.vhf \
      PB ieee/std_logic_1164 1381692176 PB ieee/NUMERIC_STD 1381692181 LB UNISIM \
      PH unisim/VCOMPONENTS 1381692182
AR work/FD8RE_MXILINX_final_v1/BEHAVIORAL 1544682163 \
      FL C:/Users/John/Downloads/PHYS301_FinalProject-master_v2/PHYS301_FinalProject-master/final_v1.vhf \
      EN work/FD8RE_MXILINX_final_v1 1544682162 CP FDRE
EN work/WorkingRegisters_MUSER_final_v1 1544682164 \
      FL C:/Users/John/Downloads/PHYS301_FinalProject-master_v2/PHYS301_FinalProject-master/final_v1.vhf \
      PB ieee/std_logic_1164 1381692176 PB ieee/NUMERIC_STD 1381692181 LB UNISIM \
      PH unisim/VCOMPONENTS 1381692182
AR work/WorkingRegisters_MUSER_final_v1/BEHAVIORAL 1544682165 \
      FL C:/Users/John/Downloads/PHYS301_FinalProject-master_v2/PHYS301_FinalProject-master/final_v1.vhf \
      EN work/WorkingRegisters_MUSER_final_v1 1544682164 \
      CP FD8RE_MXILINX_final_v1 CP PULLUP
EN work/RegisterBank_MUSER_final_v1 1544682166 \
      FL C:/Users/John/Downloads/PHYS301_FinalProject-master_v2/PHYS301_FinalProject-master/final_v1.vhf \
      PB ieee/std_logic_1164 1381692176 PB ieee/NUMERIC_STD 1381692181 LB UNISIM \
      PH unisim/VCOMPONENTS 1381692182
AR work/RegisterBank_MUSER_final_v1/BEHAVIORAL 1544682167 \
      FL C:/Users/John/Downloads/PHYS301_FinalProject-master_v2/PHYS301_FinalProject-master/final_v1.vhf \
      EN work/RegisterBank_MUSER_final_v1 1544682166 CP FD8RE_MXILINX_final_v1 \
      CP PULLUP CP WorkingRegisters_MUSER_final_v1
EN work/MainControlUnit_MUSER_final_v1 1544682168 \
      FL C:/Users/John/Downloads/PHYS301_FinalProject-master_v2/PHYS301_FinalProject-master/final_v1.vhf \
      PB ieee/std_logic_1164 1381692176 PB ieee/NUMERIC_STD 1381692181 LB UNISIM \
      PH unisim/VCOMPONENTS 1381692182
AR work/MainControlUnit_MUSER_final_v1/BEHAVIORAL 1544682169 \
      FL C:/Users/John/Downloads/PHYS301_FinalProject-master_v2/PHYS301_FinalProject-master/final_v1.vhf \
      EN work/MainControlUnit_MUSER_final_v1 1544682168 \
      CP RegisterBank_MUSER_final_v1 CP ControlUnit_MUSER_final_v1 CP OR3 CP OR2 \
      CP eight_b_mux_MUSER_final_v1
EN work/NOR8_MXILINX_final_v1 1544682170 \
      FL C:/Users/John/Downloads/PHYS301_FinalProject-master_v2/PHYS301_FinalProject-master/final_v1.vhf \
      PB ieee/std_logic_1164 1381692176 PB ieee/NUMERIC_STD 1381692181 LB UNISIM \
      PH unisim/VCOMPONENTS 1381692182
AR work/NOR8_MXILINX_final_v1/BEHAVIORAL 1544682171 \
      FL C:/Users/John/Downloads/PHYS301_FinalProject-master_v2/PHYS301_FinalProject-master/final_v1.vhf \
      EN work/NOR8_MXILINX_final_v1 1544682170 CP FMAP CP OR4 CP NOR2
EN work/ADSU8_MXILINX_final_v1 1544682172 \
      FL C:/Users/John/Downloads/PHYS301_FinalProject-master_v2/PHYS301_FinalProject-master/final_v1.vhf \
      PB ieee/std_logic_1164 1381692176 PB ieee/NUMERIC_STD 1381692181 LB UNISIM \
      PH unisim/VCOMPONENTS 1381692182
AR work/ADSU8_MXILINX_final_v1/BEHAVIORAL 1544682173 \
      FL C:/Users/John/Downloads/PHYS301_FinalProject-master_v2/PHYS301_FinalProject-master/final_v1.vhf \
      EN work/ADSU8_MXILINX_final_v1 1544682172 CP FMAP CP XOR3 CP MUXCY_L CP MUXCY \
      CP XORCY CP MUXCY_D CP INV CP XOR2
EN work/ADD8_MXILINX_final_v1 1544682174 \
      FL C:/Users/John/Downloads/PHYS301_FinalProject-master_v2/PHYS301_FinalProject-master/final_v1.vhf \
      PB ieee/std_logic_1164 1381692176 PB ieee/NUMERIC_STD 1381692181 LB UNISIM \
      PH unisim/VCOMPONENTS 1381692182
AR work/ADD8_MXILINX_final_v1/BEHAVIORAL 1544682175 \
      FL C:/Users/John/Downloads/PHYS301_FinalProject-master_v2/PHYS301_FinalProject-master/final_v1.vhf \
      EN work/ADD8_MXILINX_final_v1 1544682174 CP FMAP CP MUXCY_L CP MUXCY CP XORCY \
      CP MUXCY_D CP XOR2
EN work/twos_comp_MUSER_final_v1 1544682176 \
      FL C:/Users/John/Downloads/PHYS301_FinalProject-master_v2/PHYS301_FinalProject-master/final_v1.vhf \
      PB ieee/std_logic_1164 1381692176 PB ieee/NUMERIC_STD 1381692181 LB UNISIM \
      PH unisim/VCOMPONENTS 1381692182
AR work/twos_comp_MUSER_final_v1/BEHAVIORAL 1544682177 \
      FL C:/Users/John/Downloads/PHYS301_FinalProject-master_v2/PHYS301_FinalProject-master/final_v1.vhf \
      EN work/twos_comp_MUSER_final_v1 1544682176 CP XOR2 CP ADD8_MXILINX_final_v1 \
      CP BUF
EN work/ALU_v4_MUSER_final_v1 1544682178 \
      FL C:/Users/John/Downloads/PHYS301_FinalProject-master_v2/PHYS301_FinalProject-master/final_v1.vhf \
      PB ieee/std_logic_1164 1381692176 PB ieee/NUMERIC_STD 1381692181 LB UNISIM \
      PH unisim/VCOMPONENTS 1381692182
AR work/ALU_v4_MUSER_final_v1/BEHAVIORAL 1544682179 \
      FL C:/Users/John/Downloads/PHYS301_FinalProject-master_v2/PHYS301_FinalProject-master/final_v1.vhf \
      EN work/ALU_v4_MUSER_final_v1 1544682178 CP twos_comp_MUSER_final_v1 \
      CP ADSU8_MXILINX_final_v1 CP AND2 CP OR2 CP INV CP NOR8_MXILINX_final_v1 \
      CP AND3B1
EN work/final_v1 1544682180 \
      FL C:/Users/John/Downloads/PHYS301_FinalProject-master_v2/PHYS301_FinalProject-master/final_v1.vhf \
      PB ieee/std_logic_1164 1381692176 PB ieee/NUMERIC_STD 1381692181 LB UNISIM \
      PH unisim/VCOMPONENTS 1381692182
AR work/final_v1/BEHAVIORAL 1544682181 \
      FL C:/Users/John/Downloads/PHYS301_FinalProject-master_v2/PHYS301_FinalProject-master/final_v1.vhf \
      EN work/final_v1 1544682180 CP memory_MUSER_final_v1 \
      CP Prog_Counter_MUSER_final_v1 CP keypad_input_MUSER_final_v1 CP INV \
      CP MainControlUnit_MUSER_final_v1 CP ALU_v4_MUSER_final_v1 CP sseg_mux4D \
      CP bin2BCD3en
FL C:/Users/John/Downloads/PHYS301_FinalProject-master_v2/PHYS301_FinalProject-master/InstructionControl.vhf 2018/12/12.19:29:16 P.20131013
EN work/ClockSignalController_MUSER_InstructionControl 1544682260 \
      FL C:/Users/John/Downloads/PHYS301_FinalProject-master_v2/PHYS301_FinalProject-master/InstructionControl.vhf \
      PB ieee/std_logic_1164 1381692176 PB ieee/NUMERIC_STD 1381692181 LB UNISIM \
      PH unisim/VCOMPONENTS 1381692182
AR work/ClockSignalController_MUSER_InstructionControl/BEHAVIORAL 1544682261 \
      FL C:/Users/John/Downloads/PHYS301_FinalProject-master_v2/PHYS301_FinalProject-master/InstructionControl.vhf \
      EN work/ClockSignalController_MUSER_InstructionControl 1544682260 CP OR2 \
      CP AND3B1 CP AND2B1
EN work/AND8_MXILINX_InstructionControl 1544682262 \
      FL C:/Users/John/Downloads/PHYS301_FinalProject-master_v2/PHYS301_FinalProject-master/InstructionControl.vhf \
      PB ieee/std_logic_1164 1381692176 PB ieee/NUMERIC_STD 1381692181 LB UNISIM \
      PH unisim/VCOMPONENTS 1381692182
AR work/AND8_MXILINX_InstructionControl/BEHAVIORAL 1544682263 \
      FL C:/Users/John/Downloads/PHYS301_FinalProject-master_v2/PHYS301_FinalProject-master/InstructionControl.vhf \
      EN work/AND8_MXILINX_InstructionControl 1544682262 CP FMAP CP AND4 CP AND2
EN work/Signals_MUSER_InstructionControl 1544682264 \
      FL C:/Users/John/Downloads/PHYS301_FinalProject-master_v2/PHYS301_FinalProject-master/InstructionControl.vhf \
      PB ieee/std_logic_1164 1381692176 PB ieee/NUMERIC_STD 1381692181 LB UNISIM \
      PH unisim/VCOMPONENTS 1381692182
AR work/Signals_MUSER_InstructionControl/BEHAVIORAL 1544682265 \
      FL C:/Users/John/Downloads/PHYS301_FinalProject-master_v2/PHYS301_FinalProject-master/InstructionControl.vhf \
      EN work/Signals_MUSER_InstructionControl 1544682264 CP INV \
      CP AND8_MXILINX_InstructionControl
EN work/InstructionControl 1544682266 \
      FL C:/Users/John/Downloads/PHYS301_FinalProject-master_v2/PHYS301_FinalProject-master/InstructionControl.vhf \
      PB ieee/std_logic_1164 1381692176 PB ieee/NUMERIC_STD 1381692181 LB UNISIM \
      PH unisim/VCOMPONENTS 1381692182
AR work/InstructionControl/BEHAVIORAL 1544682267 \
      FL C:/Users/John/Downloads/PHYS301_FinalProject-master_v2/PHYS301_FinalProject-master/InstructionControl.vhf \
      EN work/InstructionControl 1544682266 CP Signals_MUSER_InstructionControl \
      CP ClockSignalController_MUSER_InstructionControl
FL C:/Users/John/Downloads/PHYS301_FinalProject-master_v2/PHYS301_FinalProject-master/key4_dbnc.vhd 2018/12/12.19:26:37 P.20131013
EN work/key4_dbnc 1544682124 \
      FL C:/Users/John/Downloads/PHYS301_FinalProject-master_v2/PHYS301_FinalProject-master/key4_dbnc.vhd \
      PB ieee/std_logic_1164 1381692176 PB ieee/NUMERIC_STD 1381692181
AR work/key4_dbnc/Behavioral 1544682125 \
      FL C:/Users/John/Downloads/PHYS301_FinalProject-master_v2/PHYS301_FinalProject-master/key4_dbnc.vhd \
      EN work/key4_dbnc 1544682124 CP switch_debounce
FL C:/Users/John/Downloads/PHYS301_FinalProject-master_v2/PHYS301_FinalProject-master/keypad_input.vhf 2018/12/12.19:28:59 P.20131013
EN work/keypad_input 1544682192 \
      FL C:/Users/John/Downloads/PHYS301_FinalProject-master_v2/PHYS301_FinalProject-master/keypad_input.vhf \
      PB ieee/std_logic_1164 1381692176 PB ieee/NUMERIC_STD 1381692181 LB UNISIM \
      PH unisim/VCOMPONENTS 1381692182
AR work/keypad_input/BEHAVIORAL 1544682193 \
      FL C:/Users/John/Downloads/PHYS301_FinalProject-master_v2/PHYS301_FinalProject-master/keypad_input.vhf \
      EN work/keypad_input 1544682192 CP key_detect CP col_strobe CP decoder16keyEn \
      CP oneshot CP PULLDOWN CP INV CP key4_dbnc CP shiftreg_hex2D
FL C:/Users/John/Downloads/PHYS301_FinalProject-master_v2/PHYS301_FinalProject-master/key_detect.vhd 2018/12/12.19:26:37 P.20131013
EN work/key_detect 1544682116 \
      FL C:/Users/John/Downloads/PHYS301_FinalProject-master_v2/PHYS301_FinalProject-master/key_detect.vhd \
      PB ieee/std_logic_1164 1381692176 PB ieee/std_logic_arith 1381692177 \
      PB ieee/STD_LOGIC_UNSIGNED 1381692179
AR work/key_detect/Behavioral 1544682117 \
      FL C:/Users/John/Downloads/PHYS301_FinalProject-master_v2/PHYS301_FinalProject-master/key_detect.vhd \
      EN work/key_detect 1544682116
FL C:/Users/John/Downloads/PHYS301_FinalProject-master_v2/PHYS301_FinalProject-master/MainControlUnit.vhf 2018/12/12.22:21:42 P.20131013
EN work/M2_1_MXILINX_MainControlUnit 1544682194 \
      FL C:/Users/John/Downloads/PHYS301_FinalProject-master_v2/PHYS301_FinalProject-master/MainControlUnit.vhf \
      PB ieee/std_logic_1164 1381692176 PB ieee/NUMERIC_STD 1381692181 LB UNISIM \
      PH unisim/VCOMPONENTS 1381692182
AR work/M2_1_MXILINX_MainControlUnit/BEHAVIORAL 1544682195 \
      FL C:/Users/John/Downloads/PHYS301_FinalProject-master_v2/PHYS301_FinalProject-master/MainControlUnit.vhf \
      EN work/M2_1_MXILINX_MainControlUnit 1544682194 CP AND2B1 CP OR2 CP AND2
EN work/eight_b_mux_MUSER_MainControlUnit 1544682196 \
      FL C:/Users/John/Downloads/PHYS301_FinalProject-master_v2/PHYS301_FinalProject-master/MainControlUnit.vhf \
      PB ieee/std_logic_1164 1381692176 PB ieee/NUMERIC_STD 1381692181 LB UNISIM \
      PH unisim/VCOMPONENTS 1381692182
AR work/eight_b_mux_MUSER_MainControlUnit/BEHAVIORAL 1544682197 \
      FL C:/Users/John/Downloads/PHYS301_FinalProject-master_v2/PHYS301_FinalProject-master/MainControlUnit.vhf \
      EN work/eight_b_mux_MUSER_MainControlUnit 1544682196 \
      CP M2_1_MXILINX_MainControlUnit
EN work/ClockSignalController_MUSER_MainControlUnit 1544682198 \
      FL C:/Users/John/Downloads/PHYS301_FinalProject-master_v2/PHYS301_FinalProject-master/MainControlUnit.vhf \
      PB ieee/std_logic_1164 1381692176 PB ieee/NUMERIC_STD 1381692181 LB UNISIM \
      PH unisim/VCOMPONENTS 1381692182
AR work/ClockSignalController_MUSER_MainControlUnit/BEHAVIORAL 1544682199 \
      FL C:/Users/John/Downloads/PHYS301_FinalProject-master_v2/PHYS301_FinalProject-master/MainControlUnit.vhf \
      EN work/ClockSignalController_MUSER_MainControlUnit 1544682198 CP OR2 \
      CP AND3B1 CP AND2B1
EN work/AND8_MXILINX_MainControlUnit 1544682200 \
      FL C:/Users/John/Downloads/PHYS301_FinalProject-master_v2/PHYS301_FinalProject-master/MainControlUnit.vhf \
      PB ieee/std_logic_1164 1381692176 PB ieee/NUMERIC_STD 1381692181 LB UNISIM \
      PH unisim/VCOMPONENTS 1381692182
AR work/AND8_MXILINX_MainControlUnit/BEHAVIORAL 1544682201 \
      FL C:/Users/John/Downloads/PHYS301_FinalProject-master_v2/PHYS301_FinalProject-master/MainControlUnit.vhf \
      EN work/AND8_MXILINX_MainControlUnit 1544682200 CP FMAP CP AND4 CP AND2
EN work/Signals_MUSER_MainControlUnit 1544682202 \
      FL C:/Users/John/Downloads/PHYS301_FinalProject-master_v2/PHYS301_FinalProject-master/MainControlUnit.vhf \
      PB ieee/std_logic_1164 1381692176 PB ieee/NUMERIC_STD 1381692181 LB UNISIM \
      PH unisim/VCOMPONENTS 1381692182
AR work/Signals_MUSER_MainControlUnit/BEHAVIORAL 1544682203 \
      FL C:/Users/John/Downloads/PHYS301_FinalProject-master_v2/PHYS301_FinalProject-master/MainControlUnit.vhf \
      EN work/Signals_MUSER_MainControlUnit 1544682202 CP INV \
      CP AND8_MXILINX_MainControlUnit
EN work/InstructionControl_MUSER_MainControlUnit 1544682204 \
      FL C:/Users/John/Downloads/PHYS301_FinalProject-master_v2/PHYS301_FinalProject-master/MainControlUnit.vhf \
      PB ieee/std_logic_1164 1381692176 PB ieee/NUMERIC_STD 1381692181 LB UNISIM \
      PH unisim/VCOMPONENTS 1381692182
AR work/InstructionControl_MUSER_MainControlUnit/BEHAVIORAL 1544682205 \
      FL C:/Users/John/Downloads/PHYS301_FinalProject-master_v2/PHYS301_FinalProject-master/MainControlUnit.vhf \
      EN work/InstructionControl_MUSER_MainControlUnit 1544682204 \
      CP Signals_MUSER_MainControlUnit \
      CP ClockSignalController_MUSER_MainControlUnit
EN work/ControlUnit_MUSER_MainControlUnit 1544682206 \
      FL C:/Users/John/Downloads/PHYS301_FinalProject-master_v2/PHYS301_FinalProject-master/MainControlUnit.vhf \
      PB ieee/std_logic_1164 1381692176 PB ieee/NUMERIC_STD 1381692181 LB UNISIM \
      PH unisim/VCOMPONENTS 1381692182
AR work/ControlUnit_MUSER_MainControlUnit/BEHAVIORAL 1544682207 \
      FL C:/Users/John/Downloads/PHYS301_FinalProject-master_v2/PHYS301_FinalProject-master/MainControlUnit.vhf \
      EN work/ControlUnit_MUSER_MainControlUnit 1544682206 CP PULLUP \
      CP InstructionControl_MUSER_MainControlUnit
EN work/FD8RE_MXILINX_MainControlUnit 1544682208 \
      FL C:/Users/John/Downloads/PHYS301_FinalProject-master_v2/PHYS301_FinalProject-master/MainControlUnit.vhf \
      PB ieee/std_logic_1164 1381692176 PB ieee/NUMERIC_STD 1381692181 LB UNISIM \
      PH unisim/VCOMPONENTS 1381692182
AR work/FD8RE_MXILINX_MainControlUnit/BEHAVIORAL 1544682209 \
      FL C:/Users/John/Downloads/PHYS301_FinalProject-master_v2/PHYS301_FinalProject-master/MainControlUnit.vhf \
      EN work/FD8RE_MXILINX_MainControlUnit 1544682208 CP FDRE
EN work/WorkingRegisters_MUSER_MainControlUnit 1544682210 \
      FL C:/Users/John/Downloads/PHYS301_FinalProject-master_v2/PHYS301_FinalProject-master/MainControlUnit.vhf \
      PB ieee/std_logic_1164 1381692176 PB ieee/NUMERIC_STD 1381692181 LB UNISIM \
      PH unisim/VCOMPONENTS 1381692182
AR work/WorkingRegisters_MUSER_MainControlUnit/BEHAVIORAL 1544682211 \
      FL C:/Users/John/Downloads/PHYS301_FinalProject-master_v2/PHYS301_FinalProject-master/MainControlUnit.vhf \
      EN work/WorkingRegisters_MUSER_MainControlUnit 1544682210 \
      CP FD8RE_MXILINX_MainControlUnit CP PULLUP
EN work/RegisterBank_MUSER_MainControlUnit 1544682212 \
      FL C:/Users/John/Downloads/PHYS301_FinalProject-master_v2/PHYS301_FinalProject-master/MainControlUnit.vhf \
      PB ieee/std_logic_1164 1381692176 PB ieee/NUMERIC_STD 1381692181 LB UNISIM \
      PH unisim/VCOMPONENTS 1381692182
AR work/RegisterBank_MUSER_MainControlUnit/BEHAVIORAL 1544682213 \
      FL C:/Users/John/Downloads/PHYS301_FinalProject-master_v2/PHYS301_FinalProject-master/MainControlUnit.vhf \
      EN work/RegisterBank_MUSER_MainControlUnit 1544682212 \
      CP FD8RE_MXILINX_MainControlUnit CP PULLUP \
      CP WorkingRegisters_MUSER_MainControlUnit
EN work/MainControlUnit 1544682214 \
      FL C:/Users/John/Downloads/PHYS301_FinalProject-master_v2/PHYS301_FinalProject-master/MainControlUnit.vhf \
      PB ieee/std_logic_1164 1381692176 PB ieee/NUMERIC_STD 1381692181 LB UNISIM \
      PH unisim/VCOMPONENTS 1381692182
AR work/MainControlUnit/BEHAVIORAL 1544682215 \
      FL C:/Users/John/Downloads/PHYS301_FinalProject-master_v2/PHYS301_FinalProject-master/MainControlUnit.vhf \
      EN work/MainControlUnit 1544682214 CP RegisterBank_MUSER_MainControlUnit \
      CP ControlUnit_MUSER_MainControlUnit CP OR3 CP OR2 \
      CP eight_b_mux_MUSER_MainControlUnit
FL C:/Users/John/Downloads/PHYS301_FinalProject-master_v2/PHYS301_FinalProject-master/memory.vhf 2018/12/12.19:28:42 P.20131013
EN work/memory 1544682216 \
      FL C:/Users/John/Downloads/PHYS301_FinalProject-master_v2/PHYS301_FinalProject-master/memory.vhf \
      PB ieee/std_logic_1164 1381692176 PB ieee/NUMERIC_STD 1381692181 LB UNISIM \
      PH unisim/VCOMPONENTS 1381692182
AR work/memory/BEHAVIORAL 1544682217 \
      FL C:/Users/John/Downloads/PHYS301_FinalProject-master_v2/PHYS301_FinalProject-master/memory.vhf \
      EN work/memory 1544682216 CP sRAM32x8_generic CP PULLDOWN CP AND3B1 CP INV
FL C:/Users/John/Downloads/PHYS301_FinalProject-master_v2/PHYS301_FinalProject-master/oneshot.vhd 2018/12/12.19:26:37 P.20131013
EN work/oneshot 1544682122 \
      FL C:/Users/John/Downloads/PHYS301_FinalProject-master_v2/PHYS301_FinalProject-master/oneshot.vhd \
      PB ieee/std_logic_1164 1381692176 PB ieee/NUMERIC_STD 1381692181 \
      PB ieee/std_logic_arith 1381692177
AR work/oneshot/Behavioral 1544682123 \
      FL C:/Users/John/Downloads/PHYS301_FinalProject-master_v2/PHYS301_FinalProject-master/oneshot.vhd \
      EN work/oneshot 1544682122
FL C:/Users/John/Downloads/PHYS301_FinalProject-master_v2/PHYS301_FinalProject-master/Prog_Counter.vhf 2018/12/12.19:28:42 P.20131013
EN work/FJKC_MXILINX_Prog_Counter 1544682218 \
      FL C:/Users/John/Downloads/PHYS301_FinalProject-master_v2/PHYS301_FinalProject-master/Prog_Counter.vhf \
      PB ieee/std_logic_1164 1381692176 PB ieee/NUMERIC_STD 1381692181 LB UNISIM \
      PH unisim/VCOMPONENTS 1381692182
AR work/FJKC_MXILINX_Prog_Counter/BEHAVIORAL 1544682219 \
      FL C:/Users/John/Downloads/PHYS301_FinalProject-master_v2/PHYS301_FinalProject-master/Prog_Counter.vhf \
      EN work/FJKC_MXILINX_Prog_Counter 1544682218 CP FDC CP AND3B2 CP AND3B1 CP OR3 \
      CP AND2B1
EN work/DivClock_MUSER_Prog_Counter 1544682220 \
      FL C:/Users/John/Downloads/PHYS301_FinalProject-master_v2/PHYS301_FinalProject-master/Prog_Counter.vhf \
      PB ieee/std_logic_1164 1381692176 PB ieee/NUMERIC_STD 1381692181 LB UNISIM \
      PH unisim/VCOMPONENTS 1381692182
AR work/DivClock_MUSER_Prog_Counter/BEHAVIORAL 1544682221 \
      FL C:/Users/John/Downloads/PHYS301_FinalProject-master_v2/PHYS301_FinalProject-master/Prog_Counter.vhf \
      EN work/DivClock_MUSER_Prog_Counter 1544682220 CP FJKC_MXILINX_Prog_Counter \
      CP PULLUP CP BUF
EN work/M2_1_MXILINX_Prog_Counter 1544682222 \
      FL C:/Users/John/Downloads/PHYS301_FinalProject-master_v2/PHYS301_FinalProject-master/Prog_Counter.vhf \
      PB ieee/std_logic_1164 1381692176 PB ieee/NUMERIC_STD 1381692181 LB UNISIM \
      PH unisim/VCOMPONENTS 1381692182
AR work/M2_1_MXILINX_Prog_Counter/BEHAVIORAL 1544682223 \
      FL C:/Users/John/Downloads/PHYS301_FinalProject-master_v2/PHYS301_FinalProject-master/Prog_Counter.vhf \
      EN work/M2_1_MXILINX_Prog_Counter 1544682222 CP AND2B1 CP OR2 CP AND2
EN work/M2_1B1_MXILINX_Prog_Counter 1544682224 \
      FL C:/Users/John/Downloads/PHYS301_FinalProject-master_v2/PHYS301_FinalProject-master/Prog_Counter.vhf \
      PB ieee/std_logic_1164 1381692176 PB ieee/NUMERIC_STD 1381692181 LB UNISIM \
      PH unisim/VCOMPONENTS 1381692182
AR work/M2_1B1_MXILINX_Prog_Counter/BEHAVIORAL 1544682225 \
      FL C:/Users/John/Downloads/PHYS301_FinalProject-master_v2/PHYS301_FinalProject-master/Prog_Counter.vhf \
      EN work/M2_1B1_MXILINX_Prog_Counter 1544682224 CP AND2B2 CP OR2 CP AND2
EN work/FTCLEX_MXILINX_Prog_Counter 1544682226 \
      FL C:/Users/John/Downloads/PHYS301_FinalProject-master_v2/PHYS301_FinalProject-master/Prog_Counter.vhf \
      PB ieee/std_logic_1164 1381692176 PB ieee/NUMERIC_STD 1381692181 LB UNISIM \
      PH unisim/VCOMPONENTS 1381692182
AR work/FTCLEX_MXILINX_Prog_Counter/BEHAVIORAL 1544682227 \
      FL C:/Users/John/Downloads/PHYS301_FinalProject-master_v2/PHYS301_FinalProject-master/Prog_Counter.vhf \
      EN work/FTCLEX_MXILINX_Prog_Counter 1544682226 CP M2_1_MXILINX_Prog_Counter \
      CP XOR2 CP FDCE
EN work/CB8CLED_MXILINX_Prog_Counter 1544682228 \
      FL C:/Users/John/Downloads/PHYS301_FinalProject-master_v2/PHYS301_FinalProject-master/Prog_Counter.vhf \
      PB ieee/std_logic_1164 1381692176 PB ieee/NUMERIC_STD 1381692181 LB UNISIM \
      PH unisim/VCOMPONENTS 1381692182
AR work/CB8CLED_MXILINX_Prog_Counter/BEHAVIORAL 1544682229 \
      FL C:/Users/John/Downloads/PHYS301_FinalProject-master_v2/PHYS301_FinalProject-master/Prog_Counter.vhf \
      EN work/CB8CLED_MXILINX_Prog_Counter 1544682228 \
      CP FTCLEX_MXILINX_Prog_Counter CP M2_1_MXILINX_Prog_Counter \
      CP M2_1B1_MXILINX_Prog_Counter CP AND5 CP AND4 CP AND4B3 CP AND2B2 CP VCC \
      CP AND2B1 CP AND3 CP AND3B2 CP AND3B3 CP AND4B4 CP AND2 CP AND5B4 CP OR2
EN work/Prog_Counter 1544682230 \
      FL C:/Users/John/Downloads/PHYS301_FinalProject-master_v2/PHYS301_FinalProject-master/Prog_Counter.vhf \
      PB ieee/std_logic_1164 1381692176 PB ieee/NUMERIC_STD 1381692181 LB UNISIM \
      PH unisim/VCOMPONENTS 1381692182
AR work/Prog_Counter/BEHAVIORAL 1544682231 \
      FL C:/Users/John/Downloads/PHYS301_FinalProject-master_v2/PHYS301_FinalProject-master/Prog_Counter.vhf \
      EN work/Prog_Counter 1544682230 CP CB8CLED_MXILINX_Prog_Counter CP PULLUP \
      CP INV CP DCM_100M CP PULLDOWN CP BUF CP M2_1_MXILINX_Prog_Counter CP AND3B1 \
      CP OR2 CP AND2B1 CP DivClock_MUSER_Prog_Counter
FL C:/Users/John/Downloads/PHYS301_FinalProject-master_v2/PHYS301_FinalProject-master/RegisterBank.vhf 2018/12/12.22:01:55 P.20131013
EN work/FD8RE_MXILINX_RegisterBank 1544682250 \
      FL C:/Users/John/Downloads/PHYS301_FinalProject-master_v2/PHYS301_FinalProject-master/RegisterBank.vhf \
      PB ieee/std_logic_1164 1381692176 PB ieee/NUMERIC_STD 1381692181 LB UNISIM \
      PH unisim/VCOMPONENTS 1381692182
AR work/FD8RE_MXILINX_RegisterBank/BEHAVIORAL 1544682251 \
      FL C:/Users/John/Downloads/PHYS301_FinalProject-master_v2/PHYS301_FinalProject-master/RegisterBank.vhf \
      EN work/FD8RE_MXILINX_RegisterBank 1544682250 CP FDRE
EN work/WorkingRegisters_MUSER_RegisterBank 1544682252 \
      FL C:/Users/John/Downloads/PHYS301_FinalProject-master_v2/PHYS301_FinalProject-master/RegisterBank.vhf \
      PB ieee/std_logic_1164 1381692176 PB ieee/NUMERIC_STD 1381692181 LB UNISIM \
      PH unisim/VCOMPONENTS 1381692182
AR work/WorkingRegisters_MUSER_RegisterBank/BEHAVIORAL 1544682253 \
      FL C:/Users/John/Downloads/PHYS301_FinalProject-master_v2/PHYS301_FinalProject-master/RegisterBank.vhf \
      EN work/WorkingRegisters_MUSER_RegisterBank 1544682252 \
      CP FD8RE_MXILINX_RegisterBank CP PULLUP
EN work/RegisterBank 1544682254 \
      FL C:/Users/John/Downloads/PHYS301_FinalProject-master_v2/PHYS301_FinalProject-master/RegisterBank.vhf \
      PB ieee/std_logic_1164 1381692176 PB ieee/NUMERIC_STD 1381692181 LB UNISIM \
      PH unisim/VCOMPONENTS 1381692182
AR work/RegisterBank/BEHAVIORAL 1544682255 \
      FL C:/Users/John/Downloads/PHYS301_FinalProject-master_v2/PHYS301_FinalProject-master/RegisterBank.vhf \
      EN work/RegisterBank 1544682254 CP FD8RE_MXILINX_RegisterBank CP PULLUP \
      CP WorkingRegisters_MUSER_RegisterBank
FL C:/Users/John/Downloads/PHYS301_FinalProject-master_v2/PHYS301_FinalProject-master/shiftreg_hex2D.vhd 2018/12/12.19:26:38 P.20131013
EN work/shiftreg_hex2D 1544682126 \
      FL C:/Users/John/Downloads/PHYS301_FinalProject-master_v2/PHYS301_FinalProject-master/shiftreg_hex2D.vhd \
      PB ieee/std_logic_1164 1381692176
AR work/shiftreg_hex2D/Behavioral 1544682127 \
      FL C:/Users/John/Downloads/PHYS301_FinalProject-master_v2/PHYS301_FinalProject-master/shiftreg_hex2D.vhd \
      EN work/shiftreg_hex2D 1544682126
FL C:/Users/John/Downloads/PHYS301_FinalProject-master_v2/PHYS301_FinalProject-master/Signals.vhf 2018/12/12.19:28:58 P.20131013
EN work/AND8_MXILINX_Signals 1544682274 \
      FL C:/Users/John/Downloads/PHYS301_FinalProject-master_v2/PHYS301_FinalProject-master/Signals.vhf \
      PB ieee/std_logic_1164 1381692176 PB ieee/NUMERIC_STD 1381692181 LB UNISIM \
      PH unisim/VCOMPONENTS 1381692182
AR work/AND8_MXILINX_Signals/BEHAVIORAL 1544682275 \
      FL C:/Users/John/Downloads/PHYS301_FinalProject-master_v2/PHYS301_FinalProject-master/Signals.vhf \
      EN work/AND8_MXILINX_Signals 1544682274 CP FMAP CP AND4 CP AND2
EN work/Signals 1544682276 \
      FL C:/Users/John/Downloads/PHYS301_FinalProject-master_v2/PHYS301_FinalProject-master/Signals.vhf \
      PB ieee/std_logic_1164 1381692176 PB ieee/NUMERIC_STD 1381692181 LB UNISIM \
      PH unisim/VCOMPONENTS 1381692182
AR work/Signals/BEHAVIORAL 1544682277 \
      FL C:/Users/John/Downloads/PHYS301_FinalProject-master_v2/PHYS301_FinalProject-master/Signals.vhf \
      EN work/Signals 1544682276 CP INV CP AND8_MXILINX_Signals
FL C:/Users/John/Downloads/PHYS301_FinalProject-master_v2/PHYS301_FinalProject-master/sRAM32x8_generic.vhd 2018/12/12.19:26:38 P.20131013
EN work/sRAM32x8_generic 1544682114 \
      FL C:/Users/John/Downloads/PHYS301_FinalProject-master_v2/PHYS301_FinalProject-master/sRAM32x8_generic.vhd \
      PB ieee/std_logic_1164 1381692176 PB ieee/NUMERIC_STD 1381692181 \
      PB ieee/STD_LOGIC_UNSIGNED 1381692179 LB UNISIM PH unisim/VCOMPONENTS 1381692182
AR work/sRAM32x8_generic/Behavioral 1544682115 \
      FL C:/Users/John/Downloads/PHYS301_FinalProject-master_v2/PHYS301_FinalProject-master/sRAM32x8_generic.vhd \
      EN work/sRAM32x8_generic 1544682114
FL C:/Users/John/Downloads/PHYS301_FinalProject-master_v2/PHYS301_FinalProject-master/sseg_mux4D.vhd 2018/12/12.19:26:38 P.20131013
EN work/sseg_mux4D 1544682128 \
      FL C:/Users/John/Downloads/PHYS301_FinalProject-master_v2/PHYS301_FinalProject-master/sseg_mux4D.vhd \
      PB ieee/std_logic_1164 1381692176 PB ieee/std_logic_arith 1381692177 \
      PB ieee/STD_LOGIC_UNSIGNED 1381692179
AR work/sseg_mux4D/Behavioral 1544682129 \
      FL C:/Users/John/Downloads/PHYS301_FinalProject-master_v2/PHYS301_FinalProject-master/sseg_mux4D.vhd \
      EN work/sseg_mux4D 1544682128
FL C:/Users/John/Downloads/PHYS301_FinalProject-master_v2/PHYS301_FinalProject-master/twos_comp.vhf 2018/12/12.19:28:37 P.20131013
EN work/ADD8_MXILINX_twos_comp 1544682256 \
      FL C:/Users/John/Downloads/PHYS301_FinalProject-master_v2/PHYS301_FinalProject-master/twos_comp.vhf \
      PB ieee/std_logic_1164 1381692176 PB ieee/NUMERIC_STD 1381692181 LB UNISIM \
      PH unisim/VCOMPONENTS 1381692182
AR work/ADD8_MXILINX_twos_comp/BEHAVIORAL 1544682257 \
      FL C:/Users/John/Downloads/PHYS301_FinalProject-master_v2/PHYS301_FinalProject-master/twos_comp.vhf \
      EN work/ADD8_MXILINX_twos_comp 1544682256 CP FMAP CP MUXCY_L CP MUXCY CP XORCY \
      CP MUXCY_D CP XOR2
EN work/twos_comp 1544682258 \
      FL C:/Users/John/Downloads/PHYS301_FinalProject-master_v2/PHYS301_FinalProject-master/twos_comp.vhf \
      PB ieee/std_logic_1164 1381692176 PB ieee/NUMERIC_STD 1381692181 LB UNISIM \
      PH unisim/VCOMPONENTS 1381692182
AR work/twos_comp/BEHAVIORAL 1544682259 \
      FL C:/Users/John/Downloads/PHYS301_FinalProject-master_v2/PHYS301_FinalProject-master/twos_comp.vhf \
      EN work/twos_comp 1544682258 CP XOR2 CP ADD8_MXILINX_twos_comp CP BUF
FL C:/Users/John/Downloads/PHYS301_FinalProject-master_v2/PHYS301_FinalProject-master/WorkingRegisters.vhf 2018/12/12.19:28:36 P.20131013
EN work/FD8RE_MXILINX_WorkingRegisters 1544682268 \
      FL C:/Users/John/Downloads/PHYS301_FinalProject-master_v2/PHYS301_FinalProject-master/WorkingRegisters.vhf \
      PB ieee/std_logic_1164 1381692176 PB ieee/NUMERIC_STD 1381692181 LB UNISIM \
      PH unisim/VCOMPONENTS 1381692182
AR work/FD8RE_MXILINX_WorkingRegisters/BEHAVIORAL 1544682269 \
      FL C:/Users/John/Downloads/PHYS301_FinalProject-master_v2/PHYS301_FinalProject-master/WorkingRegisters.vhf \
      EN work/FD8RE_MXILINX_WorkingRegisters 1544682268 CP FDRE
EN work/WorkingRegisters 1544682270 \
      FL C:/Users/John/Downloads/PHYS301_FinalProject-master_v2/PHYS301_FinalProject-master/WorkingRegisters.vhf \
      PB ieee/std_logic_1164 1381692176 PB ieee/NUMERIC_STD 1381692181 LB UNISIM \
      PH unisim/VCOMPONENTS 1381692182
AR work/WorkingRegisters/BEHAVIORAL 1544682271 \
      FL C:/Users/John/Downloads/PHYS301_FinalProject-master_v2/PHYS301_FinalProject-master/WorkingRegisters.vhf \
      EN work/WorkingRegisters 1544682270 CP FD8RE_MXILINX_WorkingRegisters \
      CP PULLUP
