V3 272
FL C:/Users/John/Documents/PHYS301_FinalProject/ALU_v4.vhf 2018/12/12.16:12:01 P.20131013
EN work/NOR8_MXILINX_ALU_v4 1544660006 \
      FL C:/Users/John/Documents/PHYS301_FinalProject/ALU_v4.vhf \
      PB ieee/std_logic_1164 1381692176 PB ieee/NUMERIC_STD 1381692181 LB UNISIM \
      PH unisim/VCOMPONENTS 1381692182
AR work/NOR8_MXILINX_ALU_v4/BEHAVIORAL 1544660007 \
      FL C:/Users/John/Documents/PHYS301_FinalProject/ALU_v4.vhf \
      EN work/NOR8_MXILINX_ALU_v4 1544660006 CP FMAP CP OR4 CP NOR2
EN work/ADSU8_MXILINX_ALU_v4 1544660008 \
      FL C:/Users/John/Documents/PHYS301_FinalProject/ALU_v4.vhf \
      PB ieee/std_logic_1164 1381692176 PB ieee/NUMERIC_STD 1381692181 LB UNISIM \
      PH unisim/VCOMPONENTS 1381692182
AR work/ADSU8_MXILINX_ALU_v4/BEHAVIORAL 1544660009 \
      FL C:/Users/John/Documents/PHYS301_FinalProject/ALU_v4.vhf \
      EN work/ADSU8_MXILINX_ALU_v4 1544660008 CP FMAP CP XOR3 CP MUXCY_L CP MUXCY \
      CP XORCY CP MUXCY_D CP INV CP XOR2
EN work/ADD8_MXILINX_ALU_v4 1544660010 \
      FL C:/Users/John/Documents/PHYS301_FinalProject/ALU_v4.vhf \
      PB ieee/std_logic_1164 1381692176 PB ieee/NUMERIC_STD 1381692181 LB UNISIM \
      PH unisim/VCOMPONENTS 1381692182
AR work/ADD8_MXILINX_ALU_v4/BEHAVIORAL 1544660011 \
      FL C:/Users/John/Documents/PHYS301_FinalProject/ALU_v4.vhf \
      EN work/ADD8_MXILINX_ALU_v4 1544660010 CP FMAP CP MUXCY_L CP MUXCY CP XORCY \
      CP MUXCY_D CP XOR2
EN work/twos_comp_MUSER_ALU_v4 1544660012 \
      FL C:/Users/John/Documents/PHYS301_FinalProject/ALU_v4.vhf \
      PB ieee/std_logic_1164 1381692176 PB ieee/NUMERIC_STD 1381692181 LB UNISIM \
      PH unisim/VCOMPONENTS 1381692182
AR work/twos_comp_MUSER_ALU_v4/BEHAVIORAL 1544660013 \
      FL C:/Users/John/Documents/PHYS301_FinalProject/ALU_v4.vhf \
      EN work/twos_comp_MUSER_ALU_v4 1544660012 CP XOR2 CP ADD8_MXILINX_ALU_v4 \
      CP BUF
EN work/ALU_v4 1544660014 \
      FL C:/Users/John/Documents/PHYS301_FinalProject/ALU_v4.vhf \
      PB ieee/std_logic_1164 1381692176 PB ieee/NUMERIC_STD 1381692181 LB UNISIM \
      PH unisim/VCOMPONENTS 1381692182
AR work/ALU_v4/BEHAVIORAL 1544660015 \
      FL C:/Users/John/Documents/PHYS301_FinalProject/ALU_v4.vhf EN work/ALU_v4 1544660014 \
      CP twos_comp_MUSER_ALU_v4 CP ADSU8_MXILINX_ALU_v4 CP AND2 CP OR2 CP INV \
      CP NOR8_MXILINX_ALU_v4 CP AND3B1
FL C:/Users/John/Documents/PHYS301_FinalProject/ClockSignalController.vhf 2018/12/12.16:11:52 P.20131013
EN work/ClockSignalController 1544660088 \
      FL C:/Users/John/Documents/PHYS301_FinalProject/ClockSignalController.vhf \
      PB ieee/std_logic_1164 1381692176 PB ieee/NUMERIC_STD 1381692181 LB UNISIM \
      PH unisim/VCOMPONENTS 1381692182
AR work/ClockSignalController/BEHAVIORAL 1544660089 \
      FL C:/Users/John/Documents/PHYS301_FinalProject/ClockSignalController.vhf \
      EN work/ClockSignalController 1544660088 CP OR2 CP AND3B1 CP AND2B1 CP BUF
FL C:/Users/John/Documents/PHYS301_FinalProject/col_strobe.vhd 2018/12/11.15:02:23 P.20131013
EN work/col_strobe 1544659948 \
      FL C:/Users/John/Documents/PHYS301_FinalProject/col_strobe.vhd \
      PB ieee/std_logic_1164 1381692176 PB ieee/std_logic_arith 1381692177 \
      PB ieee/STD_LOGIC_UNSIGNED 1381692179
AR work/col_strobe/Behavioral 1544659949 \
      FL C:/Users/John/Documents/PHYS301_FinalProject/col_strobe.vhd \
      EN work/col_strobe 1544659948
FL C:/Users/John/Documents/PHYS301_FinalProject/ControlUnit.vhf 2018/12/12.16:11:52 P.20131013
EN work/ClockSignalController_MUSER_ControlUnit 1544660052 \
      FL C:/Users/John/Documents/PHYS301_FinalProject/ControlUnit.vhf \
      PB ieee/std_logic_1164 1381692176 PB ieee/NUMERIC_STD 1381692181 LB UNISIM \
      PH unisim/VCOMPONENTS 1381692182
AR work/ClockSignalController_MUSER_ControlUnit/BEHAVIORAL 1544660053 \
      FL C:/Users/John/Documents/PHYS301_FinalProject/ControlUnit.vhf \
      EN work/ClockSignalController_MUSER_ControlUnit 1544660052 CP OR2 CP AND3B1 \
      CP AND2B1 CP BUF
EN work/AND8_MXILINX_ControlUnit 1544660054 \
      FL C:/Users/John/Documents/PHYS301_FinalProject/ControlUnit.vhf \
      PB ieee/std_logic_1164 1381692176 PB ieee/NUMERIC_STD 1381692181 LB UNISIM \
      PH unisim/VCOMPONENTS 1381692182
AR work/AND8_MXILINX_ControlUnit/BEHAVIORAL 1544660055 \
      FL C:/Users/John/Documents/PHYS301_FinalProject/ControlUnit.vhf \
      EN work/AND8_MXILINX_ControlUnit 1544660054 CP FMAP CP AND4 CP AND2
EN work/Signals_MUSER_ControlUnit 1544660056 \
      FL C:/Users/John/Documents/PHYS301_FinalProject/ControlUnit.vhf \
      PB ieee/std_logic_1164 1381692176 PB ieee/NUMERIC_STD 1381692181 LB UNISIM \
      PH unisim/VCOMPONENTS 1381692182
AR work/Signals_MUSER_ControlUnit/BEHAVIORAL 1544660057 \
      FL C:/Users/John/Documents/PHYS301_FinalProject/ControlUnit.vhf \
      EN work/Signals_MUSER_ControlUnit 1544660056 CP INV \
      CP AND8_MXILINX_ControlUnit
EN work/InstructionControl_MUSER_ControlUnit 1544660058 \
      FL C:/Users/John/Documents/PHYS301_FinalProject/ControlUnit.vhf \
      PB ieee/std_logic_1164 1381692176 PB ieee/NUMERIC_STD 1381692181 LB UNISIM \
      PH unisim/VCOMPONENTS 1381692182
AR work/InstructionControl_MUSER_ControlUnit/BEHAVIORAL 1544660059 \
      FL C:/Users/John/Documents/PHYS301_FinalProject/ControlUnit.vhf \
      EN work/InstructionControl_MUSER_ControlUnit 1544660058 \
      CP Signals_MUSER_ControlUnit CP ClockSignalController_MUSER_ControlUnit
EN work/ControlUnit 1544660060 \
      FL C:/Users/John/Documents/PHYS301_FinalProject/ControlUnit.vhf \
      PB ieee/std_logic_1164 1381692176 PB ieee/NUMERIC_STD 1381692181 LB UNISIM \
      PH unisim/VCOMPONENTS 1381692182
AR work/ControlUnit/BEHAVIORAL 1544660061 \
      FL C:/Users/John/Documents/PHYS301_FinalProject/ControlUnit.vhf \
      EN work/ControlUnit 1544660060 CP PULLUP \
      CP InstructionControl_MUSER_ControlUnit
FL C:/Users/John/Documents/PHYS301_FinalProject/DCM_100M.vhd 2018/12/11.15:02:23 P.20131013
EN work/DCM_100M 1544659942 \
      FL C:/Users/John/Documents/PHYS301_FinalProject/DCM_100M.vhd \
      PB ieee/std_logic_1164 1381692176 PB ieee/NUMERIC_STD 1381692181
AR work/DCM_100M/Behavioral 1544659943 \
      FL C:/Users/John/Documents/PHYS301_FinalProject/DCM_100M.vhd \
      EN work/DCM_100M 1544659942
FL C:/Users/John/Documents/PHYS301_FinalProject/debounce.vhd 2018/12/11.15:02:23 P.20131013
EN work/switch_debounce 1544659940 \
      FL C:/Users/John/Documents/PHYS301_FinalProject/debounce.vhd \
      PB ieee/std_logic_1164 1381692176 PB ieee/std_logic_arith 1381692177 \
      PB ieee/STD_LOGIC_UNSIGNED 1381692179
AR work/switch_debounce/Behavioral 1544659941 \
      FL C:/Users/John/Documents/PHYS301_FinalProject/debounce.vhd \
      EN work/switch_debounce 1544659940
FL C:/Users/John/Documents/PHYS301_FinalProject/decoder16keyEn.vhd 2018/12/11.15:02:23 P.20131013
EN work/decoder16keyEn 1544659950 \
      FL C:/Users/John/Documents/PHYS301_FinalProject/decoder16keyEn.vhd \
      PB ieee/std_logic_1164 1381692176 PB ieee/std_logic_arith 1381692177 \
      PB ieee/STD_LOGIC_UNSIGNED 1381692179
AR work/decoder16keyEn/Doric 1544659951 \
      FL C:/Users/John/Documents/PHYS301_FinalProject/decoder16keyEn.vhd \
      EN work/decoder16keyEn 1544659950
FL C:/Users/John/Documents/PHYS301_FinalProject/DivClock.vhf 2018/12/12.16:12:12 P.20131013
EN work/FJKC_MXILINX_DivClock 1544660062 \
      FL C:/Users/John/Documents/PHYS301_FinalProject/DivClock.vhf \
      PB ieee/std_logic_1164 1381692176 PB ieee/NUMERIC_STD 1381692181 LB UNISIM \
      PH unisim/VCOMPONENTS 1381692182
AR work/FJKC_MXILINX_DivClock/BEHAVIORAL 1544660063 \
      FL C:/Users/John/Documents/PHYS301_FinalProject/DivClock.vhf \
      EN work/FJKC_MXILINX_DivClock 1544660062 CP FDC CP AND3B2 CP AND3B1 CP OR3 \
      CP AND2B1
EN work/DivClock 1544660064 \
      FL C:/Users/John/Documents/PHYS301_FinalProject/DivClock.vhf \
      PB ieee/std_logic_1164 1381692176 PB ieee/NUMERIC_STD 1381692181 LB UNISIM \
      PH unisim/VCOMPONENTS 1381692182
AR work/DivClock/BEHAVIORAL 1544660065 \
      FL C:/Users/John/Documents/PHYS301_FinalProject/DivClock.vhf \
      EN work/DivClock 1544660064 CP FJKC_MXILINX_DivClock CP PULLUP CP BUF
FL C:/Users/John/Documents/PHYS301_FinalProject/final_v1.vhf 2018/12/12.16:12:11 P.20131013
EN work/NOR8_MXILINX_final_v1 1544659958 \
      FL C:/Users/John/Documents/PHYS301_FinalProject/final_v1.vhf \
      PB ieee/std_logic_1164 1381692176 PB ieee/NUMERIC_STD 1381692181 LB UNISIM \
      PH unisim/VCOMPONENTS 1381692182
AR work/NOR8_MXILINX_final_v1/BEHAVIORAL 1544659959 \
      FL C:/Users/John/Documents/PHYS301_FinalProject/final_v1.vhf \
      EN work/NOR8_MXILINX_final_v1 1544659958 CP FMAP CP OR4 CP NOR2
EN work/ADSU8_MXILINX_final_v1 1544659960 \
      FL C:/Users/John/Documents/PHYS301_FinalProject/final_v1.vhf \
      PB ieee/std_logic_1164 1381692176 PB ieee/NUMERIC_STD 1381692181 LB UNISIM \
      PH unisim/VCOMPONENTS 1381692182
AR work/ADSU8_MXILINX_final_v1/BEHAVIORAL 1544659961 \
      FL C:/Users/John/Documents/PHYS301_FinalProject/final_v1.vhf \
      EN work/ADSU8_MXILINX_final_v1 1544659960 CP FMAP CP XOR3 CP MUXCY_L CP MUXCY \
      CP XORCY CP MUXCY_D CP INV CP XOR2
EN work/ADD8_MXILINX_final_v1 1544659962 \
      FL C:/Users/John/Documents/PHYS301_FinalProject/final_v1.vhf \
      PB ieee/std_logic_1164 1381692176 PB ieee/NUMERIC_STD 1381692181 LB UNISIM \
      PH unisim/VCOMPONENTS 1381692182
AR work/ADD8_MXILINX_final_v1/BEHAVIORAL 1544659963 \
      FL C:/Users/John/Documents/PHYS301_FinalProject/final_v1.vhf \
      EN work/ADD8_MXILINX_final_v1 1544659962 CP FMAP CP MUXCY_L CP MUXCY CP XORCY \
      CP MUXCY_D CP XOR2
EN work/twos_comp_MUSER_final_v1 1544659964 \
      FL C:/Users/John/Documents/PHYS301_FinalProject/final_v1.vhf \
      PB ieee/std_logic_1164 1381692176 PB ieee/NUMERIC_STD 1381692181 LB UNISIM \
      PH unisim/VCOMPONENTS 1381692182
AR work/twos_comp_MUSER_final_v1/BEHAVIORAL 1544659965 \
      FL C:/Users/John/Documents/PHYS301_FinalProject/final_v1.vhf \
      EN work/twos_comp_MUSER_final_v1 1544659964 CP XOR2 CP ADD8_MXILINX_final_v1 \
      CP BUF
EN work/ALU_v4_MUSER_final_v1 1544659966 \
      FL C:/Users/John/Documents/PHYS301_FinalProject/final_v1.vhf \
      PB ieee/std_logic_1164 1381692176 PB ieee/NUMERIC_STD 1381692181 LB UNISIM \
      PH unisim/VCOMPONENTS 1381692182
AR work/ALU_v4_MUSER_final_v1/BEHAVIORAL 1544659967 \
      FL C:/Users/John/Documents/PHYS301_FinalProject/final_v1.vhf \
      EN work/ALU_v4_MUSER_final_v1 1544659966 CP twos_comp_MUSER_final_v1 \
      CP ADSU8_MXILINX_final_v1 CP AND2 CP OR2 CP INV CP NOR8_MXILINX_final_v1 \
      CP AND3B1
EN work/ClockSignalController_MUSER_final_v1 1544659968 \
      FL C:/Users/John/Documents/PHYS301_FinalProject/final_v1.vhf \
      PB ieee/std_logic_1164 1381692176 PB ieee/NUMERIC_STD 1381692181 LB UNISIM \
      PH unisim/VCOMPONENTS 1381692182
AR work/ClockSignalController_MUSER_final_v1/BEHAVIORAL 1544659969 \
      FL C:/Users/John/Documents/PHYS301_FinalProject/final_v1.vhf \
      EN work/ClockSignalController_MUSER_final_v1 1544659968 CP OR2 CP AND3B1 \
      CP AND2B1 CP BUF
EN work/AND8_MXILINX_final_v1 1544659970 \
      FL C:/Users/John/Documents/PHYS301_FinalProject/final_v1.vhf \
      PB ieee/std_logic_1164 1381692176 PB ieee/NUMERIC_STD 1381692181 LB UNISIM \
      PH unisim/VCOMPONENTS 1381692182
AR work/AND8_MXILINX_final_v1/BEHAVIORAL 1544659971 \
      FL C:/Users/John/Documents/PHYS301_FinalProject/final_v1.vhf \
      EN work/AND8_MXILINX_final_v1 1544659970 CP FMAP CP AND4 CP AND2
EN work/Signals_MUSER_final_v1 1544659972 \
      FL C:/Users/John/Documents/PHYS301_FinalProject/final_v1.vhf \
      PB ieee/std_logic_1164 1381692176 PB ieee/NUMERIC_STD 1381692181 LB UNISIM \
      PH unisim/VCOMPONENTS 1381692182
AR work/Signals_MUSER_final_v1/BEHAVIORAL 1544659973 \
      FL C:/Users/John/Documents/PHYS301_FinalProject/final_v1.vhf \
      EN work/Signals_MUSER_final_v1 1544659972 CP INV CP AND8_MXILINX_final_v1
EN work/InstructionControl_MUSER_final_v1 1544659974 \
      FL C:/Users/John/Documents/PHYS301_FinalProject/final_v1.vhf \
      PB ieee/std_logic_1164 1381692176 PB ieee/NUMERIC_STD 1381692181 LB UNISIM \
      PH unisim/VCOMPONENTS 1381692182
AR work/InstructionControl_MUSER_final_v1/BEHAVIORAL 1544659975 \
      FL C:/Users/John/Documents/PHYS301_FinalProject/final_v1.vhf \
      EN work/InstructionControl_MUSER_final_v1 1544659974 \
      CP Signals_MUSER_final_v1 CP ClockSignalController_MUSER_final_v1
EN work/ControlUnit_MUSER_final_v1 1544659976 \
      FL C:/Users/John/Documents/PHYS301_FinalProject/final_v1.vhf \
      PB ieee/std_logic_1164 1381692176 PB ieee/NUMERIC_STD 1381692181 LB UNISIM \
      PH unisim/VCOMPONENTS 1381692182
AR work/ControlUnit_MUSER_final_v1/BEHAVIORAL 1544659977 \
      FL C:/Users/John/Documents/PHYS301_FinalProject/final_v1.vhf \
      EN work/ControlUnit_MUSER_final_v1 1544659976 CP PULLUP \
      CP InstructionControl_MUSER_final_v1
EN work/FD8RE_MXILINX_final_v1 1544659978 \
      FL C:/Users/John/Documents/PHYS301_FinalProject/final_v1.vhf \
      PB ieee/std_logic_1164 1381692176 PB ieee/NUMERIC_STD 1381692181 LB UNISIM \
      PH unisim/VCOMPONENTS 1381692182
AR work/FD8RE_MXILINX_final_v1/BEHAVIORAL 1544659979 \
      FL C:/Users/John/Documents/PHYS301_FinalProject/final_v1.vhf \
      EN work/FD8RE_MXILINX_final_v1 1544659978 CP FDRE
EN work/WorkingRegisters_MUSER_final_v1 1544659980 \
      FL C:/Users/John/Documents/PHYS301_FinalProject/final_v1.vhf \
      PB ieee/std_logic_1164 1381692176 PB ieee/NUMERIC_STD 1381692181 LB UNISIM \
      PH unisim/VCOMPONENTS 1381692182
AR work/WorkingRegisters_MUSER_final_v1/BEHAVIORAL 1544659981 \
      FL C:/Users/John/Documents/PHYS301_FinalProject/final_v1.vhf \
      EN work/WorkingRegisters_MUSER_final_v1 1544659980 \
      CP FD8RE_MXILINX_final_v1 CP PULLUP
EN work/RegisterBank_MUSER_final_v1 1544659982 \
      FL C:/Users/John/Documents/PHYS301_FinalProject/final_v1.vhf \
      PB ieee/std_logic_1164 1381692176 PB ieee/NUMERIC_STD 1381692181 LB UNISIM \
      PH unisim/VCOMPONENTS 1381692182
AR work/RegisterBank_MUSER_final_v1/BEHAVIORAL 1544659983 \
      FL C:/Users/John/Documents/PHYS301_FinalProject/final_v1.vhf \
      EN work/RegisterBank_MUSER_final_v1 1544659982 CP FD8RE_MXILINX_final_v1 \
      CP PULLUP CP WorkingRegisters_MUSER_final_v1
EN work/MainControlUnit_MUSER_final_v1 1544659984 \
      FL C:/Users/John/Documents/PHYS301_FinalProject/final_v1.vhf \
      PB ieee/std_logic_1164 1381692176 PB ieee/NUMERIC_STD 1381692181 LB UNISIM \
      PH unisim/VCOMPONENTS 1381692182
AR work/MainControlUnit_MUSER_final_v1/BEHAVIORAL 1544659985 \
      FL C:/Users/John/Documents/PHYS301_FinalProject/final_v1.vhf \
      EN work/MainControlUnit_MUSER_final_v1 1544659984 \
      CP RegisterBank_MUSER_final_v1 CP ControlUnit_MUSER_final_v1 CP OR3
EN work/FJKC_MXILINX_final_v1 1544659986 \
      FL C:/Users/John/Documents/PHYS301_FinalProject/final_v1.vhf \
      PB ieee/std_logic_1164 1381692176 PB ieee/NUMERIC_STD 1381692181 LB UNISIM \
      PH unisim/VCOMPONENTS 1381692182
AR work/FJKC_MXILINX_final_v1/BEHAVIORAL 1544659987 \
      FL C:/Users/John/Documents/PHYS301_FinalProject/final_v1.vhf \
      EN work/FJKC_MXILINX_final_v1 1544659986 CP FDC CP AND3B2 CP AND3B1 CP OR3 \
      CP AND2B1
EN work/DivClock_MUSER_final_v1 1544659988 \
      FL C:/Users/John/Documents/PHYS301_FinalProject/final_v1.vhf \
      PB ieee/std_logic_1164 1381692176 PB ieee/NUMERIC_STD 1381692181 LB UNISIM \
      PH unisim/VCOMPONENTS 1381692182
AR work/DivClock_MUSER_final_v1/BEHAVIORAL 1544659989 \
      FL C:/Users/John/Documents/PHYS301_FinalProject/final_v1.vhf \
      EN work/DivClock_MUSER_final_v1 1544659988 CP FJKC_MXILINX_final_v1 \
      CP PULLUP CP BUF
EN work/M2_1_MXILINX_final_v1 1544659990 \
      FL C:/Users/John/Documents/PHYS301_FinalProject/final_v1.vhf \
      PB ieee/std_logic_1164 1381692176 PB ieee/NUMERIC_STD 1381692181 LB UNISIM \
      PH unisim/VCOMPONENTS 1381692182
AR work/M2_1_MXILINX_final_v1/BEHAVIORAL 1544659991 \
      FL C:/Users/John/Documents/PHYS301_FinalProject/final_v1.vhf \
      EN work/M2_1_MXILINX_final_v1 1544659990 CP AND2B1 CP OR2 CP AND2
EN work/M2_1B1_MXILINX_final_v1 1544659992 \
      FL C:/Users/John/Documents/PHYS301_FinalProject/final_v1.vhf \
      PB ieee/std_logic_1164 1381692176 PB ieee/NUMERIC_STD 1381692181 LB UNISIM \
      PH unisim/VCOMPONENTS 1381692182
AR work/M2_1B1_MXILINX_final_v1/BEHAVIORAL 1544659993 \
      FL C:/Users/John/Documents/PHYS301_FinalProject/final_v1.vhf \
      EN work/M2_1B1_MXILINX_final_v1 1544659992 CP AND2B2 CP OR2 CP AND2
EN work/FTCLEX_MXILINX_final_v1 1544659994 \
      FL C:/Users/John/Documents/PHYS301_FinalProject/final_v1.vhf \
      PB ieee/std_logic_1164 1381692176 PB ieee/NUMERIC_STD 1381692181 LB UNISIM \
      PH unisim/VCOMPONENTS 1381692182
AR work/FTCLEX_MXILINX_final_v1/BEHAVIORAL 1544659995 \
      FL C:/Users/John/Documents/PHYS301_FinalProject/final_v1.vhf \
      EN work/FTCLEX_MXILINX_final_v1 1544659994 CP M2_1_MXILINX_final_v1 CP XOR2 \
      CP FDCE
EN work/CB8CLED_MXILINX_final_v1 1544659996 \
      FL C:/Users/John/Documents/PHYS301_FinalProject/final_v1.vhf \
      PB ieee/std_logic_1164 1381692176 PB ieee/NUMERIC_STD 1381692181 LB UNISIM \
      PH unisim/VCOMPONENTS 1381692182
AR work/CB8CLED_MXILINX_final_v1/BEHAVIORAL 1544659997 \
      FL C:/Users/John/Documents/PHYS301_FinalProject/final_v1.vhf \
      EN work/CB8CLED_MXILINX_final_v1 1544659996 CP FTCLEX_MXILINX_final_v1 \
      CP M2_1_MXILINX_final_v1 CP M2_1B1_MXILINX_final_v1 CP AND5 CP AND4 CP AND4B3 \
      CP AND2B2 CP VCC CP AND2B1 CP AND3 CP AND3B2 CP AND3B3 CP AND4B4 CP AND2 CP AND5B4 \
      CP OR2
EN work/Prog_Counter_MUSER_final_v1 1544659998 \
      FL C:/Users/John/Documents/PHYS301_FinalProject/final_v1.vhf \
      PB ieee/std_logic_1164 1381692176 PB ieee/NUMERIC_STD 1381692181 LB UNISIM \
      PH unisim/VCOMPONENTS 1381692182
AR work/Prog_Counter_MUSER_final_v1/BEHAVIORAL 1544659999 \
      FL C:/Users/John/Documents/PHYS301_FinalProject/final_v1.vhf \
      EN work/Prog_Counter_MUSER_final_v1 1544659998 CP CB8CLED_MXILINX_final_v1 \
      CP PULLUP CP INV CP DCM_100M CP PULLDOWN CP BUF CP M2_1_MXILINX_final_v1 \
      CP AND3B1 CP OR2 CP AND2B1 CP DivClock_MUSER_final_v1
EN work/keypad_input_MUSER_final_v1 1544660000 \
      FL C:/Users/John/Documents/PHYS301_FinalProject/final_v1.vhf \
      PB ieee/std_logic_1164 1381692176 PB ieee/NUMERIC_STD 1381692181 LB UNISIM \
      PH unisim/VCOMPONENTS 1381692182
AR work/keypad_input_MUSER_final_v1/BEHAVIORAL 1544660001 \
      FL C:/Users/John/Documents/PHYS301_FinalProject/final_v1.vhf \
      EN work/keypad_input_MUSER_final_v1 1544660000 CP key_detect CP col_strobe \
      CP decoder16keyEn CP oneshot CP PULLDOWN CP INV CP key4_dbnc CP shiftreg_hex2D
EN work/memory_MUSER_final_v1 1544660002 \
      FL C:/Users/John/Documents/PHYS301_FinalProject/final_v1.vhf \
      PB ieee/std_logic_1164 1381692176 PB ieee/NUMERIC_STD 1381692181 LB UNISIM \
      PH unisim/VCOMPONENTS 1381692182
AR work/memory_MUSER_final_v1/BEHAVIORAL 1544660003 \
      FL C:/Users/John/Documents/PHYS301_FinalProject/final_v1.vhf \
      EN work/memory_MUSER_final_v1 1544660002 CP sRAM32x8_generic CP PULLDOWN \
      CP AND3B1 CP INV
EN work/final_v1 1544660004 \
      FL C:/Users/John/Documents/PHYS301_FinalProject/final_v1.vhf \
      PB ieee/std_logic_1164 1381692176 PB ieee/NUMERIC_STD 1381692181 LB UNISIM \
      PH unisim/VCOMPONENTS 1381692182
AR work/final_v1/BEHAVIORAL 1544660005 \
      FL C:/Users/John/Documents/PHYS301_FinalProject/final_v1.vhf \
      EN work/final_v1 1544660004 CP memory_MUSER_final_v1 \
      CP Prog_Counter_MUSER_final_v1 CP keypad_input_MUSER_final_v1 CP INV \
      CP MainControlUnit_MUSER_final_v1 CP ALU_v4_MUSER_final_v1 CP BUF
FL C:/Users/John/Documents/PHYS301_FinalProject/InstructionControl.vhf 2018/12/12.16:11:54 P.20131013
EN work/ClockSignalController_MUSER_InstructionControl 1544660076 \
      FL C:/Users/John/Documents/PHYS301_FinalProject/InstructionControl.vhf \
      PB ieee/std_logic_1164 1381692176 PB ieee/NUMERIC_STD 1381692181 LB UNISIM \
      PH unisim/VCOMPONENTS 1381692182
AR work/ClockSignalController_MUSER_InstructionControl/BEHAVIORAL 1544660077 \
      FL C:/Users/John/Documents/PHYS301_FinalProject/InstructionControl.vhf \
      EN work/ClockSignalController_MUSER_InstructionControl 1544660076 CP OR2 \
      CP AND3B1 CP AND2B1 CP BUF
EN work/AND8_MXILINX_InstructionControl 1544660078 \
      FL C:/Users/John/Documents/PHYS301_FinalProject/InstructionControl.vhf \
      PB ieee/std_logic_1164 1381692176 PB ieee/NUMERIC_STD 1381692181 LB UNISIM \
      PH unisim/VCOMPONENTS 1381692182
AR work/AND8_MXILINX_InstructionControl/BEHAVIORAL 1544660079 \
      FL C:/Users/John/Documents/PHYS301_FinalProject/InstructionControl.vhf \
      EN work/AND8_MXILINX_InstructionControl 1544660078 CP FMAP CP AND4 CP AND2
EN work/Signals_MUSER_InstructionControl 1544660080 \
      FL C:/Users/John/Documents/PHYS301_FinalProject/InstructionControl.vhf \
      PB ieee/std_logic_1164 1381692176 PB ieee/NUMERIC_STD 1381692181 LB UNISIM \
      PH unisim/VCOMPONENTS 1381692182
AR work/Signals_MUSER_InstructionControl/BEHAVIORAL 1544660081 \
      FL C:/Users/John/Documents/PHYS301_FinalProject/InstructionControl.vhf \
      EN work/Signals_MUSER_InstructionControl 1544660080 CP INV \
      CP AND8_MXILINX_InstructionControl
EN work/InstructionControl 1544660082 \
      FL C:/Users/John/Documents/PHYS301_FinalProject/InstructionControl.vhf \
      PB ieee/std_logic_1164 1381692176 PB ieee/NUMERIC_STD 1381692181 LB UNISIM \
      PH unisim/VCOMPONENTS 1381692182
AR work/InstructionControl/BEHAVIORAL 1544660083 \
      FL C:/Users/John/Documents/PHYS301_FinalProject/InstructionControl.vhf \
      EN work/InstructionControl 1544660082 CP Signals_MUSER_InstructionControl \
      CP ClockSignalController_MUSER_InstructionControl
FL C:/Users/John/Documents/PHYS301_FinalProject/key4_dbnc.vhd 2018/12/11.15:02:10 P.20131013
EN work/key4_dbnc 1544659954 \
      FL C:/Users/John/Documents/PHYS301_FinalProject/key4_dbnc.vhd \
      PB ieee/std_logic_1164 1381692176 PB ieee/NUMERIC_STD 1381692181
AR work/key4_dbnc/Behavioral 1544659955 \
      FL C:/Users/John/Documents/PHYS301_FinalProject/key4_dbnc.vhd \
      EN work/key4_dbnc 1544659954 CP switch_debounce
FL C:/Users/John/Documents/PHYS301_FinalProject/keypad_input.vhf 2018/12/12.16:11:59 P.20131013
EN work/keypad_input 1544660016 \
      FL C:/Users/John/Documents/PHYS301_FinalProject/keypad_input.vhf \
      PB ieee/std_logic_1164 1381692176 PB ieee/NUMERIC_STD 1381692181 LB UNISIM \
      PH unisim/VCOMPONENTS 1381692182
AR work/keypad_input/BEHAVIORAL 1544660017 \
      FL C:/Users/John/Documents/PHYS301_FinalProject/keypad_input.vhf \
      EN work/keypad_input 1544660016 CP key_detect CP col_strobe CP decoder16keyEn \
      CP oneshot CP PULLDOWN CP INV CP key4_dbnc CP shiftreg_hex2D
FL C:/Users/John/Documents/PHYS301_FinalProject/key_detect.vhd 2018/12/11.15:02:10 P.20131013
EN work/key_detect 1544659946 \
      FL C:/Users/John/Documents/PHYS301_FinalProject/key_detect.vhd \
      PB ieee/std_logic_1164 1381692176 PB ieee/std_logic_arith 1381692177 \
      PB ieee/STD_LOGIC_UNSIGNED 1381692179
AR work/key_detect/Behavioral 1544659947 \
      FL C:/Users/John/Documents/PHYS301_FinalProject/key_detect.vhd \
      EN work/key_detect 1544659946
FL C:/Users/John/Documents/PHYS301_FinalProject/MainControlUnit.vhf 2018/12/12.16:11:58 P.20131013
EN work/ClockSignalController_MUSER_MainControlUnit 1544660018 \
      FL C:/Users/John/Documents/PHYS301_FinalProject/MainControlUnit.vhf \
      PB ieee/std_logic_1164 1381692176 PB ieee/NUMERIC_STD 1381692181 LB UNISIM \
      PH unisim/VCOMPONENTS 1381692182
AR work/ClockSignalController_MUSER_MainControlUnit/BEHAVIORAL 1544660019 \
      FL C:/Users/John/Documents/PHYS301_FinalProject/MainControlUnit.vhf \
      EN work/ClockSignalController_MUSER_MainControlUnit 1544660018 CP OR2 \
      CP AND3B1 CP AND2B1 CP BUF
EN work/AND8_MXILINX_MainControlUnit 1544660020 \
      FL C:/Users/John/Documents/PHYS301_FinalProject/MainControlUnit.vhf \
      PB ieee/std_logic_1164 1381692176 PB ieee/NUMERIC_STD 1381692181 LB UNISIM \
      PH unisim/VCOMPONENTS 1381692182
AR work/AND8_MXILINX_MainControlUnit/BEHAVIORAL 1544660021 \
      FL C:/Users/John/Documents/PHYS301_FinalProject/MainControlUnit.vhf \
      EN work/AND8_MXILINX_MainControlUnit 1544660020 CP FMAP CP AND4 CP AND2
EN work/Signals_MUSER_MainControlUnit 1544660022 \
      FL C:/Users/John/Documents/PHYS301_FinalProject/MainControlUnit.vhf \
      PB ieee/std_logic_1164 1381692176 PB ieee/NUMERIC_STD 1381692181 LB UNISIM \
      PH unisim/VCOMPONENTS 1381692182
AR work/Signals_MUSER_MainControlUnit/BEHAVIORAL 1544660023 \
      FL C:/Users/John/Documents/PHYS301_FinalProject/MainControlUnit.vhf \
      EN work/Signals_MUSER_MainControlUnit 1544660022 CP INV \
      CP AND8_MXILINX_MainControlUnit
EN work/InstructionControl_MUSER_MainControlUnit 1544660024 \
      FL C:/Users/John/Documents/PHYS301_FinalProject/MainControlUnit.vhf \
      PB ieee/std_logic_1164 1381692176 PB ieee/NUMERIC_STD 1381692181 LB UNISIM \
      PH unisim/VCOMPONENTS 1381692182
AR work/InstructionControl_MUSER_MainControlUnit/BEHAVIORAL 1544660025 \
      FL C:/Users/John/Documents/PHYS301_FinalProject/MainControlUnit.vhf \
      EN work/InstructionControl_MUSER_MainControlUnit 1544660024 \
      CP Signals_MUSER_MainControlUnit \
      CP ClockSignalController_MUSER_MainControlUnit
EN work/ControlUnit_MUSER_MainControlUnit 1544660026 \
      FL C:/Users/John/Documents/PHYS301_FinalProject/MainControlUnit.vhf \
      PB ieee/std_logic_1164 1381692176 PB ieee/NUMERIC_STD 1381692181 LB UNISIM \
      PH unisim/VCOMPONENTS 1381692182
AR work/ControlUnit_MUSER_MainControlUnit/BEHAVIORAL 1544660027 \
      FL C:/Users/John/Documents/PHYS301_FinalProject/MainControlUnit.vhf \
      EN work/ControlUnit_MUSER_MainControlUnit 1544660026 CP PULLUP \
      CP InstructionControl_MUSER_MainControlUnit
EN work/FD8RE_MXILINX_MainControlUnit 1544660028 \
      FL C:/Users/John/Documents/PHYS301_FinalProject/MainControlUnit.vhf \
      PB ieee/std_logic_1164 1381692176 PB ieee/NUMERIC_STD 1381692181 LB UNISIM \
      PH unisim/VCOMPONENTS 1381692182
AR work/FD8RE_MXILINX_MainControlUnit/BEHAVIORAL 1544660029 \
      FL C:/Users/John/Documents/PHYS301_FinalProject/MainControlUnit.vhf \
      EN work/FD8RE_MXILINX_MainControlUnit 1544660028 CP FDRE
EN work/WorkingRegisters_MUSER_MainControlUnit 1544660030 \
      FL C:/Users/John/Documents/PHYS301_FinalProject/MainControlUnit.vhf \
      PB ieee/std_logic_1164 1381692176 PB ieee/NUMERIC_STD 1381692181 LB UNISIM \
      PH unisim/VCOMPONENTS 1381692182
AR work/WorkingRegisters_MUSER_MainControlUnit/BEHAVIORAL 1544660031 \
      FL C:/Users/John/Documents/PHYS301_FinalProject/MainControlUnit.vhf \
      EN work/WorkingRegisters_MUSER_MainControlUnit 1544660030 \
      CP FD8RE_MXILINX_MainControlUnit CP PULLUP
EN work/RegisterBank_MUSER_MainControlUnit 1544660032 \
      FL C:/Users/John/Documents/PHYS301_FinalProject/MainControlUnit.vhf \
      PB ieee/std_logic_1164 1381692176 PB ieee/NUMERIC_STD 1381692181 LB UNISIM \
      PH unisim/VCOMPONENTS 1381692182
AR work/RegisterBank_MUSER_MainControlUnit/BEHAVIORAL 1544660033 \
      FL C:/Users/John/Documents/PHYS301_FinalProject/MainControlUnit.vhf \
      EN work/RegisterBank_MUSER_MainControlUnit 1544660032 \
      CP FD8RE_MXILINX_MainControlUnit CP PULLUP \
      CP WorkingRegisters_MUSER_MainControlUnit
EN work/MainControlUnit 1544660034 \
      FL C:/Users/John/Documents/PHYS301_FinalProject/MainControlUnit.vhf \
      PB ieee/std_logic_1164 1381692176 PB ieee/NUMERIC_STD 1381692181 LB UNISIM \
      PH unisim/VCOMPONENTS 1381692182
AR work/MainControlUnit/BEHAVIORAL 1544660035 \
      FL C:/Users/John/Documents/PHYS301_FinalProject/MainControlUnit.vhf \
      EN work/MainControlUnit 1544660034 CP RegisterBank_MUSER_MainControlUnit \
      CP ControlUnit_MUSER_MainControlUnit CP OR3
FL C:/Users/John/Documents/PHYS301_FinalProject/memory.vhf 2018/12/12.16:12:04 P.20131013
EN work/memory 1544660036 \
      FL C:/Users/John/Documents/PHYS301_FinalProject/memory.vhf \
      PB ieee/std_logic_1164 1381692176 PB ieee/NUMERIC_STD 1381692181 LB UNISIM \
      PH unisim/VCOMPONENTS 1381692182
AR work/memory/BEHAVIORAL 1544660037 \
      FL C:/Users/John/Documents/PHYS301_FinalProject/memory.vhf EN work/memory 1544660036 \
      CP sRAM32x8_generic CP PULLDOWN CP AND3B1 CP INV
FL C:/Users/John/Documents/PHYS301_FinalProject/oneshot.vhd 2018/12/11.15:02:10 P.20131013
EN work/oneshot 1544659952 \
      FL C:/Users/John/Documents/PHYS301_FinalProject/oneshot.vhd \
      PB ieee/std_logic_1164 1381692176 PB ieee/NUMERIC_STD 1381692181 \
      PB ieee/std_logic_arith 1381692177
AR work/oneshot/Behavioral 1544659953 \
      FL C:/Users/John/Documents/PHYS301_FinalProject/oneshot.vhd EN work/oneshot 1544659952
FL C:/Users/John/Documents/PHYS301_FinalProject/Prog_Counter.vhf 2018/12/12.16:12:04 P.20131013
EN work/FJKC_MXILINX_Prog_Counter 1544660038 \
      FL C:/Users/John/Documents/PHYS301_FinalProject/Prog_Counter.vhf \
      PB ieee/std_logic_1164 1381692176 PB ieee/NUMERIC_STD 1381692181 LB UNISIM \
      PH unisim/VCOMPONENTS 1381692182
AR work/FJKC_MXILINX_Prog_Counter/BEHAVIORAL 1544660039 \
      FL C:/Users/John/Documents/PHYS301_FinalProject/Prog_Counter.vhf \
      EN work/FJKC_MXILINX_Prog_Counter 1544660038 CP FDC CP AND3B2 CP AND3B1 CP OR3 \
      CP AND2B1
EN work/DivClock_MUSER_Prog_Counter 1544660040 \
      FL C:/Users/John/Documents/PHYS301_FinalProject/Prog_Counter.vhf \
      PB ieee/std_logic_1164 1381692176 PB ieee/NUMERIC_STD 1381692181 LB UNISIM \
      PH unisim/VCOMPONENTS 1381692182
AR work/DivClock_MUSER_Prog_Counter/BEHAVIORAL 1544660041 \
      FL C:/Users/John/Documents/PHYS301_FinalProject/Prog_Counter.vhf \
      EN work/DivClock_MUSER_Prog_Counter 1544660040 CP FJKC_MXILINX_Prog_Counter \
      CP PULLUP CP BUF
EN work/M2_1_MXILINX_Prog_Counter 1544660042 \
      FL C:/Users/John/Documents/PHYS301_FinalProject/Prog_Counter.vhf \
      PB ieee/std_logic_1164 1381692176 PB ieee/NUMERIC_STD 1381692181 LB UNISIM \
      PH unisim/VCOMPONENTS 1381692182
AR work/M2_1_MXILINX_Prog_Counter/BEHAVIORAL 1544660043 \
      FL C:/Users/John/Documents/PHYS301_FinalProject/Prog_Counter.vhf \
      EN work/M2_1_MXILINX_Prog_Counter 1544660042 CP AND2B1 CP OR2 CP AND2
EN work/M2_1B1_MXILINX_Prog_Counter 1544660044 \
      FL C:/Users/John/Documents/PHYS301_FinalProject/Prog_Counter.vhf \
      PB ieee/std_logic_1164 1381692176 PB ieee/NUMERIC_STD 1381692181 LB UNISIM \
      PH unisim/VCOMPONENTS 1381692182
AR work/M2_1B1_MXILINX_Prog_Counter/BEHAVIORAL 1544660045 \
      FL C:/Users/John/Documents/PHYS301_FinalProject/Prog_Counter.vhf \
      EN work/M2_1B1_MXILINX_Prog_Counter 1544660044 CP AND2B2 CP OR2 CP AND2
EN work/FTCLEX_MXILINX_Prog_Counter 1544660046 \
      FL C:/Users/John/Documents/PHYS301_FinalProject/Prog_Counter.vhf \
      PB ieee/std_logic_1164 1381692176 PB ieee/NUMERIC_STD 1381692181 LB UNISIM \
      PH unisim/VCOMPONENTS 1381692182
AR work/FTCLEX_MXILINX_Prog_Counter/BEHAVIORAL 1544660047 \
      FL C:/Users/John/Documents/PHYS301_FinalProject/Prog_Counter.vhf \
      EN work/FTCLEX_MXILINX_Prog_Counter 1544660046 CP M2_1_MXILINX_Prog_Counter \
      CP XOR2 CP FDCE
EN work/CB8CLED_MXILINX_Prog_Counter 1544660048 \
      FL C:/Users/John/Documents/PHYS301_FinalProject/Prog_Counter.vhf \
      PB ieee/std_logic_1164 1381692176 PB ieee/NUMERIC_STD 1381692181 LB UNISIM \
      PH unisim/VCOMPONENTS 1381692182
AR work/CB8CLED_MXILINX_Prog_Counter/BEHAVIORAL 1544660049 \
      FL C:/Users/John/Documents/PHYS301_FinalProject/Prog_Counter.vhf \
      EN work/CB8CLED_MXILINX_Prog_Counter 1544660048 \
      CP FTCLEX_MXILINX_Prog_Counter CP M2_1_MXILINX_Prog_Counter \
      CP M2_1B1_MXILINX_Prog_Counter CP AND5 CP AND4 CP AND4B3 CP AND2B2 CP VCC \
      CP AND2B1 CP AND3 CP AND3B2 CP AND3B3 CP AND4B4 CP AND2 CP AND5B4 CP OR2
EN work/Prog_Counter 1544660050 \
      FL C:/Users/John/Documents/PHYS301_FinalProject/Prog_Counter.vhf \
      PB ieee/std_logic_1164 1381692176 PB ieee/NUMERIC_STD 1381692181 LB UNISIM \
      PH unisim/VCOMPONENTS 1381692182
AR work/Prog_Counter/BEHAVIORAL 1544660051 \
      FL C:/Users/John/Documents/PHYS301_FinalProject/Prog_Counter.vhf \
      EN work/Prog_Counter 1544660050 CP CB8CLED_MXILINX_Prog_Counter CP PULLUP \
      CP INV CP DCM_100M CP PULLDOWN CP BUF CP M2_1_MXILINX_Prog_Counter CP AND3B1 \
      CP OR2 CP AND2B1 CP DivClock_MUSER_Prog_Counter
FL C:/Users/John/Documents/PHYS301_FinalProject/RegisterBank.vhf 2018/12/12.16:11:49 P.20131013
EN work/FD8RE_MXILINX_RegisterBank 1544660066 \
      FL C:/Users/John/Documents/PHYS301_FinalProject/RegisterBank.vhf \
      PB ieee/std_logic_1164 1381692176 PB ieee/NUMERIC_STD 1381692181 LB UNISIM \
      PH unisim/VCOMPONENTS 1381692182
AR work/FD8RE_MXILINX_RegisterBank/BEHAVIORAL 1544660067 \
      FL C:/Users/John/Documents/PHYS301_FinalProject/RegisterBank.vhf \
      EN work/FD8RE_MXILINX_RegisterBank 1544660066 CP FDRE
EN work/WorkingRegisters_MUSER_RegisterBank 1544660068 \
      FL C:/Users/John/Documents/PHYS301_FinalProject/RegisterBank.vhf \
      PB ieee/std_logic_1164 1381692176 PB ieee/NUMERIC_STD 1381692181 LB UNISIM \
      PH unisim/VCOMPONENTS 1381692182
AR work/WorkingRegisters_MUSER_RegisterBank/BEHAVIORAL 1544660069 \
      FL C:/Users/John/Documents/PHYS301_FinalProject/RegisterBank.vhf \
      EN work/WorkingRegisters_MUSER_RegisterBank 1544660068 \
      CP FD8RE_MXILINX_RegisterBank CP PULLUP
EN work/RegisterBank 1544660070 \
      FL C:/Users/John/Documents/PHYS301_FinalProject/RegisterBank.vhf \
      PB ieee/std_logic_1164 1381692176 PB ieee/NUMERIC_STD 1381692181 LB UNISIM \
      PH unisim/VCOMPONENTS 1381692182
AR work/RegisterBank/BEHAVIORAL 1544660071 \
      FL C:/Users/John/Documents/PHYS301_FinalProject/RegisterBank.vhf \
      EN work/RegisterBank 1544660070 CP FD8RE_MXILINX_RegisterBank CP PULLUP \
      CP WorkingRegisters_MUSER_RegisterBank
FL C:/Users/John/Documents/PHYS301_FinalProject/shiftreg_hex2D.vhd 2018/12/11.15:02:09 P.20131013
EN work/shiftreg_hex2D 1544659956 \
      FL C:/Users/John/Documents/PHYS301_FinalProject/shiftreg_hex2D.vhd \
      PB ieee/std_logic_1164 1381692176
AR work/shiftreg_hex2D/Behavioral 1544659957 \
      FL C:/Users/John/Documents/PHYS301_FinalProject/shiftreg_hex2D.vhd \
      EN work/shiftreg_hex2D 1544659956
FL C:/Users/John/Documents/PHYS301_FinalProject/Signals.vhf 2018/12/12.16:11:55 P.20131013
EN work/AND8_MXILINX_Signals 1544660090 \
      FL C:/Users/John/Documents/PHYS301_FinalProject/Signals.vhf \
      PB ieee/std_logic_1164 1381692176 PB ieee/NUMERIC_STD 1381692181 LB UNISIM \
      PH unisim/VCOMPONENTS 1381692182
AR work/AND8_MXILINX_Signals/BEHAVIORAL 1544660091 \
      FL C:/Users/John/Documents/PHYS301_FinalProject/Signals.vhf \
      EN work/AND8_MXILINX_Signals 1544660090 CP FMAP CP AND4 CP AND2
EN work/Signals 1544660092 \
      FL C:/Users/John/Documents/PHYS301_FinalProject/Signals.vhf \
      PB ieee/std_logic_1164 1381692176 PB ieee/NUMERIC_STD 1381692181 LB UNISIM \
      PH unisim/VCOMPONENTS 1381692182
AR work/Signals/BEHAVIORAL 1544660093 \
      FL C:/Users/John/Documents/PHYS301_FinalProject/Signals.vhf EN work/Signals 1544660092 \
      CP INV CP AND8_MXILINX_Signals
FL C:/Users/John/Documents/PHYS301_FinalProject/sRAM32x8_generic.vhd 2018/12/11.12:13:56 P.20131013
EN work/sRAM32x8_generic 1544659944 \
      FL C:/Users/John/Documents/PHYS301_FinalProject/sRAM32x8_generic.vhd \
      PB ieee/std_logic_1164 1381692176 PB ieee/NUMERIC_STD 1381692181 \
      PB ieee/STD_LOGIC_UNSIGNED 1381692179 LB UNISIM PH unisim/VCOMPONENTS 1381692182
AR work/sRAM32x8_generic/Behavioral 1544659945 \
      FL C:/Users/John/Documents/PHYS301_FinalProject/sRAM32x8_generic.vhd \
      EN work/sRAM32x8_generic 1544659944
FL C:/Users/John/Documents/PHYS301_FinalProject/twos_comp.vhf 2018/12/12.16:12:00 P.20131013
EN work/ADD8_MXILINX_twos_comp 1544660072 \
      FL C:/Users/John/Documents/PHYS301_FinalProject/twos_comp.vhf \
      PB ieee/std_logic_1164 1381692176 PB ieee/NUMERIC_STD 1381692181 LB UNISIM \
      PH unisim/VCOMPONENTS 1381692182
AR work/ADD8_MXILINX_twos_comp/BEHAVIORAL 1544660073 \
      FL C:/Users/John/Documents/PHYS301_FinalProject/twos_comp.vhf \
      EN work/ADD8_MXILINX_twos_comp 1544660072 CP FMAP CP MUXCY_L CP MUXCY CP XORCY \
      CP MUXCY_D CP XOR2
EN work/twos_comp 1544660074 \
      FL C:/Users/John/Documents/PHYS301_FinalProject/twos_comp.vhf \
      PB ieee/std_logic_1164 1381692176 PB ieee/NUMERIC_STD 1381692181 LB UNISIM \
      PH unisim/VCOMPONENTS 1381692182
AR work/twos_comp/BEHAVIORAL 1544660075 \
      FL C:/Users/John/Documents/PHYS301_FinalProject/twos_comp.vhf \
      EN work/twos_comp 1544660074 CP XOR2 CP ADD8_MXILINX_twos_comp CP BUF
FL C:/Users/John/Documents/PHYS301_FinalProject/WorkingRegisters.vhf 2018/12/12.16:11:50 P.20131013
EN work/FD8RE_MXILINX_WorkingRegisters 1544660084 \
      FL C:/Users/John/Documents/PHYS301_FinalProject/WorkingRegisters.vhf \
      PB ieee/std_logic_1164 1381692176 PB ieee/NUMERIC_STD 1381692181 LB UNISIM \
      PH unisim/VCOMPONENTS 1381692182
AR work/FD8RE_MXILINX_WorkingRegisters/BEHAVIORAL 1544660085 \
      FL C:/Users/John/Documents/PHYS301_FinalProject/WorkingRegisters.vhf \
      EN work/FD8RE_MXILINX_WorkingRegisters 1544660084 CP FDRE
EN work/WorkingRegisters 1544660086 \
      FL C:/Users/John/Documents/PHYS301_FinalProject/WorkingRegisters.vhf \
      PB ieee/std_logic_1164 1381692176 PB ieee/NUMERIC_STD 1381692181 LB UNISIM \
      PH unisim/VCOMPONENTS 1381692182
AR work/WorkingRegisters/BEHAVIORAL 1544660087 \
      FL C:/Users/John/Documents/PHYS301_FinalProject/WorkingRegisters.vhf \
      EN work/WorkingRegisters 1544660086 CP FD8RE_MXILINX_WorkingRegisters \
      CP PULLUP
